05-16 16:42:23.199 W/PowerManager(  569): accept Wake require,start process. the mTag is:AlarmManager, the mFlags is:1
05-16 16:42:23.199 W/PowerManager(  569): accept Wake release,start process. the mTag is:AlarmManager, the mFlags is:1
05-16 16:42:23.199 D/PowerManagerService(  569): [Acquire] AlarmManager pid=569 uid=1000
05-16 16:42:23.199 D/PowerManagerService(  569): [Release] AlarmManager pid=569 uid=1000
05-16 16:42:23.279 D/StatusBar.MSimNetworkController(  678): 1:mMSimDataConnected is true mMSimDataActivity is 0
05-16 16:42:23.449 W/PowerManager(  569): accept Wake require,start process. the mTag is:AlarmManager, the mFlags is:1
05-16 16:42:23.449 D/PowerManagerService(  569): [Acquire] AlarmManager pid=569 uid=1000
05-16 16:42:23.479 D/AlarmReceiver( 2277): receiver QQGAMEMI_ALARM_INTENT
05-16 16:42:23.479 D/QMiService( 2315): onStartCommand startId=66
05-16 16:42:23.479 D/QMiService( 2315): alarm
05-16 16:42:23.479 D/QMiService( 2315): configuration changed
05-16 16:42:23.479 D/QMiWindowManager( 2315): updateLayoutConfiguration floatParams:0,0
05-16 16:42:23.489 W/PowerManager(  569): accept Wake release,start process. the mTag is:AlarmManager, the mFlags is:1
05-16 16:42:23.489 D/PowerManagerService(  569): [Release] AlarmManager pid=569 uid=1000
05-16 16:42:23.869 D/NtpTrustedTime(  569): forceRefresh() from cache miss
05-16 16:42:23.869 W/PowerManager(  569): accept Wake require,start process. the mTag is:AlarmManager, the mFlags is:1
05-16 16:42:23.869 D/PowerManagerService(  569): [Acquire] AlarmManager pid=569 uid=1000
05-16 16:42:23.889 W/PowerManager(  569): accept Wake release,start process. the mTag is:AlarmManager, the mFlags is:1
05-16 16:42:23.899 D/PowerManagerService(  569): [Release] AlarmManager pid=569 uid=1000
05-16 16:42:24.289 D/StatusBar.MSimNetworkController(  678): 1:mMSimDataConnected is true mMSimDataActivity is 2
05-16 16:42:25.229 I/SmsProvider(  778): query url = content://sms/inbox
05-16 16:42:25.309 D/StatusBar.MSimNetworkController(  678): 1:mMSimDataConnected is true mMSimDataActivity is 0
05-16 16:42:25.889 D/SntpClient(  569): request time failed: java.net.SocketTimeoutException
05-16 16:42:25.899 W/ThrottleService(  569): unable to find stats for iface rmnet0
05-16 16:42:26.199 W/PowerManager(  569): accept Wake require,start process. the mTag is:AlarmManager, the mFlags is:1
05-16 16:42:26.199 W/PowerManager(  569): accept Wake release,start process. the mTag is:AlarmManager, the mFlags is:1
05-16 16:42:26.199 D/PowerManagerService(  569): [Acquire] AlarmManager pid=569 uid=1000
05-16 16:42:26.199 D/PowerManagerService(  569): [Release] AlarmManager pid=569 uid=1000
05-16 16:42:29.209 W/PowerManager(  569): accept Wake require,start process. the mTag is:AlarmManager, the mFlags is:1
05-16 16:42:29.209 W/PowerManager(  569): accept Wake release,start process. the mTag is:AlarmManager, the mFlags is:1
05-16 16:42:29.209 D/PowerManagerService(  569): [Acquire] AlarmManager pid=569 uid=1000
05-16 16:42:29.209 D/PowerManagerService(  569): [Release] AlarmManager pid=569 uid=1000
05-16 16:42:29.569 D/dalvikvm( 1339): GC_CONCURRENT freed 474K, 20% free 9272K/11527K, paused 28ms+2ms, total 84ms
05-16 16:42:30.249 I/SmsProvider(  778): query url = content://sms/inbox
05-16 16:42:32.209 W/PowerManager(  569): accept Wake require,start process. the mTag is:AlarmManager, the mFlags is:1
05-16 16:42:32.209 D/PowerManagerService(  569): [Acquire] AlarmManager pid=569 uid=1000
05-16 16:42:32.219 W/PowerManager(  569): accept Wake release,start process. the mTag is:AlarmManager, the mFlags is:1
05-16 16:42:32.219 D/PowerManagerService(  569): [Release] AlarmManager pid=569 uid=1000
05-16 16:42:33.449 W/PowerManager(  569): accept Wake require,start process. the mTag is:AlarmManager, the mFlags is:1
05-16 16:42:33.449 D/PowerManagerService(  569): [Acquire] AlarmManager pid=569 uid=1000
05-16 16:42:33.489 D/AlarmReceiver( 2277): receiver QQGAMEMI_ALARM_INTENT
05-16 16:42:33.489 D/QMiService( 2315): onStartCommand startId=67
05-16 16:42:33.489 D/QMiService( 2315): alarm
05-16 16:42:33.489 D/QMiService( 2315): configuration changed
05-16 16:42:33.489 D/QMiWindowManager( 2315): updateLayoutConfiguration floatParams:0,0
05-16 16:42:33.489 W/PowerManager(  569): accept Wake release,start process. the mTag is:AlarmManager, the mFlags is:1
05-16 16:42:33.499 D/PowerManagerService(  569): [Release] AlarmManager pid=569 uid=1000
05-16 16:42:33.889 D/dalvikvm( 1339): GC_CONCURRENT freed 395K, 20% free 9263K/11527K, paused 15ms+2ms, total 41ms
05-16 16:42:35.219 W/PowerManager(  569): accept Wake require,start process. the mTag is:AlarmManager, the mFlags is:1
05-16 16:42:35.219 W/PowerManager(  569): accept Wake release,start process. the mTag is:AlarmManager, the mFlags is:1
05-16 16:42:35.219 D/PowerManagerService(  569): [Acquire] AlarmManager pid=569 uid=1000
05-16 16:42:35.219 D/PowerManagerService(  569): [Release] AlarmManager pid=569 uid=1000
05-16 16:42:35.259 I/SmsProvider(  778): query url = content://sms/inbox
05-16 16:42:38.219 W/PowerManager(  569): accept Wake require,start process. the mTag is:AlarmManager, the mFlags is:1
05-16 16:42:38.219 W/PowerManager(  569): accept Wake release,start process. the mTag is:AlarmManager, the mFlags is:1
05-16 16:42:38.219 D/PowerManagerService(  569): [Acquire] AlarmManager pid=569 uid=1000
05-16 16:42:38.219 D/PowerManagerService(  569): [Release] AlarmManager pid=569 uid=1000
05-16 16:42:39.929 D/dalvikvm( 1339): GC_CONCURRENT freed 473K, 20% free 9285K/11527K, paused 23ms+3ms, total 69ms
05-16 16:42:40.269 I/SmsProvider(  778): query url = content://sms/inbox
05-16 16:42:41.219 W/PowerManager(  569): accept Wake require,start process. the mTag is:AlarmManager, the mFlags is:1
05-16 16:42:41.219 D/PowerManagerService(  569): [Acquire] AlarmManager pid=569 uid=1000
05-16 16:42:41.229 W/PowerManager(  569): accept Wake release,start process. the mTag is:AlarmManager, the mFlags is:1
05-16 16:42:41.229 D/PowerManagerService(  569): [Release] AlarmManager pid=569 uid=1000
05-16 16:42:43.449 W/PowerManager(  569): accept Wake require,start process. the mTag is:AlarmManager, the mFlags is:1
05-16 16:42:43.449 D/PowerManagerService(  569): [Acquire] AlarmManager pid=569 uid=1000
05-16 16:42:43.479 D/AlarmReceiver( 2277): receiver QQGAMEMI_ALARM_INTENT
05-16 16:42:43.479 D/QMiService( 2315): onStartCommand startId=68
05-16 16:42:43.479 D/QMiService( 2315): alarm
05-16 16:42:43.479 D/QMiService( 2315): configuration changed
05-16 16:42:43.489 D/QMiWindowManager( 2315): updateLayoutConfiguration floatParams:0,0
05-16 16:42:43.489 W/PowerManager(  569): accept Wake release,start process. the mTag is:AlarmManager, the mFlags is:1
05-16 16:42:43.489 D/PowerManagerService(  569): [Release] AlarmManager pid=569 uid=1000
05-16 16:42:44.229 W/PowerManager(  569): accept Wake require,start process. the mTag is:AlarmManager, the mFlags is:1
05-16 16:42:44.229 D/PowerManagerService(  569): [Acquire] AlarmManager pid=569 uid=1000
05-16 16:42:44.239 W/PowerManager(  569): accept Wake release,start process. the mTag is:AlarmManager, the mFlags is:1
05-16 16:42:44.239 D/PowerManagerService(  569): [Release] AlarmManager pid=569 uid=1000
05-16 16:42:45.279 I/SmsProvider(  778): query url = content://sms/inbox
05-16 16:42:45.639 D/dalvikvm( 1339): GC_CONCURRENT freed 456K, 20% free 9273K/11527K, paused 29ms+2ms, total 82ms
05-16 16:42:47.229 W/PowerManager(  569): accept Wake require,start process. the mTag is:AlarmManager, the mFlags is:1
05-16 16:42:47.229 D/PowerManagerService(  569): [Acquire] AlarmManager pid=569 uid=1000
05-16 16:42:47.239 W/PowerManager(  569): accept Wake release,start process. the mTag is:AlarmManager, the mFlags is:1
05-16 16:42:47.239 D/PowerManagerService(  569): [Release] AlarmManager pid=569 uid=1000
05-16 16:42:49.419 D/StatusBar.MSimNetworkController(  678): 1:mMSimDataConnected is true mMSimDataActivity is 3
05-16 16:42:50.239 W/PowerManager(  569): accept Wake require,start process. the mTag is:AlarmManager, the mFlags is:1
05-16 16:42:50.239 D/PowerManagerService(  569): [Acquire] AlarmManager pid=569 uid=1000
05-16 16:42:50.249 W/PowerManager(  569): accept Wake release,start process. the mTag is:AlarmManager, the mFlags is:1
05-16 16:42:50.249 D/PowerManagerService(  569): [Release] AlarmManager pid=569 uid=1000
05-16 16:42:50.309 I/SmsProvider(  778): query url = content://sms/inbox
05-16 16:42:50.329 D/dalvikvm( 1339): GC_CONCURRENT freed 421K, 20% free 9277K/11527K, paused 15ms+3ms, total 67ms
05-16 16:42:51.439 D/StatusBar.MSimNetworkController(  678): 1:mMSimDataConnected is true mMSimDataActivity is 0
05-16 16:42:53.239 W/PowerManager(  569): accept Wake require,start process. the mTag is:AlarmManager, the mFlags is:1
05-16 16:42:53.239 D/PowerManagerService(  569): [Acquire] AlarmManager pid=569 uid=1000
05-16 16:42:53.249 W/PowerManager(  569): accept Wake release,start process. the mTag is:AlarmManager, the mFlags is:1
05-16 16:42:53.249 D/PowerManagerService(  569): [Release] AlarmManager pid=569 uid=1000
05-16 16:42:53.449 W/PowerManager(  569): accept Wake require,start process. the mTag is:AlarmManager, the mFlags is:1
05-16 16:42:53.449 D/PowerManagerService(  569): [Acquire] AlarmManager pid=569 uid=1000
05-16 16:42:53.479 D/AlarmReceiver( 2277): receiver QQGAMEMI_ALARM_INTENT
05-16 16:42:53.479 D/QMiService( 2315): onStartCommand startId=69
05-16 16:42:53.479 D/QMiService( 2315): alarm
05-16 16:42:53.479 D/QMiService( 2315): configuration changed
05-16 16:42:53.479 D/QMiWindowManager( 2315): updateLayoutConfiguration floatParams:0,0
05-16 16:42:53.489 W/PowerManager(  569): accept Wake release,start process. the mTag is:AlarmManager, the mFlags is:1
05-16 16:42:53.489 D/PowerManagerService(  569): [Release] AlarmManager pid=569 uid=1000
05-16 16:42:55.299 I/SmsProvider(  778): query url = content://sms/inbox
05-16 16:42:56.249 W/PowerManager(  569): accept Wake require,start process. the mTag is:AlarmManager, the mFlags is:1
05-16 16:42:56.249 W/PowerManager(  569): accept Wake release,start process. the mTag is:AlarmManager, the mFlags is:1
05-16 16:42:56.249 D/PowerManagerService(  569): [Acquire] AlarmManager pid=569 uid=1000
05-16 16:42:56.249 D/PowerManagerService(  569): [Release] AlarmManager pid=569 uid=1000
05-16 16:42:57.949 D/dalvikvm( 1339): GC_CONCURRENT freed 444K, 20% free 9273K/11527K, paused 31ms+2ms, total 82ms
05-16 16:42:59.249 W/PowerManager(  569): accept Wake require,start process. the mTag is:AlarmManager, the mFlags is:1
05-16 16:42:59.249 W/PowerManager(  569): accept Wake release,start process. the mTag is:AlarmManager, the mFlags is:1
05-16 16:42:59.249 D/PowerManagerService(  569): [Acquire] AlarmManager pid=569 uid=1000
05-16 16:42:59.259 D/PowerManagerService(  569): [Release] AlarmManager pid=569 uid=1000
05-16 16:43:00.009 W/PowerManager(  569): accept Wake require,start process. the mTag is:AlarmManager, the mFlags is:1
05-16 16:43:00.009 D/PowerManagerService(  569): [Acquire] AlarmManager pid=569 uid=1000
05-16 16:43:00.059 W/PowerManager(  569): accept Wake release,start process. the mTag is:AlarmManager, the mFlags is:1
05-16 16:43:00.059 D/PowerManagerService(  569): [Release] AlarmManager pid=569 uid=1000
05-16 16:43:00.329 I/SmsProvider(  778): query url = content://sms/inbox
05-16 16:43:01.929 D/dalvikvm( 1339): GC_CONCURRENT freed 422K, 20% free 9277K/11527K, paused 31ms+2ms, total 79ms
05-16 16:43:02.259 W/PowerManager(  569): accept Wake require,start process. the mTag is:AlarmManager, the mFlags is:1
05-16 16:43:02.259 W/PowerManager(  569): accept Wake release,start process. the mTag is:AlarmManager, the mFlags is:1
05-16 16:43:02.259 D/PowerManagerService(  569): [Acquire] AlarmManager pid=569 uid=1000
05-16 16:43:02.259 D/PowerManagerService(  569): [Release] AlarmManager pid=569 uid=1000
05-16 16:43:03.439 W/PowerManager(  569): accept Wake require,start process. the mTag is:AlarmManager, the mFlags is:1
05-16 16:43:03.439 D/PowerManagerService(  569): [Acquire] AlarmManager pid=569 uid=1000
05-16 16:43:03.469 D/AlarmReceiver( 2277): receiver QQGAMEMI_ALARM_INTENT
05-16 16:43:03.469 D/QMiService( 2315): onStartCommand startId=70
05-16 16:43:03.469 D/QMiService( 2315): alarm
05-16 16:43:03.469 D/QMiService( 2315): configuration changed
05-16 16:43:03.469 D/QMiWindowManager( 2315): updateLayoutConfiguration floatParams:0,0
05-16 16:43:03.479 W/PowerManager(  569): accept Wake release,start process. the mTag is:AlarmManager, the mFlags is:1
05-16 16:43:03.479 D/PowerManagerService(  569): [Release] AlarmManager pid=569 uid=1000
05-16 16:43:05.269 W/PowerManager(  569): accept Wake require,start process. the mTag is:AlarmManager, the mFlags is:1
05-16 16:43:05.269 W/PowerManager(  569): accept Wake release,start process. the mTag is:AlarmManager, the mFlags is:1
05-16 16:43:05.269 D/PowerManagerService(  569): [Acquire] AlarmManager pid=569 uid=1000
05-16 16:43:05.269 D/PowerManagerService(  569): [Release] AlarmManager pid=569 uid=1000
05-16 16:43:05.329 I/SmsProvider(  778): query url = content://sms/inbox
05-16 16:43:06.939 D/dalvikvm(  569): GC_CONCURRENT freed 1861K, 24% free 21195K/27719K, paused 4ms+9ms, total 110ms
05-16 16:43:07.039 E/ThermalDaemon( 1190): CPU[1] offline
05-16 16:43:07.179 W/PowerManager(  569): accept Wake require,start process. the mTag is:AlarmManager, the mFlags is:1
05-16 16:43:07.179 D/PowerManagerService(  569): [Acquire] AlarmManager pid=569 uid=1000
05-16 16:43:07.199 W/PowerManager(  569): accept Wake release,start process. the mTag is:AlarmManager, the mFlags is:1
05-16 16:43:07.199 D/PowerManagerService(  569): [Release] AlarmManager pid=569 uid=1000
05-16 16:43:08.259 W/PowerManager(  569): accept Wake require,start process. the mTag is:AlarmManager, the mFlags is:1
05-16 16:43:08.259 D/PowerManagerService(  569): [Acquire] AlarmManager pid=569 uid=1000
05-16 16:43:08.269 W/PowerManager(  569): accept Wake release,start process. the mTag is:AlarmManager, the mFlags is:1
05-16 16:43:08.269 D/PowerManagerService(  569): [Release] AlarmManager pid=569 uid=1000
05-16 16:43:09.909 D/dalvikvm( 1339): GC_CONCURRENT freed 443K, 20% free 9275K/11527K, paused 34ms+2ms, total 77ms
05-16 16:43:10.339 I/SmsProvider(  778): query url = content://sms/inbox
05-16 16:43:10.399 D/dalvikvm( 1339): WAIT_FOR_CONCURRENT_GC blocked 0ms
05-16 16:43:10.449 D/dalvikvm( 1339): GC_EXPLICIT freed 284K, 20% free 9271K/11527K, paused 14ms+3ms, total 53ms
05-16 16:43:11.269 W/PowerManager(  569): accept Wake require,start process. the mTag is:AlarmManager, the mFlags is:1
05-16 16:43:11.269 W/PowerManager(  569): accept Wake release,start process. the mTag is:AlarmManager, the mFlags is:1
05-16 16:43:11.269 D/PowerManagerService(  569): [Acquire] AlarmManager pid=569 uid=1000
05-16 16:43:11.269 D/PowerManagerService(  569): [Release] AlarmManager pid=569 uid=1000
05-16 16:43:13.449 W/PowerManager(  569): accept Wake require,start process. the mTag is:AlarmManager, the mFlags is:1
05-16 16:43:13.449 D/PowerManagerService(  569): [Acquire] AlarmManager pid=569 uid=1000
05-16 16:43:13.459 D/AlarmReceiver( 2277): receiver QQGAMEMI_ALARM_INTENT
05-16 16:43:13.459 D/QMiService( 2315): onStartCommand startId=71
05-16 16:43:13.459 D/QMiService( 2315): alarm
05-16 16:43:13.459 D/QMiService( 2315): configuration changed
05-16 16:43:13.459 D/QMiWindowManager( 2315): updateLayoutConfiguration floatParams:0,0
05-16 16:43:13.459 W/PowerManager(  569): accept Wake release,start process. the mTag is:AlarmManager, the mFlags is:1
05-16 16:43:13.469 D/PowerManagerService(  569): [Release] AlarmManager pid=569 uid=1000
05-16 16:43:14.259 W/PowerManager(  569): accept Wake require,start process. the mTag is:AlarmManager, the mFlags is:1
05-16 16:43:14.259 D/PowerManagerService(  569): [Acquire] AlarmManager pid=569 uid=1000
05-16 16:43:14.269 W/PowerManager(  569): accept Wake release,start process. the mTag is:AlarmManager, the mFlags is:1
05-16 16:43:14.269 D/PowerManagerService(  569): [Release] AlarmManager pid=569 uid=1000
05-16 16:43:15.099 E/ThermalDaemon( 1190): CPU[1] offline
05-16 16:43:15.399 I/SmsProvider(  778): query url = content://sms/inbox
05-16 16:43:15.559 D/StatusBar.MSimNetworkController(  678): 1:mMSimDataConnected is true mMSimDataActivity is 3
05-16 16:43:17.269 W/PowerManager(  569): accept Wake require,start process. the mTag is:AlarmManager, the mFlags is:1
05-16 16:43:17.269 D/PowerManagerService(  569): [Acquire] AlarmManager pid=569 uid=1000
05-16 16:43:17.279 W/PowerManager(  569): accept Wake release,start process. the mTag is:AlarmManager, the mFlags is:1
05-16 16:43:17.279 D/PowerManagerService(  569): [Release] AlarmManager pid=569 uid=1000
05-16 16:43:17.569 D/StatusBar.MSimNetworkController(  678): 1:mMSimDataConnected is true mMSimDataActivity is 0
05-16 16:43:19.119 D/dalvikvm( 1339): GC_CONCURRENT freed 433K, 20% free 9278K/11527K, paused 28ms+4ms, total 84ms
05-16 16:43:19.589 D/StatusBar.MSimNetworkController(  678): 1:mMSimDataConnected is true mMSimDataActivity is 3
05-16 16:43:20.279 W/PowerManager(  569): accept Wake require,start process. the mTag is:AlarmManager, the mFlags is:1
05-16 16:43:20.279 W/PowerManager(  569): accept Wake release,start process. the mTag is:AlarmManager, the mFlags is:1
05-16 16:43:20.279 D/PowerManagerService(  569): [Acquire] AlarmManager pid=569 uid=1000
05-16 16:43:20.279 D/PowerManagerService(  569): [Release] AlarmManager pid=569 uid=1000
05-16 16:43:20.419 I/SmsProvider(  778): query url = content://sms/inbox
05-16 16:43:20.429 D/dalvikvm(  569): WAIT_FOR_CONCURRENT_GC blocked 0ms
05-16 16:43:20.539 D/dalvikvm(  569): GC_EXPLICIT freed 264K, 24% free 21086K/27719K, paused 4ms+7ms, total 112ms
05-16 16:43:20.609 D/StatusBar.MSimNetworkController(  678): 1:mMSimDataConnected is true mMSimDataActivity is 0
05-16 16:43:20.799 E/ThermalDaemon( 1190): CPU[1] offline
05-16 16:43:22.669 D/dalvikvm( 1339): GC_CONCURRENT freed 422K, 20% free 9280K/11527K, paused 31ms+3ms, total 71ms
05-16 16:43:23.289 W/PowerManager(  569): accept Wake require,start process. the mTag is:AlarmManager, the mFlags is:1
05-16 16:43:23.289 D/PowerManagerService(  569): [Acquire] AlarmManager pid=569 uid=1000
05-16 16:43:23.289 W/PowerManager(  569): accept Wake release,start process. the mTag is:AlarmManager, the mFlags is:1
05-16 16:43:23.299 D/PowerManagerService(  569): [Release] AlarmManager pid=569 uid=1000
05-16 16:43:23.449 W/PowerManager(  569): accept Wake require,start process. the mTag is:AlarmManager, the mFlags is:1
05-16 16:43:23.449 D/PowerManagerService(  569): [Acquire] AlarmManager pid=569 uid=1000
05-16 16:43:23.479 D/AlarmReceiver( 2277): receiver QQGAMEMI_ALARM_INTENT
05-16 16:43:23.479 D/QMiService( 2315): onStartCommand startId=72
05-16 16:43:23.479 D/QMiService( 2315): alarm
05-16 16:43:23.479 D/QMiService( 2315): configuration changed
05-16 16:43:23.479 D/QMiWindowManager( 2315): updateLayoutConfiguration floatParams:0,0
05-16 16:43:23.489 W/PowerManager(  569): accept Wake release,start process. the mTag is:AlarmManager, the mFlags is:1
05-16 16:43:23.489 D/PowerManagerService(  569): [Release] AlarmManager pid=569 uid=1000
05-16 16:43:25.449 I/SmsProvider(  778): query url = content://sms/inbox
05-16 16:43:26.289 W/PowerManager(  569): accept Wake require,start process. the mTag is:AlarmManager, the mFlags is:1
05-16 16:43:26.289 W/PowerManager(  569): accept Wake release,start process. the mTag is:AlarmManager, the mFlags is:1
05-16 16:43:26.289 D/PowerManagerService(  569): [Acquire] AlarmManager pid=569 uid=1000
05-16 16:43:26.289 D/PowerManagerService(  569): [Release] AlarmManager pid=569 uid=1000
05-16 16:43:29.289 W/PowerManager(  569): accept Wake require,start process. the mTag is:AlarmManager, the mFlags is:1
05-16 16:43:29.289 W/PowerManager(  569): accept Wake release,start process. the mTag is:AlarmManager, the mFlags is:1
05-16 16:43:29.289 D/PowerManagerService(  569): [Acquire] AlarmManager pid=569 uid=1000
05-16 16:43:29.299 D/PowerManagerService(  569): [Release] AlarmManager pid=569 uid=1000
05-16 16:43:30.219 D/dalvikvm( 1339): GC_CONCURRENT freed 442K, 20% free 9279K/11527K, paused 33ms+3ms, total 80ms
05-16 16:43:30.479 I/SmsProvider(  778): query url = content://sms/inbox
05-16 16:43:32.289 W/PowerManager(  569): accept Wake require,start process. the mTag is:AlarmManager, the mFlags is:1
05-16 16:43:32.289 D/PowerManagerService(  569): [Acquire] AlarmManager pid=569 uid=1000
05-16 16:43:32.299 W/PowerManager(  569): accept Wake release,start process. the mTag is:AlarmManager, the mFlags is:1
05-16 16:43:32.309 D/PowerManagerService(  569): [Release] AlarmManager pid=569 uid=1000
05-16 16:43:32.659 D/StatusBar.MSimNetworkController(  678): 1:mMSimDataConnected is true mMSimDataActivity is 3
05-16 16:43:33.439 W/PowerManager(  569): accept Wake require,start process. the mTag is:AlarmManager, the mFlags is:1
05-16 16:43:33.439 D/PowerManagerService(  569): [Acquire] AlarmManager pid=569 uid=1000
05-16 16:43:33.479 D/AlarmReceiver( 2277): receiver QQGAMEMI_ALARM_INTENT
05-16 16:43:33.479 D/QMiService( 2315): onStartCommand startId=73
05-16 16:43:33.479 D/QMiService( 2315): alarm
05-16 16:43:33.479 D/QMiService( 2315): configuration changed
05-16 16:43:33.479 D/QMiWindowManager( 2315): updateLayoutConfiguration floatParams:0,0
05-16 16:43:33.489 W/PowerManager(  569): accept Wake release,start process. the mTag is:AlarmManager, the mFlags is:1
05-16 16:43:33.489 D/PowerManagerService(  569): [Release] AlarmManager pid=569 uid=1000
05-16 16:43:33.679 D/StatusBar.MSimNetworkController(  678): 1:mMSimDataConnected is true mMSimDataActivity is 1
05-16 16:43:34.709 D/StatusBar.MSimNetworkController(  678): 1:mMSimDataConnected is true mMSimDataActivity is 0
05-16 16:43:34.759 D/dalvikvm( 1339): GC_CONCURRENT freed 420K, 20% free 9282K/11527K, paused 17ms+2ms, total 50ms
05-16 16:43:35.119 V/WindowManager(  569): updateRotationUnchecked(false, false)
05-16 16:43:35.119 V/WindowManager(  569): Application requested orientation 1, got rotation 0 which has compatible metrics
05-16 16:43:35.119 D/SWIPE   (  569): setAppScreenRect 480 800
05-16 16:43:35.329 W/PowerManager(  569): accept Wake require,start process. the mTag is:AlarmManager, the mFlags is:1
05-16 16:43:35.329 W/PowerManager(  569): accept Wake release,start process. the mTag is:AlarmManager, the mFlags is:1
05-16 16:43:35.329 D/PowerManagerService(  569): [Acquire] AlarmManager pid=569 uid=1000
05-16 16:43:35.329 D/PowerManagerService(  569): [Release] AlarmManager pid=569 uid=1000
05-16 16:43:35.509 I/SmsProvider(  778): query url = content://sms/inbox
05-16 16:43:35.519 D/dalvikvm(  778): WAIT_FOR_CONCURRENT_GC blocked 0ms
05-16 16:43:35.569 D/dalvikvm(  778): GC_EXPLICIT freed 336K, 9% free 9365K/10183K, paused 11ms+4ms, total 53ms
05-16 16:43:36.309 V/WindowManager(  569): updateRotationUnchecked(false, false)
05-16 16:43:36.309 V/WindowManager(  569): Application requested orientation 1, got rotation 0 which has compatible metrics
05-16 16:43:36.309 D/SWIPE   (  569): setAppScreenRect 480 800
05-16 16:43:36.979 D/PowerManagerService(  569): lightSensor change backlight. lcdValue = 35
05-16 16:43:38.319 W/PowerManager(  569): accept Wake require,start process. the mTag is:AlarmManager, the mFlags is:1
05-16 16:43:38.319 W/PowerManager(  569): accept Wake release,start process. the mTag is:AlarmManager, the mFlags is:1
05-16 16:43:38.319 D/PowerManagerService(  569): [Acquire] AlarmManager pid=569 uid=1000
05-16 16:43:38.329 D/PowerManagerService(  569): [Release] AlarmManager pid=569 uid=1000
05-16 16:43:40.429 D/dalvikvm( 1339): GC_CONCURRENT freed 507K, 20% free 9286K/11527K, paused 27ms+3ms, total 53ms
05-16 16:43:40.429 D/dalvikvm( 1339): WAIT_FOR_CONCURRENT_GC blocked 20ms
05-16 16:43:40.429 D/dalvikvm( 1339): WAIT_FOR_CONCURRENT_GC blocked 22ms
05-16 16:43:40.529 I/SmsProvider(  778): query url = content://sms/inbox
05-16 16:43:40.639 E/ThermalDaemon( 1190): CPU[1] offline
05-16 16:43:41.319 W/PowerManager(  569): accept Wake require,start process. the mTag is:AlarmManager, the mFlags is:1
05-16 16:43:41.319 D/PowerManagerService(  569): [Acquire] AlarmManager pid=569 uid=1000
05-16 16:43:41.329 W/PowerManager(  569): accept Wake release,start process. the mTag is:AlarmManager, the mFlags is:1
05-16 16:43:41.329 D/PowerManagerService(  569): [Release] AlarmManager pid=569 uid=1000
05-16 16:43:43.449 W/PowerManager(  569): accept Wake require,start process. the mTag is:AlarmManager, the mFlags is:1
05-16 16:43:43.449 D/PowerManagerService(  569): [Acquire] AlarmManager pid=569 uid=1000
05-16 16:43:43.489 D/AlarmReceiver( 2277): receiver QQGAMEMI_ALARM_INTENT
05-16 16:43:43.489 D/QMiService( 2315): onStartCommand startId=74
05-16 16:43:43.489 D/QMiService( 2315): alarm
05-16 16:43:43.489 D/QMiService( 2315): configuration changed
05-16 16:43:43.489 D/QMiWindowManager( 2315): updateLayoutConfiguration floatParams:0,0
05-16 16:43:43.489 W/PowerManager(  569): accept Wake release,start process. the mTag is:AlarmManager, the mFlags is:1
05-16 16:43:43.489 D/PowerManagerService(  569): [Release] AlarmManager pid=569 uid=1000
05-16 16:43:44.329 W/PowerManager(  569): accept Wake require,start process. the mTag is:AlarmManager, the mFlags is:1
05-16 16:43:44.329 W/PowerManager(  569): accept Wake release,start process. the mTag is:AlarmManager, the mFlags is:1
05-16 16:43:44.329 D/PowerManagerService(  569): [Acquire] AlarmManager pid=569 uid=1000
05-16 16:43:44.329 D/PowerManagerService(  569): [Release] AlarmManager pid=569 uid=1000
05-16 16:43:45.559 I/SmsProvider(  778): query url = content://sms/inbox
05-16 16:43:45.739 E/SWIPE   (  569): clear()
05-16 16:43:45.739 D/SWIPE   (  569): Check swipe down for x/y: 32.0 / 587.0
05-16 16:43:45.929 D/dalvikvm( 3918): GC_CONCURRENT freed 667K, 13% free 11174K/12807K, paused 19ms+4ms, total 89ms
05-16 16:43:45.929 D/dalvikvm( 3918): WAIT_FOR_CONCURRENT_GC blocked 18ms
05-16 16:43:45.939 D/dalvikvm( 1339): GC_CONCURRENT freed 435K, 20% free 9281K/11527K, paused 32ms+3ms, total 104ms
05-16 16:43:45.979 D/SWIPE   (  569): touch up event 24.0 462.0
05-16 16:43:45.979 D/SWIPE   (  569): send replay touch down event
05-16 16:43:46.339 E/SWIPE   (  569): clear()
05-16 16:43:46.339 D/SWIPE   (  569): Check swipe down for x/y: 70.0 / 541.0
05-16 16:43:46.549 D/SWIPE   (  569): touch up event 33.0 434.0
05-16 16:43:46.549 D/SWIPE   (  569): send replay touch down event
05-16 16:43:46.999 E/ThermalDaemon( 1190): CPU[1] offline
05-16 16:43:47.109 E/SWIPE   (  569): clear()
05-16 16:43:47.109 D/SWIPE   (  569): Check swipe down for x/y: 77.0 / 621.0
05-16 16:43:47.329 W/PowerManager(  569): accept Wake require,start process. the mTag is:AlarmManager, the mFlags is:1
05-16 16:43:47.329 W/PowerManager(  569): accept Wake release,start process. the mTag is:AlarmManager, the mFlags is:1
05-16 16:43:47.329 D/PowerManagerService(  569): [Acquire] AlarmManager pid=569 uid=1000
05-16 16:43:47.329 D/PowerManagerService(  569): [Release] AlarmManager pid=569 uid=1000
05-16 16:43:47.409 D/SWIPE   (  569): touch up event 57.0 465.0
05-16 16:43:47.409 D/SWIPE   (  569): send replay touch down event
05-16 16:43:47.759 D/StatusBar.MSimNetworkController(  678): 1:mMSimDataConnected is true mMSimDataActivity is 2
05-16 16:43:48.299 E/ThermalDaemon( 1190): CPU[1] offline
05-16 16:43:48.789 D/StatusBar.MSimNetworkController(  678): 1:mMSimDataConnected is true mMSimDataActivity is 3
05-16 16:43:50.339 W/PowerManager(  569): accept Wake require,start process. the mTag is:AlarmManager, the mFlags is:1
05-16 16:43:50.339 W/PowerManager(  569): accept Wake release,start process. the mTag is:AlarmManager, the mFlags is:1
05-16 16:43:50.339 D/PowerManagerService(  569): [Acquire] AlarmManager pid=569 uid=1000
05-16 16:43:50.339 D/PowerManagerService(  569): [Release] AlarmManager pid=569 uid=1000
05-16 16:43:50.509 V/WindowManager(  569): updateRotationUnchecked(false, false)
05-16 16:43:50.509 V/WindowManager(  569): Application requested orientation 1, got rotation 0 which has compatible metrics
05-16 16:43:50.509 D/SWIPE   (  569): setAppScreenRect 480 800
05-16 16:43:50.569 I/SmsProvider(  778): query url = content://sms/inbox
05-16 16:43:50.589 D/dalvikvm( 1339): GC_CONCURRENT freed 420K, 20% free 9285K/11527K, paused 23ms+3ms, total 72ms
05-16 16:43:50.909 E/ThermalDaemon( 1190): CPU[1] offline
05-16 16:43:52.269 E/SWIPE   (  569): clear()
05-16 16:43:52.269 D/SWIPE   (  569): Check swipe down for x/y: 145.0 / 563.0
05-16 16:43:52.419 D/SWIPE   (  569): touch up event 109.0 468.0
05-16 16:43:52.419 D/SWIPE   (  569): send replay touch down event
05-16 16:43:53.129 E/ThermalDaemon( 1190): CPU[1] offline
05-16 16:43:53.339 W/PowerManager(  569): accept Wake require,start process. the mTag is:AlarmManager, the mFlags is:1
05-16 16:43:53.339 W/PowerManager(  569): accept Wake release,start process. the mTag is:AlarmManager, the mFlags is:1
05-16 16:43:53.339 D/PowerManagerService(  569): [Acquire] AlarmManager pid=569 uid=1000
05-16 16:43:53.339 D/PowerManagerService(  569): [Release] AlarmManager pid=569 uid=1000
05-16 16:43:53.439 W/PowerManager(  569): accept Wake require,start process. the mTag is:AlarmManager, the mFlags is:1
05-16 16:43:53.449 D/PowerManagerService(  569): [Acquire] AlarmManager pid=569 uid=1000
05-16 16:43:53.469 D/AlarmReceiver( 2277): receiver QQGAMEMI_ALARM_INTENT
05-16 16:43:53.469 D/QMiService( 2315): onStartCommand startId=75
05-16 16:43:53.469 D/QMiService( 2315): alarm
05-16 16:43:53.469 D/QMiService( 2315): configuration changed
05-16 16:43:53.469 D/QMiWindowManager( 2315): updateLayoutConfiguration floatParams:0,0
05-16 16:43:53.479 W/PowerManager(  569): accept Wake release,start process. the mTag is:AlarmManager, the mFlags is:1
05-16 16:43:53.479 D/PowerManagerService(  569): [Release] AlarmManager pid=569 uid=1000
05-16 16:43:53.679 E/ThermalDaemon( 1190): CPU[1] offline
05-16 16:43:53.979 E/SWIPE   (  569): clear()
05-16 16:43:53.979 D/SWIPE   (  569): Check swipe down for x/y: 200.0 / 652.0
05-16 16:43:54.129 W/IdleConnectionHandler( 3918): Removing a connection that never existed!
05-16 16:43:54.129 W/IdleConnectionHandler( 3918): Removing a connection that never existed!
05-16 16:43:54.289 D/SWIPE   (  569): touch up event 198.0 599.0
05-16 16:43:54.289 D/SWIPE   (  569): send replay touch down event
05-16 16:43:54.679 E/ThermalDaemon( 1190): CPU[1] offline
05-16 16:43:54.709 E/SWIPE   (  569): clear()
05-16 16:43:54.709 D/SWIPE   (  569): Check swipe down for x/y: 182.0 / 666.0
05-16 16:43:54.979 D/SWIPE   (  569): touch up event 185.0 590.0
05-16 16:43:54.979 D/SWIPE   (  569): send replay touch down event
05-16 16:43:55.379 E/ThermalDaemon( 1190): CPU[1] offline
05-16 16:43:55.579 I/SmsProvider(  778): query url = content://sms/inbox
05-16 16:43:55.929 E/ThermalDaemon( 1190): CPU[1] offline
05-16 16:43:56.339 W/PowerManager(  569): accept Wake require,start process. the mTag is:AlarmManager, the mFlags is:1
05-16 16:43:56.339 D/PowerManagerService(  569): [Acquire] AlarmManager pid=569 uid=1000
05-16 16:43:56.349 W/PowerManager(  569): accept Wake release,start process. the mTag is:AlarmManager, the mFlags is:1
05-16 16:43:56.349 D/PowerManagerService(  569): [Release] AlarmManager pid=569 uid=1000
05-16 16:43:58.289 E/SWIPE   (  569): clear()
05-16 16:43:58.289 D/SWIPE   (  569): Check swipe down for x/y: 156.0 / 670.0
05-16 16:43:58.609 D/SWIPE   (  569): touch up event 159.0 583.0
05-16 16:43:58.609 D/SWIPE   (  569): send replay touch down event
05-16 16:43:58.879 E/SWIPE   (  569): clear()
05-16 16:43:58.879 D/SWIPE   (  569): Check swipe down for x/y: 174.0 / 637.0
05-16 16:43:58.999 E/ThermalDaemon( 1190): CPU[1] offline
05-16 16:43:59.189 D/SWIPE   (  569): touch up event 173.0 571.0
05-16 16:43:59.189 D/SWIPE   (  569): send replay touch down event
05-16 16:43:59.349 W/PowerManager(  569): accept Wake require,start process. the mTag is:AlarmManager, the mFlags is:1
05-16 16:43:59.349 W/PowerManager(  569): accept Wake release,start process. the mTag is:AlarmManager, the mFlags is:1
05-16 16:43:59.349 D/PowerManagerService(  569): [Acquire] AlarmManager pid=569 uid=1000
05-16 16:43:59.349 D/PowerManagerService(  569): [Release] AlarmManager pid=569 uid=1000
05-16 16:43:59.609 D/dalvikvm( 1339): GC_CONCURRENT freed 444K, 20% free 9279K/11527K, paused 8ms+5ms, total 93ms
05-16 16:43:59.999 W/PowerManager(  569): accept Wake require,start process. the mTag is:AlarmManager, the mFlags is:1
05-16 16:43:59.999 D/PowerManagerService(  569): [Acquire] AlarmManager pid=569 uid=1000
05-16 16:44:00.039 W/PowerManager(  569): accept Wake release,start process. the mTag is:AlarmManager, the mFlags is:1
05-16 16:44:00.039 D/PowerManagerService(  569): [Release] AlarmManager pid=569 uid=1000
05-16 16:44:00.109 E/SWIPE   (  569): clear()
05-16 16:44:00.109 D/SWIPE   (  569): Check swipe down for x/y: 196.0 / 649.0
05-16 16:44:00.489 D/SWIPE   (  569): touch up event 187.0 582.0
05-16 16:44:00.489 D/SWIPE   (  569): send replay touch down event
05-16 16:44:00.609 I/SmsProvider(  778): query url = content://sms/inbox
05-16 16:44:01.099 D/dalvikvm( 1339): GC_CONCURRENT freed 422K, 20% free 9283K/11527K, paused 3ms+4ms, total 67ms
05-16 16:44:01.349 E/ThermalDaemon( 1190): CPU[1] offline
05-16 16:44:01.579 D/dalvikvm( 2315): GC_CONCURRENT freed 402K, 8% free 9266K/10055K, paused 9ms+3ms, total 62ms
05-16 16:44:01.879 D/StatusBar.MSimNetworkController(  678): 1:mMSimDataConnected is true mMSimDataActivity is 0
05-16 16:44:02.349 W/PowerManager(  569): accept Wake require,start process. the mTag is:AlarmManager, the mFlags is:1
05-16 16:44:02.349 W/PowerManager(  569): accept Wake release,start process. the mTag is:AlarmManager, the mFlags is:1
05-16 16:44:02.349 D/PowerManagerService(  569): [Acquire] AlarmManager pid=569 uid=1000
05-16 16:44:02.349 D/PowerManagerService(  569): [Release] AlarmManager pid=569 uid=1000
05-16 16:44:03.339 E/SWIPE   (  569): clear()
05-16 16:44:03.339 D/SWIPE   (  569): Check swipe down for x/y: 171.0 / 624.0
05-16 16:44:03.439 W/PowerManager(  569): accept Wake require,start process. the mTag is:AlarmManager, the mFlags is:1
05-16 16:44:03.449 D/PowerManagerService(  569): [Acquire] AlarmManager pid=569 uid=1000
05-16 16:44:03.469 D/AlarmReceiver( 2277): receiver QQGAMEMI_ALARM_INTENT
05-16 16:44:03.499 D/QMiService( 2315): onStartCommand startId=76
05-16 16:44:03.499 D/QMiService( 2315): alarm
05-16 16:44:03.499 D/QMiService( 2315): configuration changed
05-16 16:44:03.499 D/QMiWindowManager( 2315): updateLayoutConfiguration floatParams:0,0
05-16 16:44:03.519 W/PowerManager(  569): accept Wake release,start process. the mTag is:AlarmManager, the mFlags is:1
05-16 16:44:03.519 D/PowerManagerService(  569): [Release] AlarmManager pid=569 uid=1000
05-16 16:44:03.609 D/SWIPE   (  569): touch up event 160.0 565.0
05-16 16:44:03.609 D/SWIPE   (  569): send replay touch down event
05-16 16:44:03.949 E/ThermalDaemon( 1190): CPU[1] offline
05-16 16:44:05.349 W/PowerManager(  569): accept Wake require,start process. the mTag is:AlarmManager, the mFlags is:1
05-16 16:44:05.359 W/PowerManager(  569): accept Wake release,start process. the mTag is:AlarmManager, the mFlags is:1
05-16 16:44:05.359 D/PowerManagerService(  569): [Acquire] AlarmManager pid=569 uid=1000
05-16 16:44:05.359 D/PowerManagerService(  569): [Release] AlarmManager pid=569 uid=1000
05-16 16:44:05.639 I/SmsProvider(  778): query url = content://sms/inbox
05-16 16:44:07.029 E/SWIPE   (  569): clear()
05-16 16:44:07.029 D/SWIPE   (  569): Check swipe down for x/y: 172.0 / 629.0
05-16 16:44:07.199 W/PowerManager(  569): accept Wake require,start process. the mTag is:AlarmManager, the mFlags is:1
05-16 16:44:07.209 W/PowerManager(  569): accept Wake release,start process. the mTag is:AlarmManager, the mFlags is:1
05-16 16:44:07.209 D/PowerManagerService(  569): [Acquire] AlarmManager pid=569 uid=1000
05-16 16:44:07.209 D/PowerManagerService(  569): [Release] AlarmManager pid=569 uid=1000
05-16 16:44:07.319 D/SWIPE   (  569): touch up event 175.0 587.0
05-16 16:44:07.319 D/SWIPE   (  569): send replay touch down event
05-16 16:44:07.599 E/ThermalDaemon( 1190): CPU[1] offline
05-16 16:44:08.359 W/PowerManager(  569): accept Wake require,start process. the mTag is:AlarmManager, the mFlags is:1
05-16 16:44:08.359 W/PowerManager(  569): accept Wake release,start process. the mTag is:AlarmManager, the mFlags is:1
05-16 16:44:08.359 D/PowerManagerService(  569): [Acquire] AlarmManager pid=569 uid=1000
05-16 16:44:08.359 D/PowerManagerService(  569): [Release] AlarmManager pid=569 uid=1000
05-16 16:44:08.779 E/SWIPE   (  569): clear()
05-16 16:44:08.779 D/SWIPE   (  569): Check swipe down for x/y: 170.0 / 637.0
05-16 16:44:09.099 D/SWIPE   (  569): touch up event 175.0 610.0
05-16 16:44:09.099 D/SWIPE   (  569): send replay touch down event
05-16 16:44:09.399 E/ThermalDaemon( 1190): CPU[1] offline
05-16 16:44:09.459 E/SWIPE   (  569): clear()
05-16 16:44:09.469 D/SWIPE   (  569): Check swipe down for x/y: 175.0 / 645.0
05-16 16:44:09.769 D/SWIPE   (  569): touch up event 175.0 611.0
05-16 16:44:09.779 D/SWIPE   (  569): send replay touch down event
05-16 16:44:10.099 E/ThermalDaemon( 1190): CPU[1] offline
05-16 16:44:10.209 E/SWIPE   (  569): clear()
05-16 16:44:10.209 D/SWIPE   (  569): Check swipe down for x/y: 169.0 / 615.0
05-16 16:44:10.439 D/dalvikvm( 1339): GC_CONCURRENT freed 444K, 20% free 9285K/11527K, paused 25ms+4ms, total 90ms
05-16 16:44:10.449 D/SWIPE   (  569): touch up event 164.0 593.0
05-16 16:44:10.449 D/SWIPE   (  569): send replay touch down event
05-16 16:44:10.659 I/SmsProvider(  778): query url = content://sms/inbox
05-16 16:44:10.699 E/SWIPE   (  569): clear()
05-16 16:44:10.699 D/SWIPE   (  569): Check swipe down for x/y: 171.0 / 634.0
05-16 16:44:10.999 D/SWIPE   (  569): touch up event 163.0 592.0
05-16 16:44:10.999 D/SWIPE   (  569): send replay touch down event
05-16 16:44:11.299 E/SWIPE   (  569): clear()
05-16 16:44:11.309 D/SWIPE   (  569): Check swipe down for x/y: 163.0 / 611.0
05-16 16:44:11.349 W/PowerManager(  569): accept Wake require,start process. the mTag is:AlarmManager, the mFlags is:1
05-16 16:44:11.359 W/PowerManager(  569): accept Wake release,start process. the mTag is:AlarmManager, the mFlags is:1
05-16 16:44:11.359 D/PowerManagerService(  569): [Acquire] AlarmManager pid=569 uid=1000
05-16 16:44:11.359 D/PowerManagerService(  569): [Release] AlarmManager pid=569 uid=1000
05-16 16:44:11.599 D/SWIPE   (  569): touch up event 152.0 565.0
05-16 16:44:11.599 D/SWIPE   (  569): send replay touch down event
05-16 16:44:11.899 E/ThermalDaemon( 1190): CPU[1] offline
05-16 16:44:11.919 E/SWIPE   (  569): clear()
05-16 16:44:11.919 D/SWIPE   (  569): Check swipe down for x/y: 160.0 / 609.0
05-16 16:44:11.919 D/StatusBar.MSimNetworkController(  678): 1:mMSimDataConnected is true mMSimDataActivity is 3
05-16 16:44:12.209 D/SWIPE   (  569): touch up event 145.0 557.0
05-16 16:44:12.209 D/SWIPE   (  569): send replay touch down event
05-16 16:44:12.499 E/ThermalDaemon( 1190): CPU[1] offline
05-16 16:44:12.539 E/SWIPE   (  569): clear()
05-16 16:44:12.539 D/SWIPE   (  569): Check swipe down for x/y: 134.0 / 576.0
05-16 16:44:12.819 D/SWIPE   (  569): touch up event 126.0 545.0
05-16 16:44:12.819 D/SWIPE   (  569): send replay touch down event
05-16 16:44:12.949 D/StatusBar.MSimNetworkController(  678): 1:mMSimDataConnected is true mMSimDataActivity is 0
05-16 16:44:13.099 E/SWIPE   (  569): clear()
05-16 16:44:13.099 D/SWIPE   (  569): Check swipe down for x/y: 151.0 / 599.0
05-16 16:44:13.399 D/SWIPE   (  569): touch up event 139.0 552.0
05-16 16:44:13.399 D/SWIPE   (  569): send replay touch down event
05-16 16:44:13.449 W/PowerManager(  569): accept Wake require,start process. the mTag is:AlarmManager, the mFlags is:1
05-16 16:44:13.449 D/PowerManagerService(  569): [Acquire] AlarmManager pid=569 uid=1000
05-16 16:44:13.469 D/AlarmReceiver( 2277): receiver QQGAMEMI_ALARM_INTENT
05-16 16:44:13.479 D/QMiService( 2315): onStartCommand startId=77
05-16 16:44:13.479 D/QMiService( 2315): alarm
05-16 16:44:13.479 D/QMiService( 2315): configuration changed
05-16 16:44:13.479 D/QMiWindowManager( 2315): updateLayoutConfiguration floatParams:0,0
05-16 16:44:13.479 W/PowerManager(  569): accept Wake release,start process. the mTag is:AlarmManager, the mFlags is:1
05-16 16:44:13.479 D/PowerManagerService(  569): [Release] AlarmManager pid=569 uid=1000
05-16 16:44:13.669 E/SWIPE   (  569): clear()
05-16 16:44:13.669 D/SWIPE   (  569): Check swipe down for x/y: 155.0 / 612.0
05-16 16:44:13.979 D/SWIPE   (  569): touch up event 133.0 544.0
05-16 16:44:13.979 D/SWIPE   (  569): send replay touch down event
05-16 16:44:14.289 E/SWIPE   (  569): clear()
05-16 16:44:14.289 D/SWIPE   (  569): Check swipe down for x/y: 148.0 / 622.0
05-16 16:44:14.359 W/PowerManager(  569): accept Wake require,start process. the mTag is:AlarmManager, the mFlags is:1
05-16 16:44:14.359 W/PowerManager(  569): accept Wake release,start process. the mTag is:AlarmManager, the mFlags is:1
05-16 16:44:14.359 D/PowerManagerService(  569): [Acquire] AlarmManager pid=569 uid=1000
05-16 16:44:14.359 D/PowerManagerService(  569): [Release] AlarmManager pid=569 uid=1000
05-16 16:44:14.559 D/SWIPE   (  569): touch up event 108.0 507.0
05-16 16:44:14.559 D/SWIPE   (  569): send replay touch down event
05-16 16:44:14.949 D/StatusBar.MSimNetworkController(  678): 1:mMSimDataConnected is true mMSimDataActivity is 2
05-16 16:44:15.049 E/ThermalDaemon( 1190): CPU[1] offline
05-16 16:44:15.139 E/SWIPE   (  569): clear()
05-16 16:44:15.139 D/SWIPE   (  569): Check swipe down for x/y: 178.0 / 647.0
05-16 16:44:15.299 D/dalvikvm( 1339): GC_CONCURRENT freed 422K, 20% free 9289K/11527K, paused 32ms+2ms, total 76ms
05-16 16:44:15.359 D/SWIPE   (  569): touch up event 144.0 513.0
05-16 16:44:15.359 D/SWIPE   (  569): send replay touch down event
05-16 16:44:15.689 I/SmsProvider(  778): query url = content://sms/inbox
05-16 16:44:15.929 E/SWIPE   (  569): clear()
05-16 16:44:15.929 D/SWIPE   (  569): Check swipe down for x/y: 148.0 / 645.0
05-16 16:44:15.969 D/StatusBar.MSimNetworkController(  678): 1:mMSimDataConnected is true mMSimDataActivity is 3
05-16 16:44:16.179 D/SWIPE   (  569): touch up event 119.0 525.0
05-16 16:44:16.179 D/SWIPE   (  569): send replay touch down event
05-16 16:44:16.959 D/StatusBar.MSimNetworkController(  678): 1:mMSimDataConnected is true mMSimDataActivity is 0
05-16 16:44:17.149 E/SWIPE   (  569): clear()
05-16 16:44:17.149 D/SWIPE   (  569): Check swipe down for x/y: 157.0 / 670.0
05-16 16:44:17.259 E/ThermalDaemon( 1190): CPU[1] offline
05-16 16:44:17.359 W/PowerManager(  569): accept Wake require,start process. the mTag is:AlarmManager, the mFlags is:1
05-16 16:44:17.359 D/PowerManagerService(  569): [Acquire] AlarmManager pid=569 uid=1000
05-16 16:44:17.369 W/PowerManager(  569): accept Wake release,start process. the mTag is:AlarmManager, the mFlags is:1
05-16 16:44:17.369 D/PowerManagerService(  569): [Release] AlarmManager pid=569 uid=1000
05-16 16:44:17.679 D/SWIPE   (  569): touch up event 167.0 617.0
05-16 16:44:17.679 D/SWIPE   (  569): send replay touch down event
05-16 16:44:17.909 E/ThermalDaemon( 1190): CPU[1] offline
05-16 16:44:20.369 W/PowerManager(  569): accept Wake require,start process. the mTag is:AlarmManager, the mFlags is:1
05-16 16:44:20.379 W/PowerManager(  569): accept Wake release,start process. the mTag is:AlarmManager, the mFlags is:1
05-16 16:44:20.379 D/PowerManagerService(  569): [Acquire] AlarmManager pid=569 uid=1000
05-16 16:44:20.379 D/PowerManagerService(  569): [Release] AlarmManager pid=569 uid=1000
05-16 16:44:20.709 I/SmsProvider(  778): query url = content://sms/inbox
05-16 16:44:21.029 D/dalvikvm( 1339): GC_CONCURRENT freed 506K, 20% free 9294K/11527K, paused 49ms+3ms, total 84ms
05-16 16:44:21.029 D/dalvikvm( 1339): WAIT_FOR_CONCURRENT_GC blocked 16ms
05-16 16:44:21.029 D/dalvikvm( 1339): WAIT_FOR_CONCURRENT_GC blocked 17ms
05-16 16:44:22.229 E/SWIPE   (  569): clear()
05-16 16:44:22.229 D/SWIPE   (  569): Check swipe down for x/y: 175.0 / 668.0
05-16 16:44:22.589 D/SWIPE   (  569): touch up event 164.0 564.0
05-16 16:44:22.589 D/SWIPE   (  569): send replay touch down event
05-16 16:44:22.859 E/ThermalDaemon( 1190): CPU[1] offline
05-16 16:44:22.989 E/SWIPE   (  569): clear()
05-16 16:44:22.989 D/SWIPE   (  569): Check swipe down for x/y: 195.0 / 650.0
05-16 16:44:23.269 D/SWIPE   (  569): touch up event 189.0 579.0
05-16 16:44:23.269 D/SWIPE   (  569): send replay touch down event
05-16 16:44:23.369 W/PowerManager(  569): accept Wake require,start process. the mTag is:AlarmManager, the mFlags is:1
05-16 16:44:23.369 W/PowerManager(  569): accept Wake release,start process. the mTag is:AlarmManager, the mFlags is:1
05-16 16:44:23.369 D/PowerManagerService(  569): [Acquire] AlarmManager pid=569 uid=1000
05-16 16:44:23.369 D/PowerManagerService(  569): [Release] AlarmManager pid=569 uid=1000
05-16 16:44:23.439 W/PowerManager(  569): accept Wake require,start process. the mTag is:AlarmManager, the mFlags is:1
05-16 16:44:23.439 D/PowerManagerService(  569): [Acquire] AlarmManager pid=569 uid=1000
05-16 16:44:23.459 D/AlarmReceiver( 2277): receiver QQGAMEMI_ALARM_INTENT
05-16 16:44:23.459 D/QMiService( 2315): onStartCommand startId=78
05-16 16:44:23.459 D/QMiService( 2315): alarm
05-16 16:44:23.459 D/QMiService( 2315): configuration changed
05-16 16:44:23.459 D/QMiWindowManager( 2315): updateLayoutConfiguration floatParams:0,0
05-16 16:44:23.469 W/PowerManager(  569): accept Wake release,start process. the mTag is:AlarmManager, the mFlags is:1
05-16 16:44:23.469 D/PowerManagerService(  569): [Release] AlarmManager pid=569 uid=1000
05-16 16:44:24.109 E/ThermalDaemon( 1190): CPU[1] offline
05-16 16:44:25.739 I/SmsProvider(  778): query url = content://sms/inbox
05-16 16:44:26.379 W/PowerManager(  569): accept Wake require,start process. the mTag is:AlarmManager, the mFlags is:1
05-16 16:44:26.379 W/PowerManager(  569): accept Wake release,start process. the mTag is:AlarmManager, the mFlags is:1
05-16 16:44:26.379 D/PowerManagerService(  569): [Acquire] AlarmManager pid=569 uid=1000
05-16 16:44:26.379 D/PowerManagerService(  569): [Release] AlarmManager pid=569 uid=1000
05-16 16:44:27.219 D/dalvikvm( 1339): GC_CONCURRENT freed 436K, 20% free 9291K/11527K, paused 33ms+2ms, total 73ms
05-16 16:44:27.859 E/SWIPE   (  569): clear()
05-16 16:44:27.859 D/SWIPE   (  569): Check swipe down for x/y: 153.0 / 624.0
05-16 16:44:28.109 D/SWIPE   (  569): touch up event 104.0 478.0
05-16 16:44:28.109 D/SWIPE   (  569): send replay touch down event
05-16 16:44:28.489 E/SWIPE   (  569): clear()
05-16 16:44:28.489 D/SWIPE   (  569): Check swipe down for x/y: 165.0 / 632.0
05-16 16:44:28.649 D/SWIPE   (  569): touch up event 131.0 495.0
05-16 16:44:28.649 D/SWIPE   (  569): send replay touch down event
05-16 16:44:28.999 E/SWIPE   (  569): clear()
05-16 16:44:28.999 D/SWIPE   (  569): Check swipe down for x/y: 164.0 / 636.0
05-16 16:44:29.149 D/SWIPE   (  569): touch up event 117.0 482.0
05-16 16:44:29.159 D/SWIPE   (  569): send replay touch down event
05-16 16:44:29.379 W/PowerManager(  569): accept Wake require,start process. the mTag is:AlarmManager, the mFlags is:1
05-16 16:44:29.379 W/PowerManager(  569): accept Wake release,start process. the mTag is:AlarmManager, the mFlags is:1
05-16 16:44:29.379 D/PowerManagerService(  569): [Acquire] AlarmManager pid=569 uid=1000
05-16 16:44:29.379 D/PowerManagerService(  569): [Release] AlarmManager pid=569 uid=1000
05-16 16:44:29.589 E/SWIPE   (  569): clear()
05-16 16:44:29.589 D/SWIPE   (  569): Check swipe down for x/y: 137.0 / 504.0
05-16 16:44:29.799 D/SWIPE   (  569): touch up event 148.0 661.0
05-16 16:44:29.799 D/SWIPE   (  569): send replay touch down event
05-16 16:44:29.969 E/SWIPE   (  569): clear()
05-16 16:44:29.969 D/SWIPE   (  569): Check swipe down for x/y: 151.0 / 542.0
05-16 16:44:29.969 D/SWIPE   (  569): Cancel swipe because of small time delta: 171
05-16 16:44:29.969 D/SWIPE   (  569): unpauseRotation mRotationCount - 0
05-16 16:44:30.269 D/SWIPE   (  569): touch up event 171.0 653.0
05-16 16:44:30.269 D/SWIPE   (  569): send replay touch down event
05-16 16:44:30.439 E/SWIPE   (  569): clear()
05-16 16:44:30.439 D/SWIPE   (  569): Check swipe down for x/y: 141.0 / 520.0
05-16 16:44:30.439 D/SWIPE   (  569): Cancel swipe because of small time delta: 171
05-16 16:44:30.439 D/SWIPE   (  569): unpauseRotation mRotationCount - 0
05-16 16:44:30.729 D/SWIPE   (  569): touch up event 158.0 638.0
05-16 16:44:30.729 D/SWIPE   (  569): send replay touch down event
05-16 16:44:30.759 I/SmsProvider(  778): query url = content://sms/inbox
05-16 16:44:31.389 D/dalvikvm( 1339): GC_CONCURRENT freed 400K, 20% free 9310K/11527K, paused 14ms+14ms, total 75ms
05-16 16:44:31.459 E/SWIPE   (  569): clear()
05-16 16:44:31.459 D/SWIPE   (  569): Check swipe down for x/y: 152.0 / 518.0
05-16 16:44:31.699 D/SWIPE   (  569): touch up event 156.0 667.0
05-16 16:44:31.699 D/SWIPE   (  569): send replay touch down event
05-16 16:44:32.269 E/ThermalDaemon( 1190): CPU[1] offline
05-16 16:44:32.379 W/PowerManager(  569): accept Wake require,start process. the mTag is:AlarmManager, the mFlags is:1
