05-16 16:41:12.539 V/WindowManager(  569): Resize reasons:  contentInsetsChanged=true visibleInsetsChanged=true surfaceResized=true configChanged=false
05-16 16:41:12.539 V/WindowManager(  569): Resizing window Window{42b413f0 com.tencent.news/com.tencent.news.ui.PushNewsDetailActivity paused=false} to 480.0x800.0
05-16 16:41:12.549 V/WindowManager(  569): Reporting new frame to Window{42b413f0 com.tencent.news/com.tencent.news.ui.PushNewsDetailActivity paused=false}: Rect(0, 0 - 480, 800)
05-16 16:41:12.549 I/WindowManager(  569): Resizing Window{42b413f0 com.tencent.news/com.tencent.news.ui.PushNewsDetailActivity paused=false} WITH DRAW PENDING
05-16 16:41:12.599 I/Adreno200-EGL( 3918): <qeglDrvAPI_eglInitialize:299>: EGL 1.4 QUALCOMM build:  (CL3050818)
05-16 16:41:12.599 I/Adreno200-EGL( 3918): Build Date: 05/23/13 Thu
05-16 16:41:12.599 I/Adreno200-EGL( 3918): Local Branch: 
05-16 16:41:12.599 I/Adreno200-EGL( 3918): Remote Branch: qrd/jb_rel_rb5_qrd
05-16 16:41:12.599 I/Adreno200-EGL( 3918): Local Patches: 
05-16 16:41:12.599 I/Adreno200-EGL( 3918): Reconstruct Branch: 
05-16 16:41:12.669 D/dalvikvm( 3938): GC_FOR_ALLOC freed 593K, 7% free 12848K/13703K, paused 139ms, total 139ms
05-16 16:41:12.849 V/WindowStateAnimator(  569): finishDrawingLocked: mDrawState=COMMIT_DRAW_PENDING WindowStateAnimator (com.tencent.news/com.tencent.news.ui.PushNewsDetailActivity): mSurface Surface(name=com.tencent.news/com.tencent.news.ui.PushNewsDetailActivity, identity=23), mAnimation null in Surface(name=com.tencent.news/com.tencent.news.ui.PushNewsDetailActivity, identity=23)
05-16 16:41:12.849 D/SWIPE   (  569): setAppScreenRect 480 800
05-16 16:41:12.849 V/WindowManager(  569): Eval win Window{42b413f0 com.tencent.news/com.tencent.news.ui.PushNewsDetailActivity paused=false}: isDrawn=true, isAnimating=true
05-16 16:41:12.849 V/WindowManager(  569): tokenMayBeDrawn: AppWindowToken{42c4b018 token=Token{42a8c048 ActivityRecord{42a8bf00 com.tencent.news/.ui.PushNewsDetailActivity}}} freezingScreen=false mAppFreezing=false
05-16 16:41:12.859 W/ResourceType(  569): Skipping entry 0x7f040019 in package table 0 because it is not complex!
05-16 16:41:12.859 I/ActivityManager(  569): Displayed com.tencent.news/.ui.PushNewsDetailActivity: +3s1ms (total +2m47s134ms)
05-16 16:41:12.859 W/ResourceType(  569): Skipping entry 0x7f04001a in package table 0 because it is not complex!
05-16 16:41:12.859 I/WindowManager(  569):   SURFACE SHOW (performShowLocked): Window{42b413f0 com.tencent.news/com.tencent.news.ui.PushNewsDetailActivity paused=false}
05-16 16:41:12.859 V/WindowManager(  569): Checking app orientation: AppWindowToken{42c4b018 token=Token{42a8c048 ActivityRecord{42a8bf00 com.tencent.news/.ui.PushNewsDetailActivity}}}
05-16 16:41:12.859 V/WindowManager(  569): Done at AppWindowToken{42c4b018 token=Token{42a8c048 ActivityRecord{42a8bf00 com.tencent.news/.ui.PushNewsDetailActivity}}} -- full screen, return 1
05-16 16:41:12.869 V/WindowManager(  569): Application requested orientation 1, got rotation 0 which has compatible metrics
05-16 16:41:12.869 D/SWIPE   (  569): setAppScreenRect 480 800
05-16 16:41:12.879 D/SWIPE   (  569): setAppScreenRect 480 800
05-16 16:41:12.889 W/IInputConnectionWrapper(  569): showStatusIcon on inactive InputConnection
05-16 16:41:12.899 V/WindowManager(  569): Checking app orientation: AppWindowToken{42c4b018 token=Token{42a8c048 ActivityRecord{42a8bf00 com.tencent.news/.ui.PushNewsDetailActivity}}}
05-16 16:41:12.899 V/WindowManager(  569): Done at AppWindowToken{42c4b018 token=Token{42a8c048 ActivityRecord{42a8bf00 com.tencent.news/.ui.PushNewsDetailActivity}}} -- full screen, return 1
05-16 16:41:12.899 D/SWIPE   (  569): setAppScreenRect 480 800
05-16 16:41:13.149 D/SWIPE   (  569): setAppScreenRect 480 800
05-16 16:41:13.209 D/dalvikvm( 3938): GC_CONCURRENT freed 661K, 6% free 13861K/14727K, paused 23ms+3ms, total 118ms
05-16 16:41:13.209 D/dalvikvm( 3938): WAIT_FOR_CONCURRENT_GC blocked 54ms
05-16 16:41:13.259 W/PowerManager(  569): accept Wake release,start process. the mTag is:ActivityManager-Launch, the mFlags is:1
05-16 16:41:13.259 V/WindowManager(  569): setAppVisibility(Token{42a57f80 ActivityRecord{42353cf0 com.android.stk/.StkMenuActivity}}, visible=false): mNextAppTransition=-1 hidden=true hiddenRequested=true
05-16 16:41:13.269 V/WindowManager(  569): Checking app orientation: AppWindowToken{42c4b018 token=Token{42a8c048 ActivityRecord{42a8bf00 com.tencent.news/.ui.PushNewsDetailActivity}}}
05-16 16:41:13.269 V/WindowManager(  569): Done at AppWindowToken{42c4b018 token=Token{42a8c048 ActivityRecord{42a8bf00 com.tencent.news/.ui.PushNewsDetailActivity}}} -- full screen, return 1
05-16 16:41:13.269 D/SWIPE   (  569): setAppScreenRect 480 800
05-16 16:41:14.279 D/dalvikvm( 3938): GC_CONCURRENT freed 1467K, 11% free 14398K/16071K, paused 14ms+3ms, total 98ms
05-16 16:41:14.279 D/dalvikvm( 3938): WAIT_FOR_CONCURRENT_GC blocked 36ms
05-16 16:41:14.279 D/dalvikvm( 3938): WAIT_FOR_CONCURRENT_GC blocked 35ms
05-16 16:41:14.279 D/dalvikvm( 3938): WAIT_FOR_CONCURRENT_GC blocked 36ms
05-16 16:41:14.469 D/dalvikvm( 2315): GC_CONCURRENT freed 374K, 8% free 9283K/10055K, paused 20ms+4ms, total 96ms
05-16 16:41:14.469 I/ActivityManager(  569): No longer want co.vine.android (pid 3311): hidden #16
05-16 16:41:14.519 W/PowerManager( 1432): accept Wake require,start process. the mTag is:com.tencent.pushServiceWakelock, the mFlags is:1
05-16 16:41:14.549 W/PowerManager( 1432): accept Wake require,start process. the mTag is:com.tencent.networkWakelock, the mFlags is:1
05-16 16:41:14.559 W/PowerManager( 1432): accept Wake release,start process. the mTag is:com.tencent.networkWakelock, the mFlags is:1
05-16 16:41:14.559 W/PowerManager( 1432): accept Wake release,start process. the mTag is:com.tencent.pushServiceWakelock, the mFlags is:1
05-16 16:41:14.569 D/AlarmReceiver( 2277): receiver QQGAMEMI_ALARM_INTENT
05-16 16:41:14.569 D/QMiService( 2315): onStartCommand startId=59
05-16 16:41:14.569 D/QMiService( 2315): alarm
05-16 16:41:14.569 D/QMiService( 2315): configuration changed
05-16 16:41:14.569 D/QMiWindowManager( 2315): updateLayoutConfiguration floatParams:0,0
05-16 16:41:14.569 W/PowerManager(  569): accept Wake release,start process. the mTag is:AlarmManager, the mFlags is:1
05-16 16:41:14.569 D/PowerManagerService(  569): [Release] AlarmManager pid=569 uid=1000
05-16 16:41:14.879 I/SmsProvider(  778): query url = content://sms/inbox
05-16 16:41:15.149 D/dalvikvm( 1339): GC_CONCURRENT freed 437K, 20% free 9265K/11527K, paused 8ms+3ms, total 66ms
05-16 16:41:15.379 E/ThermalDaemon( 1190): CPU[1] offline
05-16 16:41:15.579 W/PowerManager( 1432): accept Wake require,start process. the mTag is:com.tencent.networkWakelock, the mFlags is:1
05-16 16:41:15.579 W/PowerManager( 1432): accept Wake release,start process. the mTag is:com.tencent.networkWakelock, the mFlags is:1
05-16 16:41:15.579 D/PowerManagerService(  569): [Acquire] com.tencent.networkWakelock pid=1432 uid=10001
05-16 16:41:15.579 D/PowerManagerService(  569): [Release] com.tencent.networkWakelock pid=1432 uid=10001
05-16 16:41:16.199 D/dalvikvm( 3918): GC_CONCURRENT freed 397K, 6% free 10116K/10759K, paused 15ms+14ms, total 68ms
05-16 16:41:16.459 D/dalvikvm( 3918): GC_CONCURRENT freed 574K, 8% free 10196K/11015K, paused 13ms+17ms, total 66ms
05-16 16:41:16.609 D/dalvikvm( 3918): GC_CONCURRENT freed 661K, 9% free 10246K/11143K, paused 2ms+13ms, total 41ms
05-16 16:41:16.849 D/dalvikvm( 3918): GC_CONCURRENT freed 704K, 9% free 10228K/11143K, paused 13ms+14ms, total 51ms
05-16 16:41:17.089 W/PowerManager(  569): accept Wake require,start process. the mTag is:AlarmManager, the mFlags is:1
05-16 16:41:17.089 W/PowerManager(  569): accept Wake release,start process. the mTag is:AlarmManager, the mFlags is:1
05-16 16:41:17.089 D/PowerManagerService(  569): [Acquire] AlarmManager pid=569 uid=1000
05-16 16:41:17.089 D/PowerManagerService(  569): [Release] AlarmManager pid=569 uid=1000
05-16 16:41:17.109 D/dalvikvm( 3918): GC_CONCURRENT freed 690K, 9% free 10217K/11207K, paused 22ms+19ms, total 107ms
05-16 16:41:17.169 V/chromium( 3918): external/chromium/net/host_resolver_helper/host_resolver_helper.cc:66: [0516/164117:INFO:host_resolver_helper.cc(66)] DNSPreResolver::Init got hostprovider:0x51676010
05-16 16:41:17.169 V/chromium( 3918): external/chromium/net/base/host_resolver_impl.cc:1510: [0516/164117:INFO:host_resolver_impl.cc(1510)] HostResolverImpl::SetPreresolver preresolver:0x5160bbe8
05-16 16:41:17.169 D/HostStatisticManager( 3918): netstack: DNS Host Prioritization is: ON, Version: 5.0.1
05-16 16:41:17.189 E/Diag_Lib( 3918):  Diag_LSM_Init: Failed to open handle to diag driver, error = 13
05-16 16:41:17.189 D/        ( 3918): external/chromium/net/socket/tcp_fin_aggregation_factory.cc: libtcpfinaggr.so successfully loaded
05-16 16:41:17.189 D/        ( 3918): external/chromium/net/socket/tcp_fin_aggregation_factory.cc,: TCP Fin Aggregation initializing method was found in libtcpfinaggr.so
05-16 16:41:17.189 D/TCPFinAggregation( 3918): netstack: TCPFinAggregation is 1, Version 5.0.1
05-16 16:41:17.189 D/TCPFinAggregation( 3918): system property net.tcp.fin.aggregation.wait was set, value: 20
05-16 16:41:17.189 D/TCPFinAggregation( 3918): system property net.tcp.fin.aggregation.close was set, value: 300
05-16 16:41:17.189 D/TCPFinAggregation( 3918): netstack: CloseUnusedSockets is ON, (TCPFinAggregation), Version 5.0.1
05-16 16:41:17.189 D/TCPFinAggregation( 3918): Failed to get network status! received ret: -2
05-16 16:41:17.189 D/Socket_Pool( 3918): netstack: CloseUnusedSockets is ON
05-16 16:41:17.189 D/Socket_Pool( 3918): netstack: system net.statistics value: 0
05-16 16:41:17.189 D/Socket_Pool( 3918): netstack: CloseUnusedSockets is ON
05-16 16:41:17.189 D/Socket_Pool( 3918): netstack: system net.statistics value: 0
05-16 16:41:17.199 D/        ( 3918): external/chromium/net/http/http_getzip_factory.cc: libgetzip.so successfully loaded
05-16 16:41:17.199 D/        ( 3918): external/chromium/net/http/http_getzip_factory.cc,: GETzip initializing method was found in libgetzip.so
05-16 16:41:17.199 D/        ( 3918): netstack: Getzip is: ON, Version: 5.0.1
05-16 16:41:17.219 D/netstack( 3918): netstack: Request Priority is ON
05-16 16:41:17.299 D/dalvikvm( 3918): GC_FOR_ALLOC freed 76K, 9% free 10279K/11207K, paused 28ms, total 29ms
05-16 16:41:17.299 V/chromium( 3918): external/chromium/net/disk_cache/hostres_plugin_bridge.cc:52: [0516/164117:INFO:hostres_plugin_bridge.cc(52)] StatHubCreateHostResPlugin initializing...
05-16 16:41:17.299 V/chromium( 3918): external/chromium/net/disk_cache/hostres_plugin_bridge.cc:57: [0516/164117:INFO:hostres_plugin_bridge.cc(57)] StatHubCreateHostResPlugin lib loaded
05-16 16:41:17.299 V/chromium( 3918): external/chromium/net/disk_cache/hostres_plugin_bridge.cc:63: [0516/164117:INFO:hostres_plugin_bridge.cc(63)] StatHubCreateHostResPlugin plugin connected
05-16 16:41:17.299 V/chromium( 3918): external/chromium/net/http/http_cache.cc:1168: [0516/164117:INFO:http_cache.cc(1168)] HttpCache::OnBackendCreated HostStat created
05-16 16:41:17.299 E/chromium( 3918): external/chromium/net/disk_cache/stat_hub.cc:216: [0516/164117:ERROR:stat_hub.cc(216)] StatHub::Init - App com.tencent.news isn't supported.
05-16 16:41:17.299 V/chromium( 3918): external/chromium/net/disk_cache/hostres_plugin_bridge.cc:73: [0516/164117:INFO:hostres_plugin_bridge.cc(73)] netstack: Failed to find symbols in plugin: libdnshostprio.so
05-16 16:41:17.299 E/chromium( 3918): external/chromium/net/disk_cache/stat_hub.cc:216: [0516/164117:ERROR:stat_hub.cc(216)] StatHub::Init - App com.tencent.news isn't supported.
05-16 16:41:17.309 D/        ( 3918): netstack: Early Connections is: ON, Version: 5.0.1, Param: 3
05-16 16:41:17.679 D/StatusBar.MSimNetworkController(  678): 1:mMSimDataConnected is true mMSimDataActivity is 2
05-16 16:41:17.709 D/dalvikvm( 3918): GC_FOR_ALLOC freed 177K, 10% free 10201K/11271K, paused 40ms, total 41ms
05-16 16:41:18.229 E/ThermalDaemon( 1190): CPU[1] offline
05-16 16:41:18.689 D/StatusBar.MSimNetworkController(  678): 1:mMSimDataConnected is true mMSimDataActivity is 3
05-16 16:41:19.009 D/dalvikvm( 1339): GC_CONCURRENT freed 426K, 20% free 9257K/11527K, paused 18ms+3ms, total 80ms
05-16 16:41:19.369 D/dalvikvm( 3918): GC_FOR_ALLOC freed 163K, 10% free 10246K/11271K, paused 40ms, total 41ms
05-16 16:41:19.399 D/dalvikvm( 3918): GC_FOR_ALLOC freed 61K, 9% free 10301K/11271K, paused 25ms, total 25ms
05-16 16:41:19.419 D/dalvikvm( 3918): GC_FOR_ALLOC freed 105K, 10% free 10261K/11335K, paused 23ms, total 24ms
05-16 16:41:19.449 D/dalvikvm( 3918): GC_FOR_ALLOC freed 52K, 10% free 10287K/11335K, paused 26ms, total 27ms
05-16 16:41:19.669 D/dalvikvm( 3918): GC_CONCURRENT freed 304K, 7% free 10672K/11463K, paused 13ms+13ms, total 74ms
05-16 16:41:19.889 I/SmsProvider(  778): query url = content://sms/inbox
05-16 16:41:19.899 D/dalvikvm( 3918): GC_CONCURRENT freed 695K, 8% free 10863K/11783K, paused 12ms+14ms, total 76ms
05-16 16:41:19.899 D/dalvikvm( 3918): WAIT_FOR_CONCURRENT_GC blocked 2ms
05-16 16:41:20.089 W/PowerManager(  569): accept Wake release,start process. the mTag is:keyguard, the mFlags is:268435482
05-16 16:41:20.089 W/PowerManager(  569): accept Wake require,start process. the mTag is:AlarmManager, the mFlags is:1
05-16 16:41:20.089 W/PowerManager(  569): accept Wake release,start process. the mTag is:AlarmManager, the mFlags is:1
05-16 16:41:20.089 D/PowerManagerService(  569): [Acquire] AlarmManager pid=569 uid=1000
05-16 16:41:20.089 D/PowerManagerService(  569): [Release] AlarmManager pid=569 uid=1000
05-16 16:41:20.149 D/dalvikvm( 3918): GC_CONCURRENT freed 852K, 9% free 10906K/11975K, paused 15ms+5ms, total 80ms
05-16 16:41:20.249 D/dalvikvm( 3918): GC_FOR_ALLOC freed 826K, 15% free 10293K/11975K, paused 31ms, total 32ms
05-16 16:41:20.289 D/dalvikvm( 3918): GC_CONCURRENT freed 35K, 14% free 11074K/12807K, paused 4ms+3ms, total 33ms
05-16 16:41:20.879 E/ThermalDaemon( 1190): CPU[1] offline
05-16 16:41:21.879 E/ThermalDaemon( 1190): CPU[1] offline
05-16 16:41:22.569 D/dalvikvm( 3918): GC_CONCURRENT freed 1158K, 16% free 10884K/12807K, paused 15ms+14ms, total 72ms
05-16 16:41:23.089 W/PowerManager(  569): accept Wake require,start process. the mTag is:AlarmManager, the mFlags is:1
05-16 16:41:23.089 W/PowerManager(  569): accept Wake release,start process. the mTag is:AlarmManager, the mFlags is:1
05-16 16:41:23.089 D/PowerManagerService(  569): [Acquire] AlarmManager pid=569 uid=1000
05-16 16:41:23.089 D/PowerManagerService(  569): [Release] AlarmManager pid=569 uid=1000
05-16 16:41:23.279 E/ThermalDaemon( 1190): CPU[1] offline
05-16 16:41:23.459 W/PowerManager(  569): accept Wake require,start process. the mTag is:AlarmManager, the mFlags is:1
05-16 16:41:23.459 D/PowerManagerService(  569): [Acquire] AlarmManager pid=569 uid=1000
05-16 16:41:23.479 D/AlarmReceiver( 2277): receiver QQGAMEMI_ALARM_INTENT
05-16 16:41:23.489 D/QMiService( 2315): onStartCommand startId=60
05-16 16:41:23.489 D/QMiService( 2315): alarm
05-16 16:41:23.489 D/QMiService( 2315): configuration changed
05-16 16:41:23.489 D/QMiWindowManager( 2315): updateLayoutConfiguration floatParams:0,0
05-16 16:41:23.489 W/PowerManager(  569): accept Wake release,start process. the mTag is:AlarmManager, the mFlags is:1
05-16 16:41:23.489 D/PowerManagerService(  569): [Release] AlarmManager pid=569 uid=1000
05-16 16:41:24.839 D/wpa_supplicant(  720): WPS: Building WPS IE for Probe Request
05-16 16:41:24.839 D/wpa_supplicant(  720): WPS:  * Version (hardcoded 0x10)
05-16 16:41:24.839 D/wpa_supplicant(  720): WPS:  * Request Type
05-16 16:41:24.839 D/wpa_supplicant(  720): WPS:  * Config Methods (4388)
05-16 16:41:24.839 D/wpa_supplicant(  720): WPS:  * UUID-E
05-16 16:41:24.839 D/wpa_supplicant(  720): WPS:  * Primary Device Type
05-16 16:41:24.839 D/wpa_supplicant(  720): WPS:  * RF Bands (1)
05-16 16:41:24.839 D/wpa_supplicant(  720): WPS:  * Association State
05-16 16:41:24.839 D/wpa_supplicant(  720): WPS:  * Configuration Error (0)
05-16 16:41:24.839 D/wpa_supplicant(  720): WPS:  * Device Password ID (0)
05-16 16:41:24.839 D/wpa_supplicant(  720): WPS:  * Manufacturer
05-16 16:41:24.839 D/wpa_supplicant(  720): WPS:  * Model Name
05-16 16:41:24.839 D/wpa_supplicant(  720): WPS:  * Model Number
05-16 16:41:24.839 D/wpa_supplicant(  720): WPS:  * Device Name
05-16 16:41:24.839 D/wpa_supplicant(  720): WPS:  * Version2 (0x20)
05-16 16:41:24.839 D/wpa_supplicant(  720): P2P: * P2P IE header
05-16 16:41:24.839 D/wpa_supplicant(  720): P2P: * Capability dev=23 group=00
05-16 16:41:24.839 D/wpa_supplicant(  720): P2P: * Listen Channel: Regulatory Class 81 Channel 1
05-16 16:41:24.839 D/wpa_supplicant(  720): Scan requested (ret=0) - scan timeout 30 seconds
05-16 16:41:24.839 D/wpa_supplicant(  720): nl80211: Event message available
05-16 16:41:24.839 D/wpa_supplicant(  720): nl80211: Scan trigger
05-16 16:41:24.929 I/SmsProvider(  778): query url = content://sms/inbox
05-16 16:41:25.709 D/wpa_supplicant(  720): RTM_NEWLINK: operstate=0 ifi_flags=0x1003 ([UP])
05-16 16:41:25.709 D/wpa_supplicant(  720): RTM_NEWLINK, IFLA_IFNAME: Interface 'wlan0' added
05-16 16:41:25.709 D/wpa_supplicant(  720): RTM_NEWLINK: operstate=0 ifi_flags=0x1003 ([UP])
05-16 16:41:25.709 D/wpa_supplicant(  720): RTM_NEWLINK, IFLA_IFNAME: Interface 'wlan0' added
05-16 16:41:25.709 D/wpa_supplicant(  720): nl80211: Event message available
05-16 16:41:25.709 D/wpa_supplicant(  720): nl80211: New scan results available
05-16 16:41:25.709 D/wpa_supplicant(  720): nl80211: Received scan results (4 BSSes)
05-16 16:41:25.709 D/wpa_supplicant(  720): nl80211: Survey data missing
05-16 16:41:25.719 D/wpa_supplicant(  720): WPS: Building WPS IE for Probe Request
05-16 16:41:25.719 D/wpa_supplicant(  720): WPS:  * Version (hardcoded 0x10)
05-16 16:41:25.719 D/wpa_supplicant(  720): WPS:  * Request Type
05-16 16:41:25.719 D/wpa_supplicant(  720): WPS:  * Config Methods (4388)
05-16 16:41:25.719 D/wpa_supplicant(  720): WPS:  * UUID-E
05-16 16:41:25.719 D/wpa_supplicant(  720): WPS:  * Primary Device Type
05-16 16:41:25.719 D/wpa_supplicant(  720): WPS:  * RF Bands (1)
05-16 16:41:25.719 D/wpa_supplicant(  720): WPS:  * Association State
05-16 16:41:25.719 D/wpa_supplicant(  720): WPS:  * Configuration Error (0)
05-16 16:41:25.719 D/wpa_supplicant(  720): WPS:  * Device Password ID (0)
05-16 16:41:25.719 D/wpa_supplicant(  720): WPS:  * Manufacturer
05-16 16:41:25.719 D/wpa_supplicant(  720): WPS:  * Model Name
05-16 16:41:25.719 D/wpa_supplicant(  720): WPS:  * Model Number
05-16 16:41:25.719 D/wpa_supplicant(  720): WPS:  * Device Name
05-16 16:41:25.719 D/wpa_supplicant(  720): WPS:  * Version2 (0x20)
05-16 16:41:25.719 D/wpa_supplicant(  720): P2P: * P2P IE header
05-16 16:41:25.719 D/wpa_supplicant(  720): P2P: * Capability dev=23 group=00
05-16 16:41:25.719 D/wpa_supplicant(  720): P2P: * Listen Channel: Regulatory Class 81 Channel 1
05-16 16:41:25.729 D/wpa_supplicant(  720): nl80211: Sched scan requested (ret=0) - scan interval 10000 msec
05-16 16:41:25.729 D/wpa_supplicant(  720): nl80211: Sched scan started
05-16 16:41:25.739 D/StateMachine(  569): handleMessage: E msg.what=147461
05-16 16:41:25.739 D/StateMachine(  569): processMsg: DisconnectedState
05-16 16:41:25.739 D/WifiStateMachine(  569): DisconnectedState{ what=147461 when=-6ms }
05-16 16:41:25.739 D/StateMachine(  569): processMsg: ConnectModeState
05-16 16:41:25.739 D/WifiStateMachine(  569): ConnectModeState{ what=147461 when=-6ms }
05-16 16:41:25.739 D/wpa_supplicant(  720): wpa_s 0x4052b648 cmd AP_SCAN 1
05-16 16:41:25.749 D/StateMachine(  569): processMsg: DriverStartedState
05-16 16:41:25.749 D/WifiStateMachine(  569): DriverStartedState{ what=147461 when=-23ms }
05-16 16:41:25.749 D/StateMachine(  569): processMsg: SupplicantStartedState
05-16 16:41:25.749 D/WifiStateMachine(  569): SupplicantStartedState{ what=147461 when=-24ms }
05-16 16:41:25.759 D/wpa_supplicant(  720): wpa_s 0x4052b648 cmd SCAN_RESULTS
05-16 16:41:25.759 D/WifiStateMachine(  569): scanResults: bssid / frequency / signal level / flags / ssid
05-16 16:41:25.759 D/WifiStateMachine(  569): 00:16:6d:7a:83:69	2437	-68	[WPA2-PSK-CCMP][ESS]	AP_7260_new
05-16 16:41:25.759 D/WifiStateMachine(  569): fc:92:3b:f8:6c:0d	2412	-88	[WPA-PSK-CCMP][WPA2-PSK-CCMP][WPS][ESS]	Nokia_XL
05-16 16:41:25.759 D/WifiStateMachine(  569): fc:92:3b:f8:67:d5	2412	-88	[WPA-PSK-CCMP][WPA2-PSK-CCMP][WPS][ESS]	Milan
05-16 16:41:25.759 D/WifiStateMachine(  569): fc:92:3b:f8:67:ae	2412	-92	[WPA-PSK-CCMP][WPA2-PSK-CCMP][WPS][ESS]	tyuu
05-16 16:41:25.759 D/BYD_Flex(  678): getValue() name = @NOKIAFLEX@wifi2wlan
05-16 16:41:25.759 V/PhoneStatusBar(  678): processWiFiBroadcast action = android.net.wifi.SCAN_RESULTS
05-16 16:41:25.779 D/StateMachine(  569): handleMessage: X
05-16 16:41:25.799 D/BYD_Flex(  678): getValue() readFlexFromXml = TypedValue{t=0x3/d=0x323 "res/drawable-hdpi/stat_sys_signal_inout_unsub.png" a=2 r=0x7f0201d5}
05-16 16:41:25.829 D/dalvikvm(  678): GC_CONCURRENT freed 448K, 21% free 9370K/11847K, paused 11ms+3ms, total 55ms
05-16 16:41:25.969 E/ThermalDaemon( 1190): CPU[1] offline
05-16 16:41:26.099 W/PowerManager(  569): accept Wake require,start process. the mTag is:AlarmManager, the mFlags is:1
05-16 16:41:26.099 W/PowerManager(  569): accept Wake release,start process. the mTag is:AlarmManager, the mFlags is:1
05-16 16:41:26.099 D/PowerManagerService(  569): [Acquire] AlarmManager pid=569 uid=1000
05-16 16:41:26.099 D/PowerManagerService(  569): [Release] AlarmManager pid=569 uid=1000
05-16 16:41:26.559 D/dalvikvm( 1339): GC_CONCURRENT freed 438K, 20% free 9266K/11527K, paused 17ms+3ms, total 52ms
05-16 16:41:26.769 E/ThermalDaemon( 1190): CPU[1] offline
05-16 16:41:29.099 W/PowerManager(  569): accept Wake require,start process. the mTag is:AlarmManager, the mFlags is:1
05-16 16:41:29.099 W/PowerManager(  569): accept Wake release,start process. the mTag is:AlarmManager, the mFlags is:1
05-16 16:41:29.099 D/PowerManagerService(  569): [Acquire] AlarmManager pid=569 uid=1000
05-16 16:41:29.099 D/PowerManagerService(  569): [Release] AlarmManager pid=569 uid=1000
05-16 16:41:29.569 E/ThermalDaemon( 1190): CPU[1] offline
05-16 16:41:29.939 I/SmsProvider(  778): query url = content://sms/inbox
05-16 16:41:29.969 D/dalvikvm( 2093): GC_CONCURRENT freed 424K, 8% free 8402K/9095K, paused 8ms+2ms, total 81ms
05-16 16:41:30.199 D/dalvikvm( 1339): GC_CONCURRENT freed 426K, 20% free 9265K/11527K, paused 30ms+3ms, total 84ms
05-16 16:41:30.789 D/StatusBar.MSimNetworkController(  678): 1:mMSimDataConnected is true mMSimDataActivity is 0
05-16 16:41:32.109 W/PowerManager(  569): accept Wake require,start process. the mTag is:AlarmManager, the mFlags is:1
05-16 16:41:32.109 W/PowerManager(  569): accept Wake release,start process. the mTag is:AlarmManager, the mFlags is:1
05-16 16:41:32.109 D/PowerManagerService(  569): [Acquire] AlarmManager pid=569 uid=1000
05-16 16:41:32.109 D/PowerManagerService(  569): [Release] AlarmManager pid=569 uid=1000
05-16 16:41:33.449 W/PowerManager(  569): accept Wake require,start process. the mTag is:AlarmManager, the mFlags is:1
05-16 16:41:33.449 D/PowerManagerService(  569): [Acquire] AlarmManager pid=569 uid=1000
05-16 16:41:33.479 D/AlarmReceiver( 2277): receiver QQGAMEMI_ALARM_INTENT
05-16 16:41:33.479 D/QMiService( 2315): onStartCommand startId=61
05-16 16:41:33.479 D/QMiService( 2315): alarm
05-16 16:41:33.479 D/QMiService( 2315): configuration changed
05-16 16:41:33.479 D/QMiWindowManager( 2315): updateLayoutConfiguration floatParams:0,0
05-16 16:41:33.489 W/PowerManager(  569): accept Wake release,start process. the mTag is:AlarmManager, the mFlags is:1
05-16 16:41:33.489 D/PowerManagerService(  569): [Release] AlarmManager pid=569 uid=1000
05-16 16:41:34.969 I/SmsProvider(  778): query url = content://sms/inbox
05-16 16:41:35.119 W/PowerManager(  569): accept Wake require,start process. the mTag is:AlarmManager, the mFlags is:1
05-16 16:41:35.129 W/PowerManager(  569): accept Wake release,start process. the mTag is:AlarmManager, the mFlags is:1
05-16 16:41:35.129 D/PowerManagerService(  569): [Acquire] AlarmManager pid=569 uid=1000
05-16 16:41:35.129 D/PowerManagerService(  569): [Release] AlarmManager pid=569 uid=1000
05-16 16:41:36.889 D/dalvikvm(  778): GC_CONCURRENT freed 338K, 8% free 9385K/10183K, paused 33ms+5ms, total 84ms
05-16 16:41:37.849 D/StatusBar.MSimNetworkController(  678): 1:mMSimDataConnected is true mMSimDataActivity is 3
05-16 16:41:38.129 W/PowerManager(  569): accept Wake require,start process. the mTag is:AlarmManager, the mFlags is:1
05-16 16:41:38.129 W/PowerManager(  569): accept Wake release,start process. the mTag is:AlarmManager, the mFlags is:1
05-16 16:41:38.129 D/PowerManagerService(  569): [Acquire] AlarmManager pid=569 uid=1000
05-16 16:41:38.139 D/PowerManagerService(  569): [Release] AlarmManager pid=569 uid=1000
05-16 16:41:38.489 D/dalvikvm( 1339): GC_CONCURRENT freed 441K, 20% free 9263K/11527K, paused 36ms+2ms, total 90ms
05-16 16:41:38.799 D/BatteryService(  569): level:12 scale:100 status:2 health:2 present:true voltage: 3724 temperature: 350 technology: Li-ion AC powered:false USB powered:true icon:17303055 invalid charger:0
05-16 16:41:38.809 D/WifiService(  569): ACTION_BATTERY_CHANGED pluggedType: 2
05-16 16:41:38.879 D/StatusBar.MSimNetworkController(  678): 1:mMSimDataConnected is true mMSimDataActivity is 2
05-16 16:41:39.889 D/StatusBar.MSimNetworkController(  678): 1:mMSimDataConnected is true mMSimDataActivity is 1
05-16 16:41:39.989 I/SmsProvider(  778): query url = content://sms/inbox
05-16 16:41:40.909 D/StatusBar.MSimNetworkController(  678): 1:mMSimDataConnected is true mMSimDataActivity is 0
05-16 16:41:41.139 W/PowerManager(  569): accept Wake require,start process. the mTag is:AlarmManager, the mFlags is:1
05-16 16:41:41.139 W/PowerManager(  569): accept Wake release,start process. the mTag is:AlarmManager, the mFlags is:1
05-16 16:41:41.139 D/PowerManagerService(  569): [Acquire] AlarmManager pid=569 uid=1000
05-16 16:41:41.139 D/PowerManagerService(  569): [Release] AlarmManager pid=569 uid=1000
05-16 16:41:41.969 D/dalvikvm( 1339): GC_CONCURRENT freed 427K, 20% free 9264K/11527K, paused 45ms+2ms, total 83ms
05-16 16:41:43.459 W/PowerManager(  569): accept Wake require,start process. the mTag is:AlarmManager, the mFlags is:1
05-16 16:41:43.459 D/PowerManagerService(  569): [Acquire] AlarmManager pid=569 uid=1000
05-16 16:41:43.489 D/AlarmReceiver( 2277): receiver QQGAMEMI_ALARM_INTENT
05-16 16:41:43.489 D/QMiService( 2315): onStartCommand startId=62
05-16 16:41:43.489 D/QMiService( 2315): alarm
05-16 16:41:43.489 D/QMiService( 2315): configuration changed
05-16 16:41:43.489 D/QMiWindowManager( 2315): updateLayoutConfiguration floatParams:0,0
05-16 16:41:43.499 W/PowerManager(  569): accept Wake release,start process. the mTag is:AlarmManager, the mFlags is:1
05-16 16:41:43.499 D/PowerManagerService(  569): [Release] AlarmManager pid=569 uid=1000
05-16 16:41:43.959 D/StatusBar.MSimNetworkController(  678): 1:mMSimDataConnected is true mMSimDataActivity is 3
05-16 16:41:44.139 W/PowerManager(  569): accept Wake require,start process. the mTag is:AlarmManager, the mFlags is:1
05-16 16:41:44.139 W/PowerManager(  569): accept Wake release,start process. the mTag is:AlarmManager, the mFlags is:1
05-16 16:41:44.139 D/PowerManagerService(  569): [Acquire] AlarmManager pid=569 uid=1000
05-16 16:41:44.139 D/PowerManagerService(  569): [Release] AlarmManager pid=569 uid=1000
05-16 16:41:44.969 D/StatusBar.MSimNetworkController(  678): 1:mMSimDataConnected is true mMSimDataActivity is 0
05-16 16:41:44.989 I/SmsProvider(  778): query url = content://sms/inbox
05-16 16:41:47.139 W/PowerManager(  569): accept Wake require,start process. the mTag is:AlarmManager, the mFlags is:1
05-16 16:41:47.139 W/PowerManager(  569): accept Wake release,start process. the mTag is:AlarmManager, the mFlags is:1
05-16 16:41:47.139 D/PowerManagerService(  569): [Acquire] AlarmManager pid=569 uid=1000
05-16 16:41:47.139 D/PowerManagerService(  569): [Release] AlarmManager pid=569 uid=1000
05-16 16:41:48.319 D/GpsLocationProvider(  569): Gps MessageHandler. msg.what 5 msg.arg1:0 msg.arg2: 0
05-16 16:41:48.319 W/PowerManager(  569): accept Wake release,start process. the mTag is:GpsLocationProvider, the mFlags is:1
05-16 16:41:48.319 D/NtpTrustedTime(  569): forceRefresh() from cache miss
05-16 16:41:48.419 W/PowerManager(  569): accept Wake require,start process. the mTag is:AlarmManager, the mFlags is:1
05-16 16:41:48.419 D/PowerManagerService(  569): [Acquire] AlarmManager pid=569 uid=1000
05-16 16:41:48.429 W/PowerManager( 1580): accept Wake require,start process. the mTag is:PushMessageWakeLock, the mFlags is:1
05-16 16:41:48.429 W/PowerManager(  569): accept Wake release,start process. the mTag is:AlarmManager, the mFlags is:1
05-16 16:41:48.439 D/StateMachine(  569): handleMessage: E msg.what=131073
05-16 16:41:48.439 D/StateMachine(  569): processMsg: DisconnectedState
05-16 16:41:48.439 D/WifiStateMachine(  569): DisconnectedState{ what=131073 when=-1ms arg1=2 }
05-16 16:41:48.439 D/WifiService(  569): acquireWifiLockLocked: WifiLock{PushMessageWifiLock type=1 binder=android.os.BinderProxy@427c1e88}
05-16 16:41:48.439 D/WifiService(  569): wifiShouldBeStarted true
05-16 16:41:48.449 D/StateMachine(  569): processMsg: ConnectModeState
05-16 16:41:48.449 D/WifiStateMachine(  569): ConnectModeState{ what=131073 when=-3ms arg1=2 }
05-16 16:41:48.449 D/StateMachine(  569): processMsg: DriverStartedState
05-16 16:41:48.449 D/WifiStateMachine(  569): DriverStartedState{ what=131073 when=-4ms arg1=2 }
05-16 16:41:48.449 D/StateMachine(  569): processMsg: SupplicantStartedState
05-16 16:41:48.449 D/WifiStateMachine(  569): SupplicantStartedState{ what=131073 when=-6ms arg1=2 }
05-16 16:41:48.449 D/StateMachine(  569): processMsg: DefaultState
05-16 16:41:48.449 D/WifiStateMachine(  569): DefaultState{ what=131073 when=-7ms arg1=2 }
05-16 16:41:48.449 D/StateMachine(  569): handleMessage: X
05-16 16:41:48.449 D/StateMachine(  569): handleMessage: E msg.what=131083
05-16 16:41:48.449 D/StateMachine(  569): processMsg: DisconnectedState
05-16 16:41:48.449 D/WifiStateMachine(  569): DisconnectedState{ what=131083 when=-3ms }
05-16 16:41:48.449 D/StateMachine(  569): processMsg: ConnectModeState
05-16 16:41:48.449 D/WifiStateMachine(  569): ConnectModeState{ what=131083 when=-5ms }
05-16 16:41:48.449 D/StateMachine(  569): processMsg: DriverStartedState
05-16 16:41:48.449 D/WifiStateMachine(  569): DriverStartedState{ what=131083 when=-6ms }
05-16 16:41:48.449 D/StateMachine(  569): processMsg: SupplicantStartedState
05-16 16:41:48.459 D/WifiStateMachine(  569): SupplicantStartedState{ what=131083 when=-8ms }
05-16 16:41:48.459 D/StateMachine(  569): processMsg: DefaultState
05-16 16:41:48.459 D/WifiStateMachine(  569): DefaultState{ what=131083 when=-9ms }
05-16 16:41:48.459 D/StateMachine(  569): handleMessage: X
05-16 16:41:48.459 D/StateMachine(  569): handleMessage: E msg.what=131144
05-16 16:41:48.459 D/StateMachine(  569): processMsg: DisconnectedState
05-16 16:41:48.459 D/WifiStateMachine(  569): DisconnectedState{ what=131144 when=-10ms arg1=1 }
05-16 16:41:48.459 D/StateMachine(  569): handleMessage: X
05-16 16:41:48.459 D/StateMachine(  569): handleMessage: E msg.what=131085
05-16 16:41:48.459 D/StateMachine(  569): processMsg: DisconnectedState
05-16 16:41:48.459 D/WifiStateMachine(  569): DisconnectedState{ what=131085 when=-10ms }
05-16 16:41:48.459 D/StateMachine(  569): processMsg: ConnectModeState
05-16 16:41:48.459 D/WifiStateMachine(  569): ConnectModeState{ what=131085 when=-10ms }
05-16 16:41:48.459 D/StateMachine(  569): processMsg: DriverStartedState
05-16 16:41:48.459 D/WifiStateMachine(  569): DriverStartedState{ what=131085 when=-11ms }
05-16 16:41:48.459 D/StateMachine(  569): handleMessage: X
05-16 16:41:48.459 D/StateMachine(  569): handleMessage: E msg.what=131149
05-16 16:41:48.459 D/StateMachine(  569): processMsg: DisconnectedState
05-16 16:41:48.459 D/WifiStateMachine(  569): DisconnectedState{ what=131149 when=-11ms }
05-16 16:41:48.459 D/StateMachine(  569): processMsg: ConnectModeState
05-16 16:41:48.459 D/WifiStateMachine(  569): ConnectModeState{ what=131149 when=-12ms }
05-16 16:41:48.459 D/StateMachine(  569): processMsg: DriverStartedState
05-16 16:41:48.459 D/WifiStateMachine(  569): DriverStartedState{ what=131149 when=-12ms }
05-16 16:41:48.459 D/StateMachine(  569): handleMessage: X
05-16 16:41:48.459 I/net_tcp ( 1580): domain_resolve, sip=111.13.64.35, g_fd=61
05-16 16:41:48.829 I/net_tcp ( 1580): domain_resolve, connect ret=-1
05-16 16:41:48.829 D/BatteryService(  569): level:12 scale:100 status:2 health:2 present:true voltage: 3724 temperature: 360 technology: Li-ion AC powered:false USB powered:true icon:17303055 invalid charger:0
05-16 16:41:48.839 D/WifiService(  569): ACTION_BATTERY_CHANGED pluggedType: 2
05-16 16:41:48.849 D/StateMachine(  569): handleMessage: E msg.what=131073
05-16 16:41:48.849 D/StateMachine(  569): processMsg: DisconnectedState
05-16 16:41:48.849 D/WifiService(  569): releaseWifiLockLocked: WifiLock{PushMessageWifiLock type=1 binder=android.os.BinderProxy@427c1e88}
05-16 16:41:48.849 D/WifiService(  569): wifiShouldBeStarted true
05-16 16:41:48.859 D/WifiStateMachine(  569): DisconnectedState{ what=131073 when=-1ms arg1=2 }
05-16 16:41:48.859 D/StateMachine(  569): processMsg: ConnectModeState
05-16 16:41:48.859 D/WifiStateMachine(  569): ConnectModeState{ what=131073 when=-1ms arg1=2 }
05-16 16:41:48.859 D/StateMachine(  569): processMsg: DriverStartedState
05-16 16:41:48.859 D/WifiStateMachine(  569): DriverStartedState{ what=131073 when=-1ms arg1=2 }
05-16 16:41:48.859 D/StateMachine(  569): processMsg: SupplicantStartedState
05-16 16:41:48.859 D/WifiStateMachine(  569): SupplicantStartedState{ what=131073 when=-2ms arg1=2 }
05-16 16:41:48.859 D/StateMachine(  569): processMsg: DefaultState
05-16 16:41:48.859 D/WifiStateMachine(  569): DefaultState{ what=131073 when=-2ms arg1=2 }
05-16 16:41:48.859 D/StateMachine(  569): handleMessage: X
05-16 16:41:48.859 D/StateMachine(  569): handleMessage: E msg.what=131083
05-16 16:41:48.859 D/StateMachine(  569): processMsg: DisconnectedState
05-16 16:41:48.859 D/WifiStateMachine(  569): DisconnectedState{ what=131083 when=-3ms }
05-16 16:41:48.859 D/StateMachine(  569): processMsg: ConnectModeState
05-16 16:41:48.859 D/WifiStateMachine(  569): ConnectModeState{ what=131083 when=-3ms }
05-16 16:41:48.859 D/StateMachine(  569): processMsg: DriverStartedState
05-16 16:41:48.859 D/WifiStateMachine(  569): DriverStartedState{ what=131083 when=-3ms }
05-16 16:41:48.859 D/StateMachine(  569): processMsg: SupplicantStartedState
05-16 16:41:48.859 D/WifiStateMachine(  569): SupplicantStartedState{ what=131083 when=-4ms }
05-16 16:41:48.859 D/StateMachine(  569): processMsg: DefaultState
05-16 16:41:48.859 D/WifiStateMachine(  569): DefaultState{ what=131083 when=-4ms }
05-16 16:41:48.859 D/StateMachine(  569): handleMessage: X
05-16 16:41:48.859 D/StateMachine(  569): handleMessage: E msg.what=131144
05-16 16:41:48.859 D/StateMachine(  569): processMsg: DisconnectedState
05-16 16:41:48.859 D/WifiStateMachine(  569): DisconnectedState{ what=131144 when=-4ms arg1=1 }
05-16 16:41:48.859 D/StateMachine(  569): handleMessage: X
05-16 16:41:48.859 D/StateMachine(  569): handleMessage: E msg.what=131085
05-16 16:41:48.859 D/StateMachine(  569): processMsg: DisconnectedState
05-16 16:41:48.859 D/WifiStateMachine(  569): DisconnectedState{ what=131085 when=-5ms }
05-16 16:41:48.859 D/StateMachine(  569): processMsg: ConnectModeState
05-16 16:41:48.859 D/WifiStateMachine(  569): ConnectModeState{ what=131085 when=-5ms }
05-16 16:41:48.859 D/StateMachine(  569): processMsg: DriverStartedState
05-16 16:41:48.859 D/WifiStateMachine(  569): DriverStartedState{ what=131085 when=-5ms }
05-16 16:41:48.859 D/StateMachine(  569): handleMessage: X
05-16 16:41:48.859 D/StateMachine(  569): handleMessage: E msg.what=131149
05-16 16:41:48.859 D/StateMachine(  569): processMsg: DisconnectedState
05-16 16:41:48.859 D/WifiStateMachine(  569): DisconnectedState{ what=131149 when=-6ms }
05-16 16:41:48.859 D/StateMachine(  569): processMsg: ConnectModeState
05-16 16:41:48.859 D/WifiStateMachine(  569): ConnectModeState{ what=131149 when=-6ms }
05-16 16:41:48.859 D/StateMachine(  569): processMsg: DriverStartedState
05-16 16:41:48.859 D/WifiStateMachine(  569): DriverStartedState{ what=131149 when=-6ms }
05-16 16:41:48.859 D/StateMachine(  569): handleMessage: X
05-16 16:41:48.859 W/PowerManager( 1580): accept Wake release,start process. the mTag is:PushMessageWakeLock, the mFlags is:1
05-16 16:41:48.859 D/PowerManagerService(  569): [Release] PushMessageWakeLock pid=1580 uid=10092
05-16 16:41:49.009 D/StatusBar.MSimNetworkController(  678): 1:mMSimDataConnected is true mMSimDataActivity is 3
05-16 16:41:49.249 D/dalvikvm( 1339): GC_CONCURRENT freed 508K, 20% free 9267K/11527K, paused 43ms+4ms, total 77ms
05-16 16:41:49.249 D/dalvikvm( 1339): WAIT_FOR_CONCURRENT_GC blocked 16ms
05-16 16:41:50.019 D/StatusBar.MSimNetworkController(  678): 1:mMSimDataConnected is true mMSimDataActivity is 2
05-16 16:41:50.039 I/SmsProvider(  778): query url = content://sms/inbox
05-16 16:41:50.149 W/PowerManager(  569): accept Wake require,start process. the mTag is:AlarmManager, the mFlags is:1
05-16 16:41:50.149 W/PowerManager(  569): accept Wake release,start process. the mTag is:AlarmManager, the mFlags is:1
05-16 16:41:50.149 D/PowerManagerService(  569): [Acquire] AlarmManager pid=569 uid=1000
05-16 16:41:50.149 D/PowerManagerService(  569): [Release] AlarmManager pid=569 uid=1000
05-16 16:41:50.269 D/dalvikvm( 2322): GC_FOR_ALLOC freed 233K, 9% free 8744K/9607K, paused 47ms, total 48ms
05-16 16:41:50.829 D/SntpClient(  569): request time failed: java.net.SocketTimeoutException
05-16 16:41:50.829 D/GpsLocationProvider(  569): requestTime failed
05-16 16:41:51.049 D/StatusBar.MSimNetworkController(  678): 1:mMSimDataConnected is true mMSimDataActivity is 3
05-16 16:41:53.059 D/StatusBar.MSimNetworkController(  678): 1:mMSimDataConnected is true mMSimDataActivity is 0
05-16 16:41:53.149 W/PowerManager(  569): accept Wake require,start process. the mTag is:AlarmManager, the mFlags is:1
05-16 16:41:53.149 W/PowerManager(  569): accept Wake release,start process. the mTag is:AlarmManager, the mFlags is:1
05-16 16:41:53.149 D/PowerManagerService(  569): [Acquire] AlarmManager pid=569 uid=1000
05-16 16:41:53.149 D/PowerManagerService(  569): [Release] AlarmManager pid=569 uid=1000
05-16 16:41:53.449 W/PowerManager(  569): accept Wake require,start process. the mTag is:AlarmManager, the mFlags is:1
05-16 16:41:53.449 D/PowerManagerService(  569): [Acquire] AlarmManager pid=569 uid=1000
05-16 16:41:53.479 D/AlarmReceiver( 2277): receiver QQGAMEMI_ALARM_INTENT
05-16 16:41:53.479 D/QMiService( 2315): onStartCommand startId=63
05-16 16:41:53.479 D/QMiService( 2315): alarm
05-16 16:41:53.479 D/QMiService( 2315): configuration changed
05-16 16:41:53.479 D/QMiWindowManager( 2315): updateLayoutConfiguration floatParams:0,0
05-16 16:41:53.489 W/PowerManager(  569): accept Wake release,start process. the mTag is:AlarmManager, the mFlags is:1
05-16 16:41:53.489 D/PowerManagerService(  569): [Release] AlarmManager pid=569 uid=1000
05-16 16:41:55.019 D/dalvikvm( 1339): GC_CONCURRENT freed 427K, 20% free 9267K/11527K, paused 31ms+2ms, total 71ms
05-16 16:41:55.049 I/SmsProvider(  778): query url = content://sms/inbox
05-16 16:41:56.159 W/PowerManager(  569): accept Wake require,start process. the mTag is:AlarmManager, the mFlags is:1
05-16 16:41:56.159 W/PowerManager(  569): accept Wake release,start process. the mTag is:AlarmManager, the mFlags is:1
05-16 16:41:56.159 D/PowerManagerService(  569): [Acquire] AlarmManager pid=569 uid=1000
05-16 16:41:56.159 D/PowerManagerService(  569): [Release] AlarmManager pid=569 uid=1000
05-16 16:41:58.859 D/PowerManagerService(  569): lightSensor change backlight. lcdValue = 35
05-16 16:41:59.089 D/StatusBar.MSimNetworkController(  678): 1:mMSimDataConnected is true mMSimDataActivity is 1
05-16 16:41:59.159 W/PowerManager(  569): accept Wake require,start process. the mTag is:AlarmManager, the mFlags is:1
05-16 16:41:59.159 W/PowerManager(  569): accept Wake release,start process. the mTag is:AlarmManager, the mFlags is:1
05-16 16:41:59.159 D/PowerManagerService(  569): [Acquire] AlarmManager pid=569 uid=1000
05-16 16:41:59.159 D/PowerManagerService(  569): [Release] AlarmManager pid=569 uid=1000
05-16 16:41:59.379 D/dalvikvm( 1339): GC_CONCURRENT freed 431K, 20% free 9260K/11527K, paused 12ms+4ms, total 56ms
05-16 16:41:59.999 W/PowerManager(  569): accept Wake require,start process. the mTag is:AlarmManager, the mFlags is:1
05-16 16:41:59.999 D/PowerManagerService(  569): [Acquire] AlarmManager pid=569 uid=1000
05-16 16:42:00.049 W/PowerManager(  569): accept Wake release,start process. the mTag is:AlarmManager, the mFlags is:1
05-16 16:42:00.049 D/PowerManagerService(  569): [Release] AlarmManager pid=569 uid=1000
05-16 16:42:00.069 I/SmsProvider(  778): query url = content://sms/inbox
05-16 16:42:01.109 D/StatusBar.MSimNetworkController(  678): 1:mMSimDataConnected is true mMSimDataActivity is 3
05-16 16:42:01.869 W/PowerManager(  569): accept Wake require,start process. the mTag is:AlarmManager, the mFlags is:1
05-16 16:42:01.869 W/PowerManager(  569): accept Wake release,start process. the mTag is:AlarmManager, the mFlags is:1
05-16 16:42:01.869 I/ActivityManager(  569): Start proc com.youdao.dict:yddictreview for service com.youdao.dict/.review.DictReviewTaskNotifyService: pid=4076 uid=10005 gids={3003, 1015, 1023, 1006, 1028}
05-16 16:42:01.869 D/PowerManagerService(  569): [Acquire] AlarmManager pid=569 uid=1000
05-16 16:42:01.869 D/PowerManagerService(  569): [Release] AlarmManager pid=569 uid=1000
05-16 16:42:01.879 E/Trace   ( 4076): error opening trace file: No such file or directory (2)
05-16 16:42:01.979 D/dalvikvm( 4076): GC_CONCURRENT freed 151K, 5% free 8354K/8711K, paused 2ms+2ms, total 19ms
05-16 16:42:01.979 D/dalvikvm( 4076): WAIT_FOR_CONCURRENT_GC blocked 9ms
05-16 16:42:02.079 D/dalvikvm( 4076): GC_CONCURRENT freed 141K, 5% free 8645K/9031K, paused 12ms+2ms, total 34ms
05-16 16:42:02.119 D/StatusBar.MSimNetworkController(  678): 1:mMSimDataConnected is true mMSimDataActivity is 0
05-16 16:42:02.159 W/PowerManager(  569): accept Wake require,start process. the mTag is:AlarmManager, the mFlags is:1
05-16 16:42:02.159 W/PowerManager(  569): accept Wake release,start process. the mTag is:AlarmManager, the mFlags is:1
05-16 16:42:02.159 D/PowerManagerService(  569): [Acquire] AlarmManager pid=569 uid=1000
05-16 16:42:02.159 D/PowerManagerService(  569): [Release] AlarmManager pid=569 uid=1000
05-16 16:42:02.169 I/DictApplication( 4076): start time = 129
05-16 16:42:02.209 D/WordbookDataStore( 4076): ReviewPlanDataBaseOperator getAllNoteInReviewPlan=0
05-16 16:42:02.209 V/NotificationManager( 4076): com.youdao.dict: cancel(3)
05-16 16:42:02.229 I/ActivityManager(  569): Process com.youdao.dict:yddictreview (pid 4076) has died.
05-16 16:42:02.439 E/ThermalDaemon( 1190): CPU[1] offline
05-16 16:42:03.449 W/PowerManager(  569): accept Wake require,start process. the mTag is:AlarmManager, the mFlags is:1
05-16 16:42:03.449 D/PowerManagerService(  569): [Acquire] AlarmManager pid=569 uid=1000
05-16 16:42:03.479 D/AlarmReceiver( 2277): receiver QQGAMEMI_ALARM_INTENT
05-16 16:42:03.479 D/QMiService( 2315): onStartCommand startId=64
05-16 16:42:03.479 D/QMiService( 2315): alarm
05-16 16:42:03.479 D/QMiService( 2315): configuration changed
05-16 16:42:03.479 D/QMiWindowManager( 2315): updateLayoutConfiguration floatParams:0,0
05-16 16:42:03.489 W/PowerManager(  569): accept Wake release,start process. the mTag is:AlarmManager, the mFlags is:1
05-16 16:42:03.489 D/PowerManagerService(  569): [Release] AlarmManager pid=569 uid=1000
05-16 16:42:05.109 I/SmsProvider(  778): query url = content://sms/inbox
05-16 16:42:05.159 W/PowerManager(  569): accept Wake require,start process. the mTag is:AlarmManager, the mFlags is:1
05-16 16:42:05.159 W/PowerManager(  569): accept Wake release,start process. the mTag is:AlarmManager, the mFlags is:1
05-16 16:42:05.159 D/PowerManagerService(  569): [Acquire] AlarmManager pid=569 uid=1000
05-16 16:42:05.159 D/PowerManagerService(  569): [Release] AlarmManager pid=569 uid=1000
05-16 16:42:05.519 D/dalvikvm( 1339): GC_CONCURRENT freed 437K, 20% free 9267K/11527K, paused 27ms+3ms, total 78ms
05-16 16:42:07.139 W/PowerManager(  569): accept Wake require,start process. the mTag is:AlarmManager, the mFlags is:1
05-16 16:42:07.139 D/PowerManagerService(  569): [Acquire] AlarmManager pid=569 uid=1000
05-16 16:42:07.169 W/PowerManager(  569): accept Wake release,start process. the mTag is:AlarmManager, the mFlags is:1
05-16 16:42:07.169 D/PowerManagerService(  569): [Release] AlarmManager pid=569 uid=1000
05-16 16:42:08.169 W/PowerManager(  569): accept Wake require,start process. the mTag is:AlarmManager, the mFlags is:1
05-16 16:42:08.169 W/PowerManager(  569): accept Wake release,start process. the mTag is:AlarmManager, the mFlags is:1
05-16 16:42:08.169 D/PowerManagerService(  569): [Acquire] AlarmManager pid=569 uid=1000
05-16 16:42:08.169 D/PowerManagerService(  569): [Release] AlarmManager pid=569 uid=1000
05-16 16:42:10.139 I/SmsProvider(  778): query url = content://sms/inbox
05-16 16:42:10.239 D/dalvikvm( 1339): GC_CONCURRENT freed 423K, 20% free 9269K/11527K, paused 23ms+2ms, total 53ms
05-16 16:42:10.339 E/ThermalDaemon( 1190): CPU[1] offline
05-16 16:42:11.169 W/PowerManager(  569): accept Wake require,start process. the mTag is:AlarmManager, the mFlags is:1
05-16 16:42:11.169 D/PowerManagerService(  569): [Acquire] AlarmManager pid=569 uid=1000
05-16 16:42:11.179 W/PowerManager(  569): accept Wake release,start process. the mTag is:AlarmManager, the mFlags is:1
05-16 16:42:11.179 D/PowerManagerService(  569): [Release] AlarmManager pid=569 uid=1000
05-16 16:42:13.449 W/PowerManager(  569): accept Wake require,start process. the mTag is:AlarmManager, the mFlags is:1
05-16 16:42:13.449 D/PowerManagerService(  569): [Acquire] AlarmManager pid=569 uid=1000
05-16 16:42:13.469 D/AlarmReceiver( 2277): receiver QQGAMEMI_ALARM_INTENT
05-16 16:42:13.469 D/QMiService( 2315): onStartCommand startId=65
05-16 16:42:13.469 D/QMiService( 2315): alarm
05-16 16:42:13.469 D/QMiService( 2315): configuration changed
05-16 16:42:13.469 D/QMiWindowManager( 2315): updateLayoutConfiguration floatParams:0,0
05-16 16:42:13.479 W/PowerManager(  569): accept Wake release,start process. the mTag is:AlarmManager, the mFlags is:1
05-16 16:42:13.479 D/PowerManagerService(  569): [Release] AlarmManager pid=569 uid=1000
05-16 16:42:14.179 W/PowerManager(  569): accept Wake require,start process. the mTag is:AlarmManager, the mFlags is:1
05-16 16:42:14.179 W/PowerManager(  569): accept Wake release,start process. the mTag is:AlarmManager, the mFlags is:1
05-16 16:42:14.179 D/PowerManagerService(  569): [Acquire] AlarmManager pid=569 uid=1000
05-16 16:42:14.179 D/PowerManagerService(  569): [Release] AlarmManager pid=569 uid=1000
05-16 16:42:15.159 I/SmsProvider(  778): query url = content://sms/inbox
05-16 16:42:15.189 D/StatusBar.MSimNetworkController(  678): 1:mMSimDataConnected is true mMSimDataActivity is 2
05-16 16:42:15.539 E/ThermalDaemon( 1190): CPU[1] offline
05-16 16:42:16.219 D/StatusBar.MSimNetworkController(  678): 1:mMSimDataConnected is true mMSimDataActivity is 3
05-16 16:42:17.179 W/PowerManager(  569): accept Wake require,start process. the mTag is:AlarmManager, the mFlags is:1
05-16 16:42:17.179 D/PowerManagerService(  569): [Acquire] AlarmManager pid=569 uid=1000
05-16 16:42:17.189 W/PowerManager(  569): accept Wake release,start process. the mTag is:AlarmManager, the mFlags is:1
05-16 16:42:17.189 D/PowerManagerService(  569): [Release] AlarmManager pid=569 uid=1000
05-16 16:42:17.229 D/StatusBar.MSimNetworkController(  678): 1:mMSimDataConnected is true mMSimDataActivity is 0
05-16 16:42:18.339 D/dalvikvm( 1339): GC_CONCURRENT freed 441K, 20% free 9268K/11527K, paused 42ms+3ms, total 83ms
05-16 16:42:20.189 W/PowerManager(  569): accept Wake require,start process. the mTag is:AlarmManager, the mFlags is:1
05-16 16:42:20.189 W/PowerManager(  569): accept Wake release,start process. the mTag is:AlarmManager, the mFlags is:1
05-16 16:42:20.189 I/SmsProvider(  778): query url = content://sms/inbox
05-16 16:42:20.189 D/PowerManagerService(  569): [Acquire] AlarmManager pid=569 uid=1000
05-16 16:42:20.189 D/PowerManagerService(  569): [Release] AlarmManager pid=569 uid=1000
05-16 16:42:20.239 D/StatusBar.MSimNetworkController(  678): 1:mMSimDataConnected is true mMSimDataActivity is 2
05-16 16:42:21.169 D/dalvikvm( 1339): GC_CONCURRENT freed 425K, 20% free 9268K/11527K, paused 32ms+2ms, total 81ms
05-16 16:42:21.259 D/StatusBar.MSimNetworkController(  678): 1:mMSimDataConnected is true mMSimDataActivity is 3
05-16 16:42:22.259 D/StatusBar.MSimNetworkController(  678): 1:mMSimDataConnected is true mMSimDataActivity is 1
