05-16 16:38:27.809 D/dalvikvm(  569): GC_EXPLICIT freed 39K, 31% free 19403K/27719K, paused 4ms+9ms, total 99ms
05-16 16:38:28.829 D/dalvikvm( 1339): GC_CONCURRENT freed 423K, 20% free 9237K/11527K, paused 2ms+4ms, total 32ms
05-16 16:38:28.879 W/PowerManager(  569): accept Wake require,start process. the mTag is:AlarmManager, the mFlags is:1
05-16 16:38:28.879 W/PowerManager(  569): accept Wake release,start process. the mTag is:AlarmManager, the mFlags is:1
05-16 16:38:28.909 I/SmsProvider(  778): query url = content://sms/inbox
05-16 16:38:29.649 D/dalvikvm(  972): GC_CONCURRENT freed 394K, 8% free 8369K/9031K, paused 13ms+3ms, total 36ms
05-16 16:38:29.909 D/dalvikvm(  569): WAIT_FOR_CONCURRENT_GC blocked 0ms
05-16 16:38:30.009 D/dalvikvm(  569): GC_EXPLICIT freed 100K, 30% free 19410K/27719K, paused 3ms+9ms, total 98ms
05-16 16:38:31.749 D/dalvikvm(  972): WAIT_FOR_CONCURRENT_GC blocked 0ms
05-16 16:38:31.779 D/dalvikvm(  972): GC_EXPLICIT freed 379K, 8% free 8359K/9031K, paused 2ms+4ms, total 30ms
05-16 16:38:31.879 W/PowerManager(  569): accept Wake require,start process. the mTag is:AlarmManager, the mFlags is:1
05-16 16:38:31.889 W/PowerManager(  569): accept Wake release,start process. the mTag is:AlarmManager, the mFlags is:1
05-16 16:38:32.159 D/dalvikvm(  569): WAIT_FOR_CONCURRENT_GC blocked 0ms
05-16 16:38:32.259 D/dalvikvm(  569): GC_EXPLICIT freed 94K, 30% free 19410K/27719K, paused 3ms+8ms, total 102ms
05-16 16:38:33.439 W/PowerManager(  569): accept Wake require,start process. the mTag is:AlarmManager, the mFlags is:1
05-16 16:38:33.449 D/AlarmReceiver( 2277): receiver QQGAMEMI_ALARM_INTENT
05-16 16:38:33.449 D/QMiService( 2315): onStartCommand startId=43
05-16 16:38:33.449 D/QMiService( 2315): alarm
05-16 16:38:33.449 D/QMiService( 2315): configuration changed
05-16 16:38:33.449 D/QMiWindowManager( 2315): updateLayoutConfiguration floatParams:0,0
05-16 16:38:33.449 W/PowerManager(  569): accept Wake release,start process. the mTag is:AlarmManager, the mFlags is:1
05-16 16:38:33.909 I/ActivityManager(  569): No longer want com.android.exchange (pid 3292): hidden #16
05-16 16:38:33.919 I/SmsProvider(  778): query url = content://sms/inbox
05-16 16:38:34.209 D/dalvikvm(  972): GC_CONCURRENT freed 392K, 8% free 8372K/9031K, paused 2ms+4ms, total 24ms
05-16 16:38:34.429 D/dalvikvm(  569): WAIT_FOR_CONCURRENT_GC blocked 0ms
05-16 16:38:34.519 D/dalvikvm(  569): GC_EXPLICIT freed 143K, 30% free 19409K/27719K, paused 4ms+8ms, total 99ms
05-16 16:38:34.889 W/PowerManager(  569): accept Wake require,start process. the mTag is:AlarmManager, the mFlags is:1
05-16 16:38:34.889 W/PowerManager(  569): accept Wake release,start process. the mTag is:AlarmManager, the mFlags is:1
05-16 16:38:36.369 D/dalvikvm(  972): WAIT_FOR_CONCURRENT_GC blocked 0ms
05-16 16:38:36.399 D/dalvikvm(  972): GC_EXPLICIT freed 382K, 8% free 8359K/9031K, paused 2ms+5ms, total 34ms
05-16 16:38:36.549 D/dalvikvm( 1339): GC_CONCURRENT freed 451K, 20% free 9233K/11527K, paused 3ms+3ms, total 27ms
05-16 16:38:36.759 D/dalvikvm(  569): WAIT_FOR_CONCURRENT_GC blocked 0ms
05-16 16:38:36.859 D/dalvikvm(  569): GC_EXPLICIT freed 100K, 31% free 19403K/27719K, paused 4ms+7ms, total 101ms
05-16 16:38:37.889 W/PowerManager(  569): accept Wake require,start process. the mTag is:AlarmManager, the mFlags is:1
05-16 16:38:37.889 W/PowerManager(  569): accept Wake release,start process. the mTag is:AlarmManager, the mFlags is:1
05-16 16:38:38.929 I/SmsProvider(  778): query url = content://sms/inbox
05-16 16:38:38.949 D/dalvikvm(  972): GC_CONCURRENT freed 392K, 8% free 8372K/9031K, paused 2ms+4ms, total 37ms
05-16 16:38:39.129 D/dalvikvm(  569): WAIT_FOR_CONCURRENT_GC blocked 0ms
05-16 16:38:39.229 D/dalvikvm(  569): GC_EXPLICIT freed 106K, 31% free 19401K/27719K, paused 4ms+8ms, total 107ms
05-16 16:38:39.869 D/dalvikvm( 1339): GC_CONCURRENT freed 414K, 20% free 9242K/11527K, paused 2ms+3ms, total 27ms
05-16 16:38:40.889 W/PowerManager(  569): accept Wake require,start process. the mTag is:AlarmManager, the mFlags is:1
05-16 16:38:40.889 W/PowerManager(  569): accept Wake release,start process. the mTag is:AlarmManager, the mFlags is:1
05-16 16:38:41.219 D/dalvikvm(  972): WAIT_FOR_CONCURRENT_GC blocked 0ms
05-16 16:38:41.249 D/dalvikvm(  972): GC_EXPLICIT freed 382K, 8% free 8359K/9031K, paused 2ms+5ms, total 31ms
05-16 16:38:41.539 D/dalvikvm(  569): WAIT_FOR_CONCURRENT_GC blocked 0ms
05-16 16:38:41.649 D/dalvikvm(  569): GC_EXPLICIT freed 99K, 31% free 19402K/27719K, paused 5ms+9ms, total 108ms
05-16 16:38:43.439 W/PowerManager(  569): accept Wake require,start process. the mTag is:AlarmManager, the mFlags is:1
05-16 16:38:43.449 D/AlarmReceiver( 2277): receiver QQGAMEMI_ALARM_INTENT
05-16 16:38:43.449 D/QMiService( 2315): onStartCommand startId=44
05-16 16:38:43.449 D/QMiService( 2315): alarm
05-16 16:38:43.449 D/QMiService( 2315): configuration changed
05-16 16:38:43.449 D/QMiWindowManager( 2315): updateLayoutConfiguration floatParams:0,0
05-16 16:38:43.449 W/PowerManager(  569): accept Wake release,start process. the mTag is:AlarmManager, the mFlags is:1
05-16 16:38:43.769 D/dalvikvm(  972): GC_CONCURRENT freed 392K, 8% free 8373K/9031K, paused 1ms+4ms, total 23ms
05-16 16:38:43.889 W/PowerManager(  569): accept Wake require,start process. the mTag is:AlarmManager, the mFlags is:1
05-16 16:38:43.889 W/PowerManager(  569): accept Wake release,start process. the mTag is:AlarmManager, the mFlags is:1
05-16 16:38:43.939 D/dalvikvm(  569): WAIT_FOR_CONCURRENT_GC blocked 0ms
05-16 16:38:43.949 I/SmsProvider(  778): query url = content://sms/inbox
05-16 16:38:44.059 D/dalvikvm(  569): GC_EXPLICIT freed 129K, 30% free 19404K/27719K, paused 4ms+8ms, total 115ms
05-16 16:38:46.109 D/dalvikvm(  972): WAIT_FOR_CONCURRENT_GC blocked 0ms
05-16 16:38:46.139 D/dalvikvm(  972): GC_EXPLICIT freed 382K, 8% free 8359K/9031K, paused 2ms+4ms, total 29ms
05-16 16:38:46.389 D/dalvikvm(  569): WAIT_FOR_CONCURRENT_GC blocked 0ms
05-16 16:38:46.489 D/dalvikvm(  569): GC_EXPLICIT freed 99K, 31% free 19401K/27719K, paused 4ms+8ms, total 99ms
05-16 16:38:46.889 W/PowerManager(  569): accept Wake require,start process. the mTag is:AlarmManager, the mFlags is:1
05-16 16:38:46.889 W/PowerManager(  569): accept Wake release,start process. the mTag is:AlarmManager, the mFlags is:1
05-16 16:38:47.629 D/dalvikvm( 1339): GC_CONCURRENT freed 503K, 20% free 9250K/11527K, paused 2ms+3ms, total 36ms
05-16 16:38:47.629 D/dalvikvm( 1339): WAIT_FOR_CONCURRENT_GC blocked 11ms
05-16 16:38:48.759 D/dalvikvm(  972): GC_CONCURRENT freed 389K, 8% free 8372K/9031K, paused 11ms+5ms, total 37ms
05-16 16:38:48.929 D/dalvikvm(  569): WAIT_FOR_CONCURRENT_GC blocked 0ms
05-16 16:38:48.969 D/StatusBar.MSimNetworkController(  678): 1:mMSimDataConnected is true mMSimDataActivity is 3
05-16 16:38:49.039 D/dalvikvm(  569): GC_EXPLICIT freed 97K, 31% free 19401K/27719K, paused 4ms+8ms, total 108ms
05-16 16:38:49.049 I/SmsProvider(  778): query url = content://sms/inbox
05-16 16:38:49.889 W/PowerManager(  569): accept Wake require,start process. the mTag is:AlarmManager, the mFlags is:1
05-16 16:38:49.889 W/PowerManager(  569): accept Wake release,start process. the mTag is:AlarmManager, the mFlags is:1
05-16 16:38:51.219 D/dalvikvm(  972): WAIT_FOR_CONCURRENT_GC blocked 0ms
05-16 16:38:51.249 D/dalvikvm(  972): GC_EXPLICIT freed 382K, 8% free 8362K/9031K, paused 2ms+4ms, total 31ms
05-16 16:38:51.469 D/dalvikvm(  569): WAIT_FOR_CONCURRENT_GC blocked 0ms
05-16 16:38:51.569 D/dalvikvm(  569): GC_EXPLICIT freed 102K, 31% free 19401K/27719K, paused 3ms+8ms, total 100ms
05-16 16:38:51.979 D/StatusBar.MSimNetworkController(  678): 1:mMSimDataConnected is true mMSimDataActivity is 0
05-16 16:38:52.889 W/PowerManager(  569): accept Wake require,start process. the mTag is:AlarmManager, the mFlags is:1
05-16 16:38:52.899 W/PowerManager(  569): accept Wake release,start process. the mTag is:AlarmManager, the mFlags is:1
05-16 16:38:53.439 W/PowerManager(  569): accept Wake require,start process. the mTag is:AlarmManager, the mFlags is:1
05-16 16:38:53.449 D/AlarmReceiver( 2277): receiver QQGAMEMI_ALARM_INTENT
05-16 16:38:53.449 D/QMiService( 2315): onStartCommand startId=45
05-16 16:38:53.449 D/QMiService( 2315): alarm
05-16 16:38:53.449 D/QMiService( 2315): configuration changed
05-16 16:38:53.459 D/QMiWindowManager( 2315): updateLayoutConfiguration floatParams:0,0
05-16 16:38:53.459 W/PowerManager(  569): accept Wake release,start process. the mTag is:AlarmManager, the mFlags is:1
05-16 16:38:53.929 D/dalvikvm(  972): GC_CONCURRENT freed 392K, 8% free 8371K/9031K, paused 2ms+4ms, total 20ms
05-16 16:38:54.049 D/dalvikvm(  569): WAIT_FOR_CONCURRENT_GC blocked 0ms
05-16 16:38:54.159 D/dalvikvm(  569): GC_EXPLICIT freed 133K, 30% free 19405K/27719K, paused 4ms+8ms, total 105ms
05-16 16:38:54.169 I/SmsProvider(  778): query url = content://sms/inbox
05-16 16:38:54.589 D/dalvikvm( 1339): GC_CONCURRENT freed 440K, 20% free 9247K/11527K, paused 2ms+3ms, total 29ms
05-16 16:38:55.899 W/PowerManager(  569): accept Wake require,start process. the mTag is:AlarmManager, the mFlags is:1
05-16 16:38:55.899 W/PowerManager(  569): accept Wake release,start process. the mTag is:AlarmManager, the mFlags is:1
05-16 16:38:56.379 D/dalvikvm(  972): WAIT_FOR_CONCURRENT_GC blocked 0ms
05-16 16:38:56.419 D/dalvikvm(  972): GC_EXPLICIT freed 383K, 8% free 8361K/9031K, paused 3ms+4ms, total 36ms
05-16 16:38:56.619 D/dalvikvm(  569): WAIT_FOR_CONCURRENT_GC blocked 0ms
05-16 16:38:56.729 D/dalvikvm(  569): GC_EXPLICIT freed 98K, 31% free 19401K/27719K, paused 4ms+9ms, total 114ms
05-16 16:38:56.859 W/asset   ( 3579): Asset path /test.apk is neither a directory nor file (type=1).
05-16 16:38:56.859 D/dalvikvm(  569): WAIT_FOR_CONCURRENT_GC blocked 0ms
05-16 16:38:56.859 W/DefContainer( 3579): Failed to parse package
05-16 16:38:56.859 W/ActivityManager(  569): No content provider found for permission revoke: file:///test.apk
05-16 16:38:56.959 D/dalvikvm(  569): GC_EXPLICIT freed 24K, 31% free 19392K/27719K, paused 4ms+8ms, total 106ms
05-16 16:38:56.979 D/dalvikvm( 3668): GC_CONCURRENT freed 122K, 82% free 482K/2560K, paused 0ms+1ms, total 3ms
05-16 16:38:57.749 D/dalvikvm( 1339): GC_CONCURRENT freed 423K, 20% free 9239K/11527K, paused 20ms+5ms, total 64ms
05-16 16:38:58.029 D/dalvikvm( 3710): GC_CONCURRENT freed 99K, 82% free 480K/2560K, paused 1ms+1ms, total 4ms
05-16 16:38:58.679 I/ActivityManager(  569): START {flg=0x10000000 cmp=com.wandoujia.phoenix2.usbproxy/com.wandoujia.phoenix2.ui.WelcomeActivity (has extras) u=0} from pid 3723
05-16 16:38:58.679 V/ActivityManager(  569): Setting Intent of TaskRecord{427b3bd8 #9 A com.wandoujia.phoenix2.usbproxy U 0} to Intent { flg=0x10800000 cmp=com.wandoujia.phoenix2.usbproxy/com.wandoujia.phoenix2.ui.WelcomeActivity (has extras) }
05-16 16:38:58.679 V/ActivityManager(  569): Starting new activity ActivityRecord{4276ffb8 com.wandoujia.phoenix2.usbproxy/com.wandoujia.phoenix2.ui.WelcomeActivity} in new task TaskRecord{427b3bd8 #9 A com.wandoujia.phoenix2.usbproxy U 0}
05-16 16:38:58.819 W/PowerManager(  569): accept Wake require,start process. the mTag is:ActivityManager-Launch, the mFlags is:1
05-16 16:38:58.819 V/WindowManager(  569): Skipping set freeze of Token{42648120 ActivityRecord{4276ffb8 com.wandoujia.phoenix2.usbproxy/com.wandoujia.phoenix2.ui.WelcomeActivity}}
05-16 16:38:58.819 V/WindowManager(  569): setAppVisibility(Token{42648120 ActivityRecord{4276ffb8 com.wandoujia.phoenix2.usbproxy/com.wandoujia.phoenix2.ui.WelcomeActivity}}, visible=true): mNextAppTransition=4104 hidden=true hiddenRequested=true
05-16 16:38:58.819 D/WindowManager(  569): computeScreenConfigurationLocked:mDisplay.getMetricsWithSize(mRealDisplayMetrics, 480, 800)
05-16 16:38:58.819 D/WindowManager(  569): Set app display size: 480x800
05-16 16:38:58.819 D/WindowManager(  569): computeScreenConfigurationLocked:mDisplay.getMetricsWithSize(dm, 480, 800)
05-16 16:38:58.819 D/WindowManager(  569): computeScreenConfigurationLocked:ret:config.orientation=1
05-16 16:38:58.829 D/BYD_Flex( 1339): getValue() name = @NOKIAFLEX@packageNeedData
05-16 16:38:58.839 V/NotificationManager(  569): com.android.stk: notify(0, Notification(pri=0 contentView=android/0x1090090 vibrate=null sound=null defaults=0x0 flags=0x0 kind=[android.app]))
05-16 16:38:58.839 V/ActivityManager(  569): ar.task = TaskRecord{42c48738 #6 A com.android.stk U 0} title = SIM pkg = com.android.stk tr.realActivity = ComponentInfo{com.android.stk/com.android.stk.StkMenuActivity} tr.affinity = com.android.stk id=-329656618
05-16 16:38:58.839 D/NotificationService(  569): Build unstyled notification with: SmallIcon=0, LargeIcon=android.graphics.Bitmap@4237d880
05-16 16:38:58.839 V/NotificationService(  569): enqueueNotificationInternal: pkg=com.android.stk id=0 notification=Notification(pri=0 contentView=android/0x1090090 vibrate=null sound=null defaults=0x0 flags=0x0 kind=[android.app])
05-16 16:38:58.839 V/NotificationService(  569): notifications are enabled for com.android.stk
05-16 16:38:58.839 V/NotificationService(  569): Assigned score=0 to Notification(pri=0 contentView=android/0x1090090 vibrate=null sound=null defaults=0x0 flags=0x0 kind=[android.app])
05-16 16:38:58.839 V/NotificationService(  569): Ignore recent app notification
05-16 16:38:58.839 I/NotificationFastlineService(  569): onAddNotification: pkg=com.android.stk tag=com.android.stk/ActivityManager id=0 score=0 ra=true not=Notification(pri=0 contentView=android/0x1090090 vibrate=null sound=null defaults=0x0 flags=0x0 kind=[android.app])
05-16 16:38:58.839 D/NotificationFastlineService(  569): isShowNotification ( notification:Notification(pri=0 contentView=android/0x1090090 vibrate=null sound=null defaults=0x0 flags=0x0 kind=[android.app]), pkg:com.android.stk, recentAppNotification:true, show:true
05-16 16:38:58.849 D/dalvikvm( 3723): GC_CONCURRENT freed 100K, 81% free 507K/2560K, paused 0ms+0ms, total 4ms
05-16 16:38:58.849 I/Fastlane(  793): updateNotification
05-16 16:38:58.849 I/NotificationFastlineService(  569): handleSaveNotification: pkg=com.android.stk id=0 tag=com.android.stk/ActivityManager key=332 notification=Notification(pri=0 contentView=android/0x1090090 vibrate=null sound=null defaults=0x0 flags=0x0 kind=[android.app])
05-16 16:38:58.859 D/BYD_Flex( 1339): getValue() readFlexFromXml = TypedValue{t=0x0/d=0x0}
05-16 16:38:58.859 D/BYD_Flex( 1339): getValue() name = @NOKIAFLEX@setDataUsageReminder
05-16 16:38:58.879 D/BYD_Flex( 1339): getValue() readFlexFromXml = TypedValue{t=0x0/d=0x0}
05-16 16:38:58.879 W/PowerManager(  569): accept Wake require,start process. the mTag is:ActivityManager-Launch, the mFlags is:1
05-16 16:38:58.879 V/WindowManager(  569): setAppVisibility(Token{42648120 ActivityRecord{4276ffb8 com.wandoujia.phoenix2.usbproxy/com.wandoujia.phoenix2.ui.WelcomeActivity}}, visible=false): mNextAppTransition=4104 hidden=true hiddenRequested=false
05-16 16:38:58.879 W/ActivityManager(  569): Duplicate finish request for ActivityRecord{4276ffb8 com.wandoujia.phoenix2.usbproxy/com.wandoujia.phoenix2.ui.WelcomeActivity}
05-16 16:38:58.879 V/WindowManager(  569): setAppVisibility(Token{42648120 ActivityRecord{4276ffb8 com.wandoujia.phoenix2.usbproxy/com.wandoujia.phoenix2.ui.WelcomeActivity}}, visible=false): mNextAppTransition=4104 hidden=true hiddenRequested=true
05-16 16:38:58.879 V/WindowManager(  569): setAppVisibility(Token{42648120 ActivityRecord{4276ffb8 com.wandoujia.phoenix2.usbproxy/com.wandoujia.phoenix2.ui.WelcomeActivity}}, visible=false): mNextAppTransition=4104 hidden=true hiddenRequested=true
05-16 16:38:58.879 V/WindowManager(  569): setAppVisibility(Token{42a57f80 ActivityRecord{42353cf0 com.android.stk/.StkMenuActivity}}, visible=true): mNextAppTransition=4104 hidden=false hiddenRequested=false
05-16 16:38:58.879 V/ActivityManager(  569): notifyTaskActivityStart: activity filtered ActivityRecord{4276ffb8 com.wandoujia.phoenix2.usbproxy/com.wandoujia.phoenix2.ui.WelcomeActivity} pkg = com.wandoujia.phoenix2.usbproxy intent = Intent { flg=0x10800000 cmp=com.wandoujia.phoenix2.usbproxy/com.wandoujia.phoenix2.ui.WelcomeActivity (has extras) }
05-16 16:38:58.909 D/WindowManager(  569): computeScreenConfigurationLocked:mDisplay.getMetricsWithSize(mRealDisplayMetrics, 480, 800)
05-16 16:38:58.909 D/WindowManager(  569): Set app display size: 480x800
05-16 16:38:58.909 D/WindowManager(  569): computeScreenConfigurationLocked:mDisplay.getMetricsWithSize(dm, 480, 800)
05-16 16:38:58.909 D/WindowManager(  569): computeScreenConfigurationLocked:ret:config.orientation=1
05-16 16:38:58.919 W/PowerManager(  569): accept Wake require,start process. the mTag is:AlarmManager, the mFlags is:1
05-16 16:38:58.919 W/PowerManager(  569): accept Wake release,start process. the mTag is:AlarmManager, the mFlags is:1
05-16 16:38:58.919 D/SWIPE   (  569): setAppScreenRect 480 800
05-16 16:38:59.009 D/dalvikvm(  569): GC_CONCURRENT freed 1930K, 30% free 19408K/27719K, paused 22ms+8ms, total 121ms
05-16 16:38:59.009 W/PowerManager(  569): accept Wake release,start process. the mTag is:ActivityManager-Launch, the mFlags is:1
05-16 16:38:59.019 V/WindowManager(  569): removeAppToken: AppWindowToken{429ec300 token=Token{42648120 ActivityRecord{4276ffb8 com.wandoujia.phoenix2.usbproxy/com.wandoujia.phoenix2.ui.WelcomeActivity}}}
05-16 16:38:59.039 D/dalvikvm(  778): GC_CONCURRENT freed 418K, 7% free 9511K/10183K, paused 17ms+9ms, total 88ms
05-16 16:38:59.169 I/SmsProvider(  778): query url = content://sms/inbox
05-16 16:38:59.559 D/dalvikvm(  569): WAIT_FOR_CONCURRENT_GC blocked 0ms
05-16 16:38:59.659 D/dalvikvm(  569): GC_EXPLICIT freed 44K, 31% free 19398K/27719K, paused 4ms+7ms, total 95ms
05-16 16:38:59.709 D/dalvikvm(  972): GC_CONCURRENT freed 391K, 8% free 8371K/9031K, paused 2ms+4ms, total 20ms
05-16 16:38:59.989 W/PowerManager(  569): accept Wake require,start process. the mTag is:AlarmManager, the mFlags is:1
05-16 16:39:00.029 D/PrelockScreen2(  569): BroadcastReceiver: time changed
05-16 16:39:00.039 W/PowerManager(  569): accept Wake release,start process. the mTag is:AlarmManager, the mFlags is:1
05-16 16:39:00.079 D/dalvikvm( 1339): GC_CONCURRENT freed 424K, 20% free 9245K/11527K, paused 18ms+5ms, total 53ms
05-16 16:39:01.919 W/PowerManager(  569): accept Wake require,start process. the mTag is:AlarmManager, the mFlags is:1
05-16 16:39:01.919 W/PowerManager(  569): accept Wake release,start process. the mTag is:AlarmManager, the mFlags is:1
05-16 16:39:02.219 D/dalvikvm(  972): WAIT_FOR_CONCURRENT_GC blocked 0ms
05-16 16:39:02.249 D/dalvikvm(  972): GC_EXPLICIT freed 388K, 8% free 8356K/9031K, paused 2ms+4ms, total 30ms
05-16 16:39:02.329 D/dalvikvm(  569): WAIT_FOR_CONCURRENT_GC blocked 0ms
05-16 16:39:02.419 D/dalvikvm(  569): GC_EXPLICIT freed 144K, 30% free 19406K/27719K, paused 4ms+8ms, total 98ms
05-16 16:39:03.439 W/PowerManager(  569): accept Wake require,start process. the mTag is:AlarmManager, the mFlags is:1
05-16 16:39:03.449 D/AlarmReceiver( 2277): receiver QQGAMEMI_ALARM_INTENT
05-16 16:39:03.449 D/QMiService( 2315): onStartCommand startId=46
05-16 16:39:03.449 D/QMiService( 2315): alarm
05-16 16:39:03.449 D/QMiService( 2315): configuration changed
05-16 16:39:03.449 D/QMiWindowManager( 2315): updateLayoutConfiguration floatParams:0,0
05-16 16:39:03.449 W/PowerManager(  569): accept Wake release,start process. the mTag is:AlarmManager, the mFlags is:1
05-16 16:39:04.179 I/SmsProvider(  778): query url = content://sms/inbox
05-16 16:39:04.919 W/PowerManager(  569): accept Wake require,start process. the mTag is:AlarmManager, the mFlags is:1
05-16 16:39:04.919 W/PowerManager(  569): accept Wake release,start process. the mTag is:AlarmManager, the mFlags is:1
05-16 16:39:04.999 D/dalvikvm(  569): WAIT_FOR_CONCURRENT_GC blocked 0ms
05-16 16:39:05.099 D/dalvikvm(  569): GC_EXPLICIT freed 150K, 30% free 19407K/27719K, paused 3ms+8ms, total 98ms
05-16 16:39:05.269 D/dalvikvm(  972): GC_CONCURRENT freed 390K, 8% free 8375K/9031K, paused 2ms+3ms, total 21ms
05-16 16:39:06.899 W/PowerManager(  569): accept Wake require,start process. the mTag is:AlarmManager, the mFlags is:1
05-16 16:39:06.899 W/PowerManager(  569): accept Wake release,start process. the mTag is:AlarmManager, the mFlags is:1
05-16 16:39:07.679 D/dalvikvm( 1339): GC_CONCURRENT freed 396K, 20% free 9237K/11527K, paused 12ms+3ms, total 35ms
05-16 16:39:07.759 D/dalvikvm(  972): WAIT_FOR_CONCURRENT_GC blocked 0ms
05-16 16:39:07.789 D/dalvikvm(  972): GC_EXPLICIT freed 388K, 8% free 8352K/9031K, paused 2ms+3ms, total 30ms
05-16 16:39:07.819 D/dalvikvm(  569): WAIT_FOR_CONCURRENT_GC blocked 0ms
05-16 16:39:07.919 D/dalvikvm(  569): GC_EXPLICIT freed 119K, 30% free 19405K/27719K, paused 4ms+8ms, total 108ms
05-16 16:39:07.929 W/PowerManager(  569): accept Wake require,start process. the mTag is:AlarmManager, the mFlags is:1
05-16 16:39:07.929 W/PowerManager(  569): accept Wake release,start process. the mTag is:AlarmManager, the mFlags is:1
05-16 16:39:09.109 W/PowerManager(  569): accept Wake require,start process. the mTag is:AlarmManager, the mFlags is:1
05-16 16:39:09.109 D/NetworkTimeUpdateService(  569): handleMessage msg=2
05-16 16:39:09.109 D/NetworkTimeUpdateService(  569): System time = 1400229549120
05-16 16:39:09.109 D/NetworkTimeUpdateService(  569): Before Ntp fetch
05-16 16:39:09.109 D/NtpTrustedTime(  569): forceRefresh() from cache miss
05-16 16:39:09.109 W/PowerManager(  569): accept Wake release,start process. the mTag is:AlarmManager, the mFlags is:1
05-16 16:39:09.199 I/SmsProvider(  778): query url = content://sms/inbox
05-16 16:39:10.039 D/StatusBar.MSimNetworkController(  678): 1:mMSimDataConnected is true mMSimDataActivity is 2
05-16 16:39:10.409 D/dalvikvm( 1339): GC_CONCURRENT freed 403K, 20% free 9238K/11527K, paused 12ms+3ms, total 42ms
05-16 16:39:10.619 D/dalvikvm(  569): WAIT_FOR_CONCURRENT_GC blocked 0ms
05-16 16:39:10.729 D/dalvikvm(  569): GC_EXPLICIT freed 135K, 30% free 19408K/27719K, paused 4ms+9ms, total 109ms
05-16 16:39:10.929 W/PowerManager(  569): accept Wake require,start process. the mTag is:AlarmManager, the mFlags is:1
05-16 16:39:10.929 W/PowerManager(  569): accept Wake release,start process. the mTag is:AlarmManager, the mFlags is:1
05-16 16:39:10.949 D/dalvikvm(  972): GC_CONCURRENT freed 388K, 8% free 8376K/9031K, paused 2ms+3ms, total 20ms
05-16 16:39:11.049 D/StatusBar.MSimNetworkController(  678): 1:mMSimDataConnected is true mMSimDataActivity is 0
05-16 16:39:11.109 D/SntpClient(  569): request time failed: java.net.SocketTimeoutException
05-16 16:39:12.839 D/dalvikvm(  569): WAIT_FOR_CONCURRENT_GC blocked 0ms
05-16 16:39:12.939 D/dalvikvm(  569): GC_EXPLICIT freed 117K, 30% free 19404K/27719K, paused 4ms+9ms, total 102ms
05-16 16:39:12.949 D/dalvikvm(  972): WAIT_FOR_CONCURRENT_GC blocked 0ms
05-16 16:39:12.979 D/dalvikvm(  972): GC_EXPLICIT freed 386K, 8% free 8351K/9031K, paused 2ms+4ms, total 30ms
05-16 16:39:13.309 D/dalvikvm(  569): WAIT_FOR_CONCURRENT_GC blocked 0ms
05-16 16:39:13.399 D/dalvikvm(  569): GC_EXPLICIT freed 92K, 31% free 19402K/27719K, paused 4ms+8ms, total 96ms
05-16 16:39:13.439 W/PowerManager(  569): accept Wake require,start process. the mTag is:AlarmManager, the mFlags is:1
05-16 16:39:13.449 D/AlarmReceiver( 2277): receiver QQGAMEMI_ALARM_INTENT
05-16 16:39:13.449 D/QMiService( 2315): onStartCommand startId=47
05-16 16:39:13.449 D/QMiService( 2315): alarm
05-16 16:39:13.449 D/QMiService( 2315): configuration changed
05-16 16:39:13.449 D/QMiWindowManager( 2315): updateLayoutConfiguration floatParams:0,0
05-16 16:39:13.449 W/PowerManager(  569): accept Wake release,start process. the mTag is:AlarmManager, the mFlags is:1
05-16 16:39:13.469 D/dalvikvm(  972): GC_CONCURRENT freed 398K, 8% free 8373K/9031K, paused 12ms+4ms, total 38ms
05-16 16:39:13.759 D/dalvikvm(  569): WAIT_FOR_CONCURRENT_GC blocked 0ms
05-16 16:39:13.869 D/dalvikvm(  569): GC_EXPLICIT freed 122K, 31% free 19402K/27719K, paused 4ms+8ms, total 101ms
05-16 16:39:13.869 D/dalvikvm(  972): WAIT_FOR_CONCURRENT_GC blocked 0ms
05-16 16:39:13.899 D/dalvikvm(  972): GC_EXPLICIT freed 377K, 8% free 8349K/9031K, paused 3ms+4ms, total 31ms
05-16 16:39:13.929 W/PowerManager(  569): accept Wake require,start process. the mTag is:AlarmManager, the mFlags is:1
05-16 16:39:13.929 W/PowerManager(  569): accept Wake release,start process. the mTag is:AlarmManager, the mFlags is:1
05-16 16:39:14.209 I/SmsProvider(  778): query url = content://sms/inbox
05-16 16:39:14.299 D/dalvikvm(  569): WAIT_FOR_CONCURRENT_GC blocked 0ms
05-16 16:39:14.409 D/dalvikvm(  569): GC_EXPLICIT freed 108K, 31% free 19403K/27719K, paused 5ms+9ms, total 111ms
05-16 16:39:14.499 D/dalvikvm(  972): GC_CONCURRENT freed 401K, 8% free 8374K/9031K, paused 13ms+15ms, total 52ms
05-16 16:39:14.869 D/dalvikvm(  569): WAIT_FOR_CONCURRENT_GC blocked 0ms
05-16 16:39:14.989 D/dalvikvm(  569): GC_EXPLICIT freed 98K, 31% free 19402K/27719K, paused 5ms+9ms, total 115ms
05-16 16:39:14.999 D/dalvikvm(  972): WAIT_FOR_CONCURRENT_GC blocked 0ms
05-16 16:39:15.029 D/dalvikvm(  972): GC_EXPLICIT freed 374K, 8% free 8348K/9031K, paused 2ms+3ms, total 30ms
05-16 16:39:15.059 D/StatusBar.MSimNetworkController(  678): 1:mMSimDataConnected is true mMSimDataActivity is 2
05-16 16:39:15.409 D/dalvikvm(  569): WAIT_FOR_CONCURRENT_GC blocked 0ms
05-16 16:39:15.519 D/dalvikvm(  569): GC_EXPLICIT freed 90K, 31% free 19403K/27719K, paused 11ms+8ms, total 106ms
05-16 16:39:15.589 D/dalvikvm(  972): GC_CONCURRENT freed 395K, 8% free 8374K/9031K, paused 12ms+6ms, total 39ms
05-16 16:39:15.879 D/dalvikvm(  569): WAIT_FOR_CONCURRENT_GC blocked 0ms
05-16 16:39:15.989 D/dalvikvm(  569): GC_EXPLICIT freed 92K, 31% free 19403K/27719K, paused 4ms+8ms, total 102ms
05-16 16:39:15.999 D/dalvikvm(  972): WAIT_FOR_CONCURRENT_GC blocked 0ms
05-16 16:39:16.029 D/dalvikvm(  972): GC_EXPLICIT freed 377K, 8% free 8349K/9031K, paused 2ms+4ms, total 30ms
05-16 16:39:16.059 D/StatusBar.MSimNetworkController(  678): 1:mMSimDataConnected is true mMSimDataActivity is 3
05-16 16:39:16.369 D/dalvikvm(  569): WAIT_FOR_CONCURRENT_GC blocked 0ms
05-16 16:39:16.469 D/dalvikvm(  569): GC_EXPLICIT freed 90K, 31% free 19403K/27719K, paused 4ms+9ms, total 106ms
05-16 16:39:16.539 D/dalvikvm(  972): GC_CONCURRENT freed 402K, 8% free 8376K/9031K, paused 12ms+4ms, total 36ms
05-16 16:39:16.819 D/dalvikvm(  569): WAIT_FOR_CONCURRENT_GC blocked 0ms
05-16 16:39:16.919 D/dalvikvm(  569): GC_EXPLICIT freed 90K, 31% free 19402K/27719K, paused 4ms+8ms, total 100ms
05-16 16:39:16.929 D/dalvikvm(  972): WAIT_FOR_CONCURRENT_GC blocked 0ms
05-16 16:39:16.929 W/PowerManager(  569): accept Wake require,start process. the mTag is:AlarmManager, the mFlags is:1
05-16 16:39:16.929 W/PowerManager(  569): accept Wake release,start process. the mTag is:AlarmManager, the mFlags is:1
05-16 16:39:16.969 D/dalvikvm(  972): GC_EXPLICIT freed 373K, 8% free 8348K/9031K, paused 5ms+4ms, total 34ms
05-16 16:39:17.069 D/StatusBar.MSimNetworkController(  678): 1:mMSimDataConnected is true mMSimDataActivity is 0
05-16 16:39:17.289 D/dalvikvm(  569): WAIT_FOR_CONCURRENT_GC blocked 0ms
05-16 16:39:17.389 D/dalvikvm(  569): GC_EXPLICIT freed 93K, 31% free 19403K/27719K, paused 4ms+9ms, total 102ms
05-16 16:39:17.449 D/dalvikvm(  972): GC_CONCURRENT freed 404K, 8% free 8377K/9031K, paused 2ms+4ms, total 26ms
05-16 16:39:17.739 D/dalvikvm( 1339): GC_CONCURRENT freed 388K, 20% free 9239K/11527K, paused 16ms+3ms, total 52ms
05-16 16:39:17.759 D/dalvikvm(  569): WAIT_FOR_CONCURRENT_GC blocked 0ms
05-16 16:39:17.849 D/dalvikvm(  569): GC_EXPLICIT freed 90K, 31% free 19402K/27719K, paused 3ms+8ms, total 97ms
05-16 16:39:17.869 D/dalvikvm(  972): WAIT_FOR_CONCURRENT_GC blocked 0ms
05-16 16:39:17.899 D/dalvikvm(  972): GC_EXPLICIT freed 373K, 8% free 8344K/9031K, paused 3ms+4ms, total 31ms
05-16 16:39:18.259 D/dalvikvm(  569): WAIT_FOR_CONCURRENT_GC blocked 0ms
05-16 16:39:18.359 D/dalvikvm(  569): GC_EXPLICIT freed 93K, 31% free 19401K/27719K, paused 4ms+8ms, total 102ms
05-16 16:39:18.439 D/dalvikvm(  972): GC_CONCURRENT freed 396K, 8% free 8375K/9031K, paused 12ms+5ms, total 38ms
05-16 16:39:18.519 D/BatteryService(  569): level:12 scale:100 status:2 health:2 present:true voltage: 3724 temperature: 360 technology: Li-ion AC powered:false USB powered:true icon:17303055 invalid charger:0
05-16 16:39:18.519 D/WifiService(  569): ACTION_BATTERY_CHANGED pluggedType: 2
05-16 16:39:18.799 D/dalvikvm(  569): WAIT_FOR_CONCURRENT_GC blocked 0ms
05-16 16:39:18.899 D/dalvikvm(  569): GC_EXPLICIT freed 103K, 31% free 19402K/27719K, paused 3ms+7ms, total 100ms
05-16 16:39:18.909 D/dalvikvm(  972): WAIT_FOR_CONCURRENT_GC blocked 0ms
05-16 16:39:18.939 D/dalvikvm(  972): GC_EXPLICIT freed 375K, 8% free 8347K/9031K, paused 3ms+5ms, total 34ms
05-16 16:39:19.219 I/SmsProvider(  778): query url = content://sms/inbox
05-16 16:39:19.259 D/dalvikvm(  569): WAIT_FOR_CONCURRENT_GC blocked 0ms
05-16 16:39:19.369 D/dalvikvm(  569): GC_EXPLICIT freed 97K, 31% free 19403K/27719K, paused 4ms+9ms, total 102ms
05-16 16:39:19.429 D/dalvikvm(  972): GC_CONCURRENT freed 401K, 8% free 8378K/9031K, paused 1ms+4ms, total 24ms
05-16 16:39:19.689 D/dalvikvm(  569): WAIT_FOR_CONCURRENT_GC blocked 0ms
05-16 16:39:19.799 D/dalvikvm(  569): GC_EXPLICIT freed 90K, 31% free 19402K/27719K, paused 4ms+8ms, total 105ms
05-16 16:39:19.809 D/dalvikvm(  972): WAIT_FOR_CONCURRENT_GC blocked 0ms
05-16 16:39:19.839 D/dalvikvm(  972): GC_EXPLICIT freed 373K, 8% free 8346K/9031K, paused 2ms+4ms, total 29ms
05-16 16:39:19.939 W/PowerManager(  569): accept Wake require,start process. the mTag is:AlarmManager, the mFlags is:1
05-16 16:39:19.939 W/PowerManager(  569): accept Wake release,start process. the mTag is:AlarmManager, the mFlags is:1
05-16 16:39:20.159 D/dalvikvm(  569): WAIT_FOR_CONCURRENT_GC blocked 0ms
05-16 16:39:20.269 D/dalvikvm(  569): GC_EXPLICIT freed 92K, 31% free 19403K/27719K, paused 4ms+8ms, total 104ms
05-16 16:39:20.349 D/dalvikvm(  972): GC_CONCURRENT freed 392K, 8% free 8374K/9031K, paused 12ms+3ms, total 32ms
05-16 16:39:20.479 D/dalvikvm( 1339): GC_CONCURRENT freed 409K, 20% free 9238K/11527K, paused 3ms+3ms, total 37ms
05-16 16:39:20.649 D/dalvikvm(  569): WAIT_FOR_CONCURRENT_GC blocked 0ms
05-16 16:39:20.769 D/dalvikvm(  569): GC_EXPLICIT freed 91K, 31% free 19402K/27719K, paused 6ms+8ms, total 115ms
05-16 16:39:20.779 D/dalvikvm(  972): WAIT_FOR_CONCURRENT_GC blocked 0ms
05-16 16:39:20.819 D/dalvikvm(  972): GC_EXPLICIT freed 376K, 8% free 8351K/9031K, paused 3ms+5ms, total 32ms
05-16 16:39:21.109 D/dalvikvm(  569): WAIT_FOR_CONCURRENT_GC blocked 0ms
05-16 16:39:21.209 D/dalvikvm(  569): GC_EXPLICIT freed 90K, 31% free 19401K/27719K, paused 3ms+8ms, total 96ms
05-16 16:39:21.289 D/dalvikvm(  972): GC_CONCURRENT freed 402K, 8% free 8376K/9031K, paused 12ms+3ms, total 36ms
05-16 16:39:21.559 D/dalvikvm(  569): WAIT_FOR_CONCURRENT_GC blocked 0ms
05-16 16:39:21.659 D/dalvikvm(  569): GC_EXPLICIT freed 90K, 31% free 19401K/27719K, paused 4ms+8ms, total 98ms
05-16 16:39:21.679 D/dalvikvm(  972): WAIT_FOR_CONCURRENT_GC blocked 0ms
05-16 16:39:21.709 D/dalvikvm(  972): GC_EXPLICIT freed 375K, 8% free 8347K/9031K, paused 2ms+4ms, total 31ms
05-16 16:39:22.029 D/dalvikvm(  569): WAIT_FOR_CONCURRENT_GC blocked 0ms
05-16 16:39:22.139 D/dalvikvm(  569): GC_EXPLICIT freed 91K, 31% free 19401K/27719K, paused 3ms+8ms, total 109ms
05-16 16:39:22.219 D/dalvikvm(  972): GC_CONCURRENT freed 393K, 8% free 8374K/9031K, paused 13ms+3ms, total 32ms
05-16 16:39:22.509 D/dalvikvm(  569): WAIT_FOR_CONCURRENT_GC blocked 0ms
05-16 16:39:22.609 D/dalvikvm(  569): GC_EXPLICIT freed 90K, 31% free 19401K/27719K, paused 3ms+8ms, total 100ms
05-16 16:39:22.629 D/dalvikvm(  972): WAIT_FOR_CONCURRENT_GC blocked 0ms
05-16 16:39:22.659 D/dalvikvm(  972): GC_EXPLICIT freed 377K, 8% free 8349K/9031K, paused 2ms+4ms, total 31ms
05-16 16:39:22.939 W/PowerManager(  569): accept Wake require,start process. the mTag is:AlarmManager, the mFlags is:1
05-16 16:39:22.939 W/PowerManager(  569): accept Wake release,start process. the mTag is:AlarmManager, the mFlags is:1
05-16 16:39:22.969 D/dalvikvm(  569): WAIT_FOR_CONCURRENT_GC blocked 0ms
05-16 16:39:23.069 D/dalvikvm(  569): GC_EXPLICIT freed 92K, 31% free 19402K/27719K, paused 4ms+8ms, total 97ms
05-16 16:39:23.149 D/dalvikvm(  972): GC_CONCURRENT freed 399K, 8% free 8374K/9031K, paused 11ms+5ms, total 36ms
05-16 16:39:23.439 D/dalvikvm(  569): WAIT_FOR_CONCURRENT_GC blocked 0ms
05-16 16:39:23.439 W/PowerManager(  569): accept Wake require,start process. the mTag is:AlarmManager, the mFlags is:1
05-16 16:39:23.449 D/AlarmReceiver( 2277): receiver QQGAMEMI_ALARM_INTENT
05-16 16:39:23.539 D/dalvikvm(  569): GC_EXPLICIT freed 114K, 31% free 19403K/27719K, paused 4ms+10ms, total 104ms
05-16 16:39:23.539 D/QMiService( 2315): onStartCommand startId=48
05-16 16:39:23.539 D/QMiService( 2315): alarm
05-16 16:39:23.539 D/QMiService( 2315): configuration changed
05-16 16:39:23.539 D/QMiWindowManager( 2315): updateLayoutConfiguration floatParams:0,0
05-16 16:39:23.549 W/PowerManager(  569): accept Wake release,start process. the mTag is:AlarmManager, the mFlags is:1
05-16 16:39:23.559 D/dalvikvm(  972): WAIT_FOR_CONCURRENT_GC blocked 0ms
05-16 16:39:23.589 D/dalvikvm(  972): GC_EXPLICIT freed 375K, 8% free 8349K/9031K, paused 3ms+5ms, total 31ms
05-16 16:39:23.979 D/dalvikvm(  569): WAIT_FOR_CONCURRENT_GC blocked 0ms
05-16 16:39:24.089 D/dalvikvm(  569): GC_EXPLICIT freed 96K, 31% free 19402K/27719K, paused 5ms+9ms, total 113ms
05-16 16:39:24.169 D/dalvikvm(  972): GC_CONCURRENT freed 399K, 8% free 8375K/9031K, paused 12ms+4ms, total 41ms
05-16 16:39:24.229 D/dalvikvm(  778): WAIT_FOR_CONCURRENT_GC blocked 0ms
05-16 16:39:24.279 D/dalvikvm(  778): GC_EXPLICIT freed 253K, 9% free 9336K/10183K, paused 5ms+4ms, total 53ms
05-16 16:39:24.279 I/SmsProvider(  778): query url = content://sms/inbox
05-16 16:39:24.469 D/dalvikvm(  569): WAIT_FOR_CONCURRENT_GC blocked 0ms
05-16 16:39:24.569 D/dalvikvm(  569): GC_EXPLICIT freed 98K, 31% free 19402K/27719K, paused 4ms+10ms, total 102ms
05-16 16:39:24.589 D/dalvikvm(  972): WAIT_FOR_CONCURRENT_GC blocked 0ms
05-16 16:39:24.619 D/dalvikvm(  972): GC_EXPLICIT freed 374K, 8% free 8349K/9031K, paused 2ms+4ms, total 30ms
05-16 16:39:24.929 D/dalvikvm(  569): WAIT_FOR_CONCURRENT_GC blocked 0ms
05-16 16:39:25.029 D/dalvikvm(  569): GC_EXPLICIT freed 89K, 31% free 19402K/27719K, paused 4ms+8ms, total 100ms
05-16 16:39:25.099 D/dalvikvm(  972): GC_CONCURRENT freed 400K, 8% free 8376K/9031K, paused 11ms+4ms, total 34ms
05-16 16:39:25.399 D/dalvikvm(  569): WAIT_FOR_CONCURRENT_GC blocked 0ms
05-16 16:39:25.519 D/dalvikvm(  569): GC_EXPLICIT freed 90K, 31% free 19402K/27719K, paused 4ms+8ms, total 120ms
05-16 16:39:25.539 D/dalvikvm(  972): WAIT_FOR_CONCURRENT_GC blocked 0ms
05-16 16:39:25.569 D/dalvikvm(  972): GC_EXPLICIT freed 374K, 8% free 8348K/9031K, paused 2ms+4ms, total 31ms
05-16 16:39:25.869 D/dalvikvm(  569): WAIT_FOR_CONCURRENT_GC blocked 0ms
05-16 16:39:25.939 W/PowerManager(  569): accept Wake require,start process. the mTag is:AlarmManager, the mFlags is:1
05-16 16:39:25.939 W/PowerManager(  569): accept Wake release,start process. the mTag is:AlarmManager, the mFlags is:1
05-16 16:39:25.969 D/dalvikvm(  569): GC_EXPLICIT freed 92K, 31% free 19403K/27719K, paused 3ms+8ms, total 104ms
05-16 16:39:26.039 D/dalvikvm(  972): GC_CONCURRENT freed 399K, 8% free 8374K/9031K, paused 2ms+4ms, total 23ms
05-16 16:39:26.309 D/dalvikvm(  569): WAIT_FOR_CONCURRENT_GC blocked 0ms
05-16 16:39:26.409 D/dalvikvm(  569): GC_EXPLICIT freed 90K, 31% free 19402K/27719K, paused 3ms+8ms, total 99ms
05-16 16:39:26.429 D/dalvikvm(  972): WAIT_FOR_CONCURRENT_GC blocked 0ms
05-16 16:39:26.459 D/dalvikvm(  972): GC_EXPLICIT freed 374K, 8% free 8348K/9031K, paused 2ms+4ms, total 31ms
05-16 16:39:26.779 D/dalvikvm(  569): WAIT_FOR_CONCURRENT_GC blocked 0ms
05-16 16:39:26.889 D/dalvikvm(  569): GC_EXPLICIT freed 89K, 31% free 19402K/27719K, paused 5ms+8ms, total 111ms
05-16 16:39:26.959 D/dalvikvm(  972): GC_CONCURRENT freed 400K, 8% free 8376K/9031K, paused 2ms+4ms, total 24ms
05-16 16:39:27.219 D/dalvikvm(  569): WAIT_FOR_CONCURRENT_GC blocked 0ms
05-16 16:39:27.319 D/dalvikvm(  569): GC_EXPLICIT freed 90K, 31% free 19402K/27719K, paused 4ms+8ms, total 106ms
05-16 16:39:27.349 D/dalvikvm(  972): WAIT_FOR_CONCURRENT_GC blocked 0ms
05-16 16:39:27.379 D/dalvikvm(  972): GC_EXPLICIT freed 373K, 8% free 8348K/9031K, paused 3ms+4ms, total 30ms
05-16 16:39:27.669 D/dalvikvm(  569): WAIT_FOR_CONCURRENT_GC blocked 0ms
05-16 16:39:27.779 D/dalvikvm(  569): GC_EXPLICIT freed 89K, 31% free 19402K/27719K, paused 4ms+9ms, total 113ms
05-16 16:39:27.809 D/dalvikvm( 1339): GC_CONCURRENT freed 385K, 20% free 9241K/11527K, paused 20ms+2ms, total 46ms
05-16 16:39:27.869 D/dalvikvm(  972): GC_CONCURRENT freed 399K, 8% free 8374K/9031K, paused 2ms+14ms, total 35ms
05-16 16:39:28.159 D/dalvikvm(  569): WAIT_FOR_CONCURRENT_GC blocked 0ms
05-16 16:39:28.269 D/dalvikvm(  569): GC_EXPLICIT freed 95K, 31% free 19402K/27719K, paused 3ms+9ms, total 109ms
05-16 16:39:28.299 D/dalvikvm(  972): WAIT_FOR_CONCURRENT_GC blocked 0ms
05-16 16:39:28.329 D/dalvikvm(  972): GC_EXPLICIT freed 374K, 8% free 8348K/9031K, paused 3ms+4ms, total 34ms
05-16 16:39:28.629 D/dalvikvm(  569): WAIT_FOR_CONCURRENT_GC blocked 0ms
05-16 16:39:28.739 D/dalvikvm(  569): GC_EXPLICIT freed 91K, 31% free 19401K/27719K, paused 6ms+8ms, total 104ms
05-16 16:39:28.839 D/dalvikvm(  972): GC_CONCURRENT freed 397K, 8% free 8375K/9031K, paused 12ms+15ms, total 49ms
05-16 16:39:28.939 W/PowerManager(  569): accept Wake require,start process. the mTag is:AlarmManager, the mFlags is:1
05-16 16:39:28.949 W/PowerManager(  569): accept Wake release,start process. the mTag is:AlarmManager, the mFlags is:1
05-16 16:39:29.129 D/dalvikvm(  569): WAIT_FOR_CONCURRENT_GC blocked 0ms
05-16 16:39:29.229 D/dalvikvm(  569): GC_EXPLICIT freed 93K, 31% free 19401K/27719K, paused 4ms+9ms, total 99ms
05-16 16:39:29.249 I/SmsProvider(  778): query url = content://sms/inbox
05-16 16:39:29.269 D/dalvikvm(  972): WAIT_FOR_CONCURRENT_GC blocked 0ms
05-16 16:39:29.309 D/dalvikvm(  972): GC_EXPLICIT freed 375K, 8% free 8349K/9031K, paused 2ms+4ms, total 35ms
05-16 16:39:29.589 D/dalvikvm(  569): WAIT_FOR_CONCURRENT_GC blocked 0ms
05-16 16:39:29.699 D/dalvikvm(  569): GC_EXPLICIT freed 96K, 31% free 19402K/27719K, paused 4ms+8ms, total 101ms
05-16 16:39:29.769 D/dalvikvm(  972): GC_CONCURRENT freed 400K, 8% free 8374K/9031K, paused 3ms+4ms, total 25ms
05-16 16:39:30.049 D/dalvikvm(  569): WAIT_FOR_CONCURRENT_GC blocked 0ms
05-16 16:39:30.149 D/dalvikvm(  569): GC_EXPLICIT freed 89K, 31% free 19402K/27719K, paused 3ms+8ms, total 101ms
05-16 16:39:30.179 D/dalvikvm(  972): WAIT_FOR_CONCURRENT_GC blocked 0ms
05-16 16:39:30.209 D/dalvikvm(  972): GC_EXPLICIT freed 375K, 8% free 8348K/9031K, paused 2ms+4ms, total 31ms
05-16 16:39:30.499 D/dalvikvm(  569): WAIT_FOR_CONCURRENT_GC blocked 0ms
05-16 16:39:30.599 D/dalvikvm(  569): GC_EXPLICIT freed 90K, 31% free 19402K/27719K, paused 4ms+7ms, total 103ms
05-16 16:39:30.629 D/dalvikvm( 1339): GC_CONCURRENT freed 405K, 20% free 9241K/11527K, paused 20ms+3ms, total 45ms
05-16 16:39:30.699 D/dalvikvm(  972): GC_CONCURRENT freed 395K, 8% free 8373K/9031K, paused 12ms+4ms, total 30ms
05-16 16:39:30.999 D/dalvikvm(  569): WAIT_FOR_CONCURRENT_GC blocked 0ms
05-16 16:39:31.089 D/dalvikvm(  569): GC_EXPLICIT freed 97K, 30% free 19404K/27719K, paused 3ms+8ms, total 98ms
05-16 16:39:31.129 D/dalvikvm(  972): WAIT_FOR_CONCURRENT_GC blocked 0ms
05-16 16:39:31.159 D/dalvikvm(  972): GC_EXPLICIT freed 376K, 8% free 8351K/9031K, paused 2ms+5ms, total 31ms
05-16 16:39:31.449 D/dalvikvm(  569): WAIT_FOR_CONCURRENT_GC blocked 0ms
05-16 16:39:31.549 D/dalvikvm(  569): GC_EXPLICIT freed 92K, 31% free 19401K/27719K, paused 3ms+8ms, total 98ms
05-16 16:39:31.649 D/dalvikvm(  972): GC_CONCURRENT freed 400K, 8% free 8375K/9031K, paused 12ms+5ms, total 41ms
05-16 16:39:31.949 W/PowerManager(  569): accept Wake require,start process. the mTag is:AlarmManager, the mFlags is:1
05-16 16:39:31.949 W/PowerManager(  569): accept Wake release,start process. the mTag is:AlarmManager, the mFlags is:1
05-16 16:39:31.949 D/dalvikvm(  569): WAIT_FOR_CONCURRENT_GC blocked 0ms
05-16 16:39:32.059 D/dalvikvm(  569): GC_EXPLICIT freed 93K, 31% free 19401K/27719K, paused 4ms+8ms, total 101ms
05-16 16:39:32.089 D/dalvikvm(  972): WAIT_FOR_CONCURRENT_GC blocked 0ms
05-16 16:39:32.119 D/dalvikvm(  972): GC_EXPLICIT freed 374K, 8% free 8350K/9031K, paused 2ms+4ms, total 30ms
05-16 16:39:32.489 D/dalvikvm(  569): WAIT_FOR_CONCURRENT_GC blocked 0ms
05-16 16:39:32.589 D/dalvikvm(  569): GC_EXPLICIT freed 89K, 31% free 19402K/27719K, paused 4ms+8ms, total 101ms
05-16 16:39:32.679 D/dalvikvm(  972): GC_CONCURRENT freed 395K, 8% free 8374K/9031K, paused 11ms+4ms, total 31ms
05-16 16:39:33.029 D/dalvikvm(  569): WAIT_FOR_CONCURRENT_GC blocked 0ms
05-16 16:39:33.129 D/dalvikvm(  569): GC_EXPLICIT freed 90K, 31% free 19401K/27719K, paused 3ms+8ms, total 102ms
05-16 16:39:33.159 D/dalvikvm(  972): WAIT_FOR_CONCURRENT_GC blocked 0ms
05-16 16:39:33.199 D/dalvikvm(  972): GC_EXPLICIT freed 376K, 8% free 8352K/9031K, paused 2ms+4ms, total 32ms
05-16 16:39:33.439 W/PowerManager(  569): accept Wake require,start process. the mTag is:AlarmManager, the mFlags is:1
05-16 16:39:33.449 D/AlarmReceiver( 2277): receiver QQGAMEMI_ALARM_INTENT
05-16 16:39:33.449 D/QMiService( 2315): onStartCommand startId=49
05-16 16:39:33.449 D/QMiService( 2315): alarm
05-16 16:39:33.449 D/QMiService( 2315): configuration changed
05-16 16:39:33.449 D/QMiWindowManager( 2315): updateLayoutConfiguration floatParams:0,0
05-16 16:39:33.459 W/PowerManager(  569): accept Wake release,start process. the mTag is:AlarmManager, the mFlags is:1
05-16 16:39:33.639 D/dalvikvm(  569): WAIT_FOR_CONCURRENT_GC blocked 0ms
05-16 16:39:33.729 D/dalvikvm(  569): GC_EXPLICIT freed 122K, 31% free 19402K/27719K, paused 4ms+7ms, total 98ms
05-16 16:39:33.829 D/dalvikvm(  972): GC_CONCURRENT freed 398K, 8% free 8375K/9031K, paused 12ms+3ms, total 37ms
05-16 16:39:34.099 D/dalvikvm(  569): WAIT_FOR_CONCURRENT_GC blocked 0ms
05-16 16:39:34.199 D/dalvikvm(  569): GC_EXPLICIT freed 93K, 31% free 19401K/27719K, paused 4ms+8ms, total 101ms
05-16 16:39:34.229 D/dalvikvm(  972): WAIT_FOR_CONCURRENT_GC blocked 0ms
05-16 16:39:34.269 I/SmsProvider(  778): query url = content://sms/inbox
05-16 16:39:34.279 D/dalvikvm(  972): GC_EXPLICIT freed 376K, 8% free 8352K/9031K, paused 2ms+12ms, total 55ms
05-16 16:39:34.569 D/dalvikvm(  569): WAIT_FOR_CONCURRENT_GC blocked 0ms
05-16 16:39:34.669 D/dalvikvm(  569): GC_EXPLICIT freed 96K, 31% free 19402K/27719K, paused 4ms+8ms, total 99ms
05-16 16:39:34.769 D/dalvikvm(  972): GC_CONCURRENT freed 398K, 8% free 8379K/9031K, paused 12ms+5ms, total 44ms
05-16 16:39:34.949 W/PowerManager(  569): accept Wake require,start process. the mTag is:AlarmManager, the mFlags is:1
05-16 16:39:34.949 W/PowerManager(  569): accept Wake release,start process. the mTag is:AlarmManager, the mFlags is:1
05-16 16:39:35.039 D/dalvikvm(  569): WAIT_FOR_CONCURRENT_GC blocked 0ms
05-16 16:39:35.139 D/dalvikvm(  569): GC_EXPLICIT freed 93K, 31% free 19402K/27719K, paused 3ms+8ms, total 97ms
05-16 16:39:35.179 D/dalvikvm(  972): WAIT_FOR_CONCURRENT_GC blocked 0ms
05-16 16:39:35.199 D/dalvikvm(  972): GC_EXPLICIT freed 353K, 8% free 8345K/9031K, paused 2ms+3ms, total 29ms
05-16 16:39:35.529 D/dalvikvm(  569): WAIT_FOR_CONCURRENT_GC blocked 0ms
05-16 16:39:35.639 D/dalvikvm(  569): GC_EXPLICIT freed 90K, 31% free 19402K/27719K, paused 4ms+8ms, total 103ms
05-16 16:39:35.789 D/dalvikvm(  972): GC_CONCURRENT freed 388K, 8% free 8386K/9031K, paused 12ms+3ms, total 36ms
05-16 16:39:36.049 D/dalvikvm(  569): WAIT_FOR_CONCURRENT_GC blocked 0ms
05-16 16:39:36.119 D/StatusBar.MSimNetworkController(  678): 1:mMSimDataConnected is true mMSimDataActivity is 3
05-16 16:39:36.159 D/dalvikvm(  569): GC_EXPLICIT freed 91K, 31% free 19402K/27719K, paused 4ms+7ms, total 106ms
05-16 16:39:36.189 D/dalvikvm(  972): WAIT_FOR_CONCURRENT_GC blocked 0ms
05-16 16:39:36.219 D/dalvikvm(  972): GC_EXPLICIT freed 348K, 8% free 8338K/9031K, paused 2ms+4ms, total 30ms
05-16 16:39:36.519 D/dalvikvm(  569): WAIT_FOR_CONCURRENT_GC blocked 0ms
05-16 16:39:36.629 D/dalvikvm(  569): GC_EXPLICIT freed 89K, 31% free 19402K/27719K, paused 3ms+8ms, total 108ms
05-16 16:39:36.759 D/dalvikvm(  972): GC_CONCURRENT freed 387K, 8% free 8390K/9031K, paused 2ms+16ms, total 39ms
05-16 16:39:36.999 D/dalvikvm(  569): WAIT_FOR_CONCURRENT_GC blocked 0ms
05-16 16:39:37.099 D/dalvikvm(  569): GC_EXPLICIT freed 90K, 31% free 19402K/27719K, paused 4ms+8ms, total 100ms
05-16 16:39:37.129 D/StatusBar.MSimNetworkController(  678): 1:mMSimDataConnected is true mMSimDataActivity is 0
05-16 16:39:37.139 D/dalvikvm(  972): WAIT_FOR_CONCURRENT_GC blocked 0ms
05-16 16:39:37.169 D/dalvikvm(  972): GC_EXPLICIT freed 343K, 8% free 8335K/9031K, paused 2ms+3ms, total 30ms
05-16 16:39:37.509 D/dalvikvm(  569): WAIT_FOR_CONCURRENT_GC blocked 0ms
05-16 16:39:37.619 D/dalvikvm(  569): GC_EXPLICIT freed 90K, 31% free 19402K/27719K, paused 4ms+8ms, total 109ms
05-16 16:39:37.759 D/dalvikvm(  972): GC_CONCURRENT freed 382K, 8% free 8389K/9031K, paused 2ms+15ms, total 34ms
05-16 16:39:37.949 W/PowerManager(  569): accept Wake require,start process. the mTag is:AlarmManager, the mFlags is:1
05-16 16:39:37.949 W/PowerManager(  569): accept Wake release,start process. the mTag is:AlarmManager, the mFlags is:1
05-16 16:39:37.969 D/dalvikvm( 1339): GC_CONCURRENT freed 387K, 20% free 9242K/11527K, paused 13ms+2ms, total 42ms
05-16 16:39:38.019 D/dalvikvm(  569): WAIT_FOR_CONCURRENT_GC blocked 0ms
05-16 16:39:38.119 D/dalvikvm(  569): GC_EXPLICIT freed 93K, 31% free 19402K/27719K, paused 4ms+8ms, total 100ms
05-16 16:39:38.159 D/dalvikvm(  972): WAIT_FOR_CONCURRENT_GC blocked 0ms
05-16 16:39:38.189 D/dalvikvm(  972): GC_EXPLICIT freed 344K, 8% free 8335K/9031K, paused 2ms+5ms, total 31ms
05-16 16:39:38.499 D/dalvikvm(  569): WAIT_FOR_CONCURRENT_GC blocked 0ms
05-16 16:39:38.609 D/dalvikvm(  569): GC_EXPLICIT freed 94K, 31% free 19401K/27719K, paused 4ms+7ms, total 108ms
05-16 16:39:38.729 D/dalvikvm(  972): GC_CONCURRENT freed 382K, 8% free 8390K/9031K, paused 12ms+6ms, total 35ms
05-16 16:39:39.039 D/dalvikvm(  569): WAIT_FOR_CONCURRENT_GC blocked 0ms
05-16 16:39:39.139 D/dalvikvm(  569): GC_EXPLICIT freed 92K, 31% free 19401K/27719K, paused 3ms+8ms, total 100ms
05-16 16:39:39.189 D/dalvikvm(  972): WAIT_FOR_CONCURRENT_GC blocked 0ms
05-16 16:39:39.219 D/dalvikvm(  972): GC_EXPLICIT freed 340K, 8% free 8335K/9031K, paused 3ms+3ms, total 34ms
05-16 16:39:39.279 I/SmsProvider(  778): query url = content://sms/inbox
05-16 16:39:39.539 D/dalvikvm(  569): WAIT_FOR_CONCURRENT_GC blocked 0ms
05-16 16:39:39.629 D/dalvikvm(  569): GC_EXPLICIT freed 97K, 31% free 19402K/27719K, paused 4ms+8ms, total 97ms
05-16 16:39:39.809 D/dalvikvm(  972): GC_CONCURRENT freed 373K, 7% free 8401K/9031K, paused 12ms+4ms, total 36ms
05-16 16:39:40.049 D/dalvikvm(  569): WAIT_FOR_CONCURRENT_GC blocked 0ms
05-16 16:39:40.099 W/PowerManager(  569): accept Wake require,start process. the mTag is:AlarmManager, the mFlags is:1
05-16 16:39:40.109 W/PowerManager( 2973): accept Wake require,start process. the mTag is:sdk.c.a.e.g@42046ac8, the mFlags is:1
05-16 16:39:40.109 W/PowerManager( 2973): accept Wake release,start process. the mTag is:aMessage BackThread, the mFlags is:1
05-16 16:39:40.149 D/dalvikvm(  569): GC_EXPLICIT freed 97K, 30% free 19404K/27719K, paused 4ms+8ms, total 106ms
05-16 16:39:40.159 W/PowerManager(  569): accept Wake release,start process. the mTag is:AlarmManager, the mFlags is:1
05-16 16:39:40.159 W/PowerManager( 2973): accept Wake release,start process. the mTag is:sdk.c.a.e.g@42046ac8, the mFlags is:1
05-16 16:39:40.159 W/PowerManager( 2973): accept Wake require,start process. the mTag is:sdk.c.a.e.g@42046ac8, the mFlags is:1
05-16 16:39:40.159 W/PowerManager( 2973): accept Wake release,start process. the mTag is:sdk.c.a.e.g@42046ac8, the mFlags is:1
05-16 16:39:40.159 W/PowerManager( 2973): accept Wake require,start process. the mTag is:sdk.c.a.e.g@42046ac8, the mFlags is:1
05-16 16:39:40.159 W/PowerManager( 2973): accept Wake release,start process. the mTag is:sdk.c.a.e.g@42046ac8, the mFlags is:1
05-16 16:39:40.159 W/PowerManager( 2973): accept Wake require,start process. the mTag is:sdk.c.a.e.g@42046ac8, the mFlags is:1
05-16 16:39:40.159 W/PowerManager( 2973): accept Wake release,start process. the mTag is:sdk.c.a.e.g@42046ac8, the mFlags is:1
05-16 16:39:40.199 D/dalvikvm(  972): WAIT_FOR_CONCURRENT_GC blocked 0ms
05-16 16:39:40.229 D/dalvikvm(  972): GC_EXPLICIT freed 329K, 8% free 8327K/9031K, paused 2ms+4ms, total 29ms
05-16 16:39:40.549 D/dalvikvm(  569): WAIT_FOR_CONCURRENT_GC blocked 0ms
05-16 16:39:40.649 D/dalvikvm(  569): GC_EXPLICIT freed 95K, 31% free 19403K/27719K, paused 5ms+9ms, total 103ms
05-16 16:39:40.719 W/PowerManager( 2973): accept Wake require,start process. the mTag is:sdk.c.a.e.g@42046ac8, the mFlags is:1
05-16 16:39:40.729 W/PowerManager( 2973): accept Wake release,start process. the mTag is:sdk.c.a.e.g@42046ac8, the mFlags is:1
