05-16 16:40:54.379 W/PowerManager(  569): accept Wake require,start process. the mTag is:AlarmManager, the mFlags is:1
05-16 16:40:54.399 V/AudioPolicyManager7627a(  176): getDeviceForStrategy() from cache strategy 3, device 2
05-16 16:40:54.409 I/NotificationService(  569): enqueueToast pkg=android callback=android.widget.Toast$TN@42cf3668 duration=999
05-16 16:40:54.409 D/NotificationService(  569): Show pkg=android callback=android.widget.Toast$TN@42cf3668
05-16 16:40:54.409 W/NotificationService(  569): Do not shown event banner above keyguardandroid.widget.Toast$TN@42cf3668 in package android
05-16 16:40:54.419 W/PowerManager( 2143): accept Wake require,start process. the mTag is:MicroMsg.WakerLock, the mFlags is:1
05-16 16:40:54.419 W/PowerManager(  678): accept Wake require,start process. the mTag is:RingtonePlayer, the mFlags is:1
05-16 16:40:54.419 W/PowerManager(  569): accept Wake release,start process. the mTag is:AlarmManager, the mFlags is:1
05-16 16:40:54.429 W/PowerManager( 2143): accept Wake require,start process. the mTag is:MicroMsg.WakerLock, the mFlags is:1
05-16 16:40:54.429 D/MediaPlayer(  678): constructor:android.media.MediaPlayer@422b15e0
05-16 16:40:54.429 E/MediaPlayer(  678): Uri is  content://settings/system/notification_sound
05-16 16:40:54.439 D/dalvikvm(  569): WAIT_FOR_CONCURRENT_GC blocked 0ms
05-16 16:40:54.489 E/WVMExtractor(  176): Failed to open libwvm.so
05-16 16:40:54.489 W/QComExtractorFactory(  176): Didn't match the sniff <=== status = 5 
05-16 16:40:54.489 W/QComExtractorFactory(  176): Didn't match the sniff <=== status = 1 
05-16 16:40:54.489 W/QComExtractorFactory(  176): Didn't match the sniff <=== status = 1 
05-16 16:40:54.489 W/QComExtractorFactory(  176): Didn't match the sniff <=== status = 1 
05-16 16:40:54.489 E/MM_OSAL (  176): ValidateAACFile failed
05-16 16:40:54.489 W/QComExtractorFactory(  176): Didn't match the sniff <=== status = 1 
05-16 16:40:54.489 W/QComExtractorFactory(  176): Didn't match the sniff <=== status = 1 
05-16 16:40:54.519 I/AudioService(  569):  AudioFocus  requestAudioFocus() from android.media.AudioManager@41f5bfb8
05-16 16:40:54.529 D/MediaPlayer(  678): start() mUri is content://settings/system/notification_sound
05-16 16:40:54.529 D/BluetoothA2dpService(  569): uri is content://settings/system/notification_soundmUri is null
05-16 16:40:54.529 D/BluetoothA2dpService(  569): Internal audio file data, ignoring
05-16 16:40:54.549 E/OMXNodeInstance(  176): OMX_FreeBuffer for buffer header 0x40222068 successful
05-16 16:40:54.549 E/OMXNodeInstance(  176): OMX_FreeBuffer for buffer header 0x404e9898 successful
05-16 16:40:54.549 E/OMXNodeInstance(  176): OMX_FreeBuffer for buffer header 0x404e40b8 successful
05-16 16:40:54.549 E/OMXNodeInstance(  176): OMX_FreeBuffer for buffer header 0x404e41e0 successful
05-16 16:40:54.549 V/AudioPolicyManager7627a(  176): getDeviceForStrategy() strategy 2, device 2
05-16 16:40:54.549 V/AudioPolicyManager7627a(  176): getDeviceForStrategy() strategy 3, device 2
05-16 16:40:54.549 V/AudioPolicyManagerBase(  176): getOutput() stream 5, samplingRate 0, format 0, channelMask 3, flags 0
05-16 16:40:54.549 V/AudioPolicyManagerBase(  176): getOutput() returns output 2
05-16 16:40:54.549 V/AudioPolicyManager7627a(  176): getDeviceForStrategy() strategy 2, device 2
05-16 16:40:54.549 V/AudioPolicyManager7627a(  176): getDeviceForStrategy() strategy 3, device 2
05-16 16:40:54.549 V/AudioPolicyManagerBase(  176): getOutput() stream 5, samplingRate 0, format 0, channelMask 3, flags 0
05-16 16:40:54.549 V/AudioPolicyManagerBase(  176): getOutput() returns output 2
05-16 16:40:54.549 V/AudioPolicyManager7627a(  176): getDeviceForStrategy() strategy 2, device 2
05-16 16:40:54.549 V/AudioPolicyManager7627a(  176): getDeviceForStrategy() strategy 3, device 2
05-16 16:40:54.549 V/AudioPolicyManagerBase(  176): getOutput() stream 5, samplingRate 48000, format 1, channelMask 3, flags 0
05-16 16:40:54.549 V/AudioPolicyManagerBase(  176): getOutput() returns output 2
05-16 16:40:54.549 E/AudioFlinger(  176): Track constructor name 4097, calling pid 678
05-16 16:40:54.549 V/AudioPolicyManager7627a(  176): getDeviceForStrategy() strategy 2, device 2
05-16 16:40:54.549 V/AudioPolicyManager7627a(  176): getDeviceForStrategy() strategy 3, device 2
05-16 16:40:54.549 V/AudioPolicyManagerBase(  176): getOutput() stream 5, samplingRate 0, format 0, channelMask 3, flags 0
05-16 16:40:54.549 V/AudioPolicyManagerBase(  176): getOutput() returns output 2
05-16 16:40:54.549 E/AudioFlinger(  176): start(4097), calling pid 678 session 10
05-16 16:40:54.549 V/AudioPolicyManager7627a(  176): startOutput() output 2, stream 5, session 10
05-16 16:40:54.549 V/AudioPolicyManagerBase(  176): changeRefCount() stream 5, count 1
05-16 16:40:54.549 V/AudioPolicyManager7627a(  176): getDeviceForStrategy() strategy 2, device 2
05-16 16:40:54.549 V/AudioPolicyManager7627a(  176): getDeviceForStrategy() strategy 3, device 2
05-16 16:40:54.549 V/AudioPolicyManagerBase(  176): getNewDevice() selected device 2
05-16 16:40:54.549 V/AudioPolicyManager7627a(  176): setOutputDevice() output 2 device 0002 delayMs 0
05-16 16:40:54.549 V/AudioPolicyManager7627a(  176): setOutputDevice() prevDevice 0002
05-16 16:40:54.549 V/AudioPolicyManager7627a(  176): getDeviceForStrategy() strategy 0, device 2
05-16 16:40:54.549 V/AudioPolicyManager7627a(  176): getDeviceForStrategy() strategy 1, device 1
05-16 16:40:54.549 V/AudioPolicyManager7627a(  176): getDeviceForStrategy() strategy 2, device 2
05-16 16:40:54.549 V/AudioPolicyManager7627a(  176): getDeviceForStrategy() strategy 2, device 2
05-16 16:40:54.549 V/AudioPolicyManager7627a(  176): getDeviceForStrategy() strategy 3, device 2
05-16 16:40:54.549 V/AudioPolicyManager7627a(  176): getDeviceForStrategy() strategy 0, device 2
05-16 16:40:54.549 V/AudioPolicyManager7627a(  176): getDeviceForStrategy() strategy 4, device 2
05-16 16:40:54.549 V/AudioPolicyManager7627a(  176): getDeviceForStrategy() strategy 5, device 2
05-16 16:40:54.549 V/AudioPolicyManager7627a(  176): getDeviceForStrategy(). STRATEGY_VIDEOCALL. mForceUse[AudioSystem::FOR_COMMUNICATION]:0.
05-16 16:40:54.549 V/AudioPolicyManager7627a(  176): getDeviceForStrategy() strategy 6, device 1
05-16 16:40:54.549 E/AudioPolicyManager7627a(  176): setOutputDevice() Call routing with same device with zero delay 
05-16 16:40:54.549 E/AudioPolicyManager7627a(  176): setOutputDevice() changing device 2
05-16 16:40:54.559 V/AudioPolicyManager7627a(  176): checkAndSetVolume() cannot set stream 6 volume with force use = 0 for comm
05-16 16:40:54.559 W/PowerManager(  678): accept Wake release,start process. the mTag is:RingtonePlayer, the mFlags is:1
05-16 16:40:54.559 D/StatusBar.MSimNetworkController(  678): 1:mMSimDataConnected is true mMSimDataActivity is 3
05-16 16:40:54.639 I/SmsProvider(  778): query url = content://sms/inbox
05-16 16:40:54.639 V/PrelockScreen2(  569): View com.android.internal.widget.TransportControlView@42cc57b8 requested hide transports
05-16 16:40:54.659 D/dalvikvm(  569): GC_EXPLICIT freed 1005K, 30% free 19579K/27719K, paused 5ms+15ms, total 218ms
05-16 16:40:54.689 W/PowerManager( 2143): accept Wake release,start process. the mTag is:MicroMsg.WakerLock, the mFlags is:1
05-16 16:40:54.739 D/dalvikvm( 1432): GC_CONCURRENT freed 338K, 7% free 8849K/9415K, paused 16ms+58ms, total 245ms
05-16 16:40:54.919 W/PowerManager( 2143): accept Wake release,start process. the mTag is:MicroMsg.WakerLock, the mFlags is:1
05-16 16:40:54.939 W/PowerManager( 1432): accept Wake release,start process. the mTag is:com.tencent.pushServiceWakelock, the mFlags is:1
05-16 16:40:55.319 D/dalvikvm( 1432): GC_CONCURRENT freed 408K, 7% free 8889K/9543K, paused 3ms+12ms, total 40ms
05-16 16:40:55.569 E/ThermalDaemon( 1190): CPU[1] offline
05-16 16:40:55.859 W/PowerManager( 2143): accept Wake require,start process. the mTag is:MicroMsg.WakerLock, the mFlags is:1
05-16 16:40:55.889 W/PowerManager( 1861): accept Wake require,start process. the mTag is:MicroMsg.WakerLock, the mFlags is:1
05-16 16:40:56.059 W/PowerManager(  569): accept Wake require,start process. the mTag is:AlarmManager, the mFlags is:1
05-16 16:40:56.059 W/PowerManager(  569): accept Wake release,start process. the mTag is:AlarmManager, the mFlags is:1
05-16 16:40:56.879 W/PowerManager( 2143): accept Wake release,start process. the mTag is:MicroMsg.WakerLock, the mFlags is:1
05-16 16:40:57.519 D/dalvikvm( 1339): GC_CONCURRENT freed 513K, 20% free 9258K/11527K, paused 24ms+3ms, total 70ms
05-16 16:40:57.669 E/ThermalDaemon( 1190): CPU[1] offline
05-16 16:40:58.599 D/StatusBar.MSimNetworkController(  678): 1:mMSimDataConnected is true mMSimDataActivity is 0
05-16 16:40:59.069 W/PowerManager(  569): accept Wake require,start process. the mTag is:AlarmManager, the mFlags is:1
05-16 16:40:59.069 W/PowerManager(  569): accept Wake release,start process. the mTag is:AlarmManager, the mFlags is:1
05-16 16:40:59.629 I/SmsProvider(  778): query url = content://sms/inbox
05-16 16:40:59.859 E/AudioFlinger(  176): stop(4097), calling pid 176
05-16 16:40:59.859 V/AudioPolicyManager7627a(  176): stopOutput() output 2, stream 5, session 10
05-16 16:40:59.859 V/AudioPolicyManagerBase(  176): changeRefCount() stream 5, count 0
05-16 16:40:59.859 V/AudioPolicyManagerBase(  176): getNewDevice() selected device 0
05-16 16:40:59.859 I/AudioService(  569):  AudioFocus  abandonAudioFocus() from android.media.AudioManager@41f5bfb8
05-16 16:40:59.859 V/AudioPolicyManager7627a(  176): setOutputDevice() output 2 device 0000 delayMs 108
05-16 16:40:59.859 V/AudioPolicyManager7627a(  176): setOutputDevice() prevDevice 0002
05-16 16:40:59.859 V/AudioPolicyManager7627a(  176): getDeviceForStrategy() strategy 0, device 2
05-16 16:40:59.859 V/PrelockScreen2(  569): View com.android.internal.widget.TransportControlView@42cc57b8 requested hide transports
05-16 16:40:59.869 V/AudioPolicyManager7627a(  176): getDeviceForStrategy() strategy 1, device 1
05-16 16:40:59.869 V/AudioPolicyManager7627a(  176): getDeviceForStrategy() strategy 2, device 2
05-16 16:40:59.869 V/AudioPolicyManager7627a(  176): getDeviceForStrategy() strategy 2, device 2
05-16 16:40:59.869 V/AudioPolicyManager7627a(  176): getDeviceForStrategy() strategy 3, device 2
05-16 16:40:59.869 V/AudioPolicyManager7627a(  176): getDeviceForStrategy() strategy 0, device 2
05-16 16:40:59.869 V/AudioPolicyManager7627a(  176): getDeviceForStrategy() strategy 4, device 2
05-16 16:40:59.869 V/AudioPolicyManager7627a(  176): getDeviceForStrategy() strategy 5, device 2
05-16 16:40:59.879 V/AudioPolicyManager7627a(  176): getDeviceForStrategy(). STRATEGY_VIDEOCALL. mForceUse[AudioSystem::FOR_COMMUNICATION]:0.
05-16 16:40:59.879 V/AudioPolicyManager7627a(  176): getDeviceForStrategy() strategy 6, device 1
05-16 16:40:59.879 V/AudioPolicyManager7627a(  176): setOutputDevice() setting null device for output 2
05-16 16:40:59.999 W/PowerManager(  569): accept Wake require,start process. the mTag is:AlarmManager, the mFlags is:1
05-16 16:41:00.049 D/PrelockScreen2(  569): BroadcastReceiver: time changed
05-16 16:41:00.059 W/PowerManager(  569): accept Wake release,start process. the mTag is:AlarmManager, the mFlags is:1
05-16 16:41:02.069 W/PowerManager(  569): accept Wake require,start process. the mTag is:AlarmManager, the mFlags is:1
05-16 16:41:02.069 W/PowerManager(  569): accept Wake release,start process. the mTag is:AlarmManager, the mFlags is:1
05-16 16:41:02.639 D/dalvikvm( 1339): GC_CONCURRENT freed 420K, 20% free 9263K/11527K, paused 29ms+2ms, total 53ms
05-16 16:41:03.449 W/PowerManager(  569): accept Wake require,start process. the mTag is:AlarmManager, the mFlags is:1
05-16 16:41:03.469 D/AlarmReceiver( 2277): receiver QQGAMEMI_ALARM_INTENT
05-16 16:41:03.469 D/QMiService( 2315): onStartCommand startId=58
05-16 16:41:03.469 D/QMiService( 2315): alarm
05-16 16:41:03.469 D/QMiService( 2315): configuration changed
05-16 16:41:03.469 D/QMiWindowManager( 2315): updateLayoutConfiguration floatParams:0,0
05-16 16:41:03.479 W/PowerManager(  569): accept Wake release,start process. the mTag is:AlarmManager, the mFlags is:1
05-16 16:41:04.649 I/SmsProvider(  778): query url = content://sms/inbox
05-16 16:41:04.669 W/PowerManager(  569): accept Wake require,start process. the mTag is:keyguard, the mFlags is:268435482
05-16 16:41:04.669 E/SWIPE   (  569): clear()
05-16 16:41:04.669 D/SWIPE   (  569): Check swipe down for x/y: 220.0 / 646.0
05-16 16:41:04.699 D/PrelockScreen2(  569): release()
05-16 16:41:04.709 D/PrelockScreen2(  569): release() recycle == true
05-16 16:41:04.789 D/dalvikvm(  569): GC_FOR_ALLOC freed 760K, 30% free 19528K/27719K, paused 81ms, total 82ms
05-16 16:41:04.889 D/dalvikvm(  569): GC_FOR_ALLOC freed 29K, 25% free 21001K/27719K, paused 76ms, total 76ms
05-16 16:41:04.899 D/SWIPE   (  569): touch up event 390.0 643.0
05-16 16:41:04.899 D/SWIPE   (  569): send replay touch down event
05-16 16:41:04.909 W/PowerManager(  569): accept Wake require,start process. the mTag is:keyguard, the mFlags is:268435482
05-16 16:41:04.909 W/PowerManager(  569): accept Wake require,start process. the mTag is:keyguard, the mFlags is:268435482
05-16 16:41:05.069 W/PowerManager(  569): accept Wake require,start process. the mTag is:AlarmManager, the mFlags is:1
05-16 16:41:05.069 W/PowerManager(  569): accept Wake release,start process. the mTag is:AlarmManager, the mFlags is:1
05-16 16:41:05.519 E/ThermalDaemon( 1190): CPU[1] offline
05-16 16:41:05.659 W/PowerManager(  569): accept Wake require,start process. the mTag is:keyguard, the mFlags is:268435482
05-16 16:41:05.659 E/SWIPE   (  569): clear()
05-16 16:41:05.659 D/SWIPE   (  569): Check swipe down for x/y: 175.0 / 648.0
05-16 16:41:05.689 W/PowerManager(  569): accept Wake require,start process. the mTag is:keyguard, the mFlags is:268435482
05-16 16:41:05.709 W/PowerManager(  569): accept Wake require,start process. the mTag is:keyguard, the mFlags is:268435482
05-16 16:41:05.719 W/PowerManager(  569): accept Wake require,start process. the mTag is:keyguard, the mFlags is:268435482
05-16 16:41:05.739 W/PowerManager(  569): accept Wake require,start process. the mTag is:keyguard, the mFlags is:268435482
05-16 16:41:05.759 W/PowerManager(  569): accept Wake require,start process. the mTag is:keyguard, the mFlags is:268435482
05-16 16:41:05.799 W/PowerManager(  569): accept Wake require,start process. the mTag is:keyguard, the mFlags is:268435482
05-16 16:41:05.839 W/PowerManager(  569): accept Wake require,start process. the mTag is:keyguard, the mFlags is:268435482
05-16 16:41:05.869 D/SWIPE   (  569): touch up event 425.0 638.0
05-16 16:41:05.879 D/SWIPE   (  569): send replay touch down event
05-16 16:41:05.889 W/PowerManager(  569): accept Wake require,start process. the mTag is:keyguard, the mFlags is:268435482
05-16 16:41:05.889 W/PowerManager(  569): accept Wake require,start process. the mTag is:keyguard, the mFlags is:268435482
05-16 16:41:06.039 D/dalvikvm(  569): WAIT_FOR_CONCURRENT_GC blocked 0ms
05-16 16:41:06.159 D/dalvikvm(  569): GC_EXPLICIT freed 1578K, 25% free 20977K/27719K, paused 13ms+7ms, total 118ms
05-16 16:41:06.299 D/PrelockScreen2(  569): swipe right : pos=0
05-16 16:41:06.299 I/Fastlane(  793): updateNotification
05-16 16:41:06.299 I/NotificationLockscreenService(  569): onNotificationClick: pkg=com.tencent.news tag=null id=1121241158
05-16 16:41:06.299 I/NotificationLockscreenService(  569): onRemoveNotification: pkg=com.tencent.news tag=null id=1121241158 not=Notification(pri=0 contentView=com.tencent.news/0x1090090 vibrate=null sound=default defaults=0x1 flags=0x10 kind=[null])
05-16 16:41:06.299 I/NotificationLockscreenService(  569): cancelNotificationLocked: rec=NotificationRecord{42997010 pkg=com.tencent.news id=42d4c846 tag=null score=0}
05-16 16:41:06.299 I/NotificationFastlineService(  569): onRemoveNotification: pkg=com.tencent.news tag=null id=1121241158 not=Notification(pri=0 contentView=com.tencent.news/0x1090090 vibrate=null sound=default defaults=0x1 flags=0x10 kind=[null])
05-16 16:41:06.309 W/PowerManager(  678): accept Wake require,start process. the mTag is:RingtonePlayer, the mFlags is:1
05-16 16:41:06.309 D/prelockscreenModel(  569): ######remove @@@  onNotify==com.tencent.news  num==2130837812 id =1121241158
05-16 16:41:06.309 D/MediaPlayer(  678): stop() mUri is content://settings/system/notification_sound
05-16 16:41:06.309 D/MediaPlayer(  678): release : android.media.MediaPlayer@422b15e0
05-16 16:41:06.309 W/NotificationLockscreenService(  569): ######indexOfNotificationLocked pkg=com.tencent.news id=1121241158
05-16 16:41:06.319 D/BluetoothA2dpService(  569): uri is content://settings/system/notification_soundmUri is null
05-16 16:41:06.319 V/AudioPolicyManagerBase(  176): releaseOutput() 2
05-16 16:41:06.319 E/AudioFlinger(  176): PlaybackThread::Track destructor
05-16 16:41:06.319 E/OMXNodeInstance(  176): OMX_FreeBuffer for buffer header 0x40084ec0 successful
05-16 16:41:06.319 E/OMXNodeInstance(  176): OMX_FreeBuffer for buffer header 0x40efbd98 successful
05-16 16:41:06.319 E/OMXNodeInstance(  176): OMX_FreeBuffer for buffer header 0x400c2f30 successful
05-16 16:41:06.319 E/OMXNodeInstance(  176): OMX_FreeBuffer for buffer header 0x40221f50 successful
05-16 16:41:06.319 E/OMXNodeInstance(  176): OMX_FreeBuffer for buffer header 0x40076e60 successful
05-16 16:41:06.319 E/OMXNodeInstance(  176): OMX_FreeBuffer for buffer header 0x40222038 successful
05-16 16:41:06.319 E/OMXNodeInstance(  176): OMX_FreeBuffer for buffer header 0x404e6f00 successful
05-16 16:41:06.319 E/OMXNodeInstance(  176): OMX_FreeBuffer for buffer header 0x404e9890 successful
05-16 16:41:06.319 D/BluetoothA2dpService(  569): Internal audio file data, ignoring
05-16 16:41:06.319 I/AudioService(  569):  AudioFocus  abandonAudioFocus() from android.media.AudioManager@41f5bfb8
05-16 16:41:06.319 W/PowerManager(  678): accept Wake release,start process. the mTag is:RingtonePlayer, the mFlags is:1
05-16 16:41:06.349 D/dalvikvm(  678): GC_CONCURRENT freed 440K, 22% free 9313K/11847K, paused 5ms+3ms, total 32ms
05-16 16:41:06.389 D/PrelockScreen2(  569): release()
05-16 16:41:06.399 D/PrelockScreen2(  569): release() recycle == true
05-16 16:41:06.399 I/PrelockScreen2(  569): exit prelockscreen2
05-16 16:41:06.409 V/LockPatternKeyguardView(  569): ######force==false
05-16 16:41:06.409 D/prelockscreenModel(  569): ######setLockScreen
05-16 16:41:06.419 D/PrelockScreen2(  569): release()
05-16 16:41:06.419 D/PrelockScreen2(  569): release() recycle == true
05-16 16:41:06.419 I/PrelockScreen2(  569): exit prelockscreen2
05-16 16:41:06.439 D/SWIPE   (  569): setAppScreenRect 480 800
05-16 16:41:06.449 D/PrelockScreen2(  569): removeNotification
05-16 16:41:06.829 D/dalvikvm(  762): GC_CONCURRENT freed 445K, 7% free 9906K/10567K, paused 12ms+2ms, total 44ms
05-16 16:41:06.829 D/dalvikvm(  762): WAIT_FOR_CONCURRENT_GC blocked 13ms
05-16 16:41:06.899 I/WindowManager(  569): Window Window{42a9aaa0 InputMethod paused=false} visible with new config: {1.0 460mcc1mnc zh_CN sw320dp w320dp h509dp nrml long port finger -keyb/v/h -nav/h s.5} / 0x0
05-16 16:41:06.899 I/WindowStateAnimator(  569): createSurface WindowStateAnimator (InputMethod): mSurface null, mAnimation null: mDrawState=DRAW_PENDING
05-16 16:41:06.899 D/SWIPE   (  569): setAppScreenRect 480 800
05-16 16:41:06.899 V/WindowManager(  569): Resize reasons:  contentInsetsChanged=false visibleInsetsChanged=false surfaceResized=true configChanged=false
05-16 16:41:06.899 V/WindowManager(  569): Resizing window Window{42a9aaa0 InputMethod paused=false} to 480.0x384.0
05-16 16:41:06.909 V/WindowManager(  569): Reporting new frame to Window{42a9aaa0 InputMethod paused=false}: Rect(0, 416 - 480, 800)
05-16 16:41:06.909 I/WindowManager(  569): Resizing Window{42a9aaa0 InputMethod paused=false} WITH DRAW PENDING
05-16 16:41:06.919 D/SWIPE   (  569): setAppScreenRect 480 800
05-16 16:41:06.919 V/WindowManager(  569): Resize reasons:  contentInsetsChanged=false visibleInsetsChanged=true surfaceResized=false configChanged=false
05-16 16:41:06.919 V/WindowManager(  569): Resizing window Window{427949c0 Keyguard paused=false} to 480.0x800.0
05-16 16:41:06.919 V/WindowManager(  569): Resize reasons:  contentInsetsChanged=true visibleInsetsChanged=true surfaceResized=false configChanged=false
05-16 16:41:06.919 V/WindowManager(  569): Resizing window Window{42ae2400 com.android.stk/com.android.stk.StkMenuActivity paused=false} to 480.0x800.0
05-16 16:41:06.919 V/WindowManager(  569): Reporting new frame to Window{42ae2400 com.android.stk/com.android.stk.StkMenuActivity paused=false}: Rect(0, 0 - 480, 800)
05-16 16:41:06.919 V/WindowManager(  569): Reporting new frame to Window{427949c0 Keyguard paused=false}: Rect(0, 0 - 480, 800)
05-16 16:41:06.949 W/PowerManager(  569): accept Wake require,start process. the mTag is:AlarmManager, the mFlags is:1
05-16 16:41:06.979 D/SWIPE   (  569): setAppScreenRect 480 800
05-16 16:41:07.109 D/dalvikvm(  762): GC_FOR_ALLOC freed 135K, 6% free 9938K/10567K, paused 71ms, total 72ms
05-16 16:41:07.109 W/PowerManager(  569): accept Wake release,start process. the mTag is:AlarmManager, the mFlags is:1
05-16 16:41:07.179 D/dalvikvm(  762): GC_CONCURRENT freed 1K, 6% free 10544K/11207K, paused 20ms+3ms, total 56ms
05-16 16:41:07.309 V/WindowStateAnimator(  569): finishDrawingLocked: mDrawState=COMMIT_DRAW_PENDING WindowStateAnimator (InputMethod): mSurface Surface(name=InputMethod, identity=19), mAnimation null in Surface(name=InputMethod, identity=19)
05-16 16:41:07.319 D/SWIPE   (  569): setAppScreenRect 480 800
05-16 16:41:07.319 I/WindowManager(  569):   SURFACE SHOW (performShowLocked): Window{42a9aaa0 InputMethod paused=false}
05-16 16:41:07.429 D/dalvikvm(  762): WAIT_FOR_CONCURRENT_GC blocked 0ms
05-16 16:41:07.519 D/dalvikvm(  762): GC_EXPLICIT freed 58K, 6% free 10600K/11207K, paused 24ms+4ms, total 90ms
05-16 16:41:07.769 E/ThermalDaemon( 1190): CPU[1] offline
05-16 16:41:08.079 E/SWIPE   (  569): clear()
05-16 16:41:08.079 D/SWIPE   (  569): Check swipe down for x/y: 396.0 / 523.0
05-16 16:41:08.089 W/PowerManager(  569): accept Wake require,start process. the mTag is:AlarmManager, the mFlags is:1
05-16 16:41:08.089 W/PowerManager(  569): accept Wake release,start process. the mTag is:AlarmManager, the mFlags is:1
05-16 16:41:08.129 I/WindowManager(  569): Window Window{429dba18 PopupWindow:421532a0 paused=false} visible with new config: {1.0 460mcc1mnc zh_CN sw320dp w320dp h509dp nrml long port finger -keyb/v/h -nav/h s.5} / 0x0
05-16 16:41:08.129 I/WindowStateAnimator(  569): createSurface WindowStateAnimator (PopupWindow:421532a0): mSurface null, mAnimation null: mDrawState=DRAW_PENDING
05-16 16:41:08.139 D/SWIPE   (  569): setAppScreenRect 480 800
05-16 16:41:08.139 V/WindowManager(  569): Resize reasons:  contentInsetsChanged=false visibleInsetsChanged=true surfaceResized=true configChanged=false
05-16 16:41:08.139 V/WindowManager(  569): Resizing window Window{429dba18 PopupWindow:421532a0 paused=false} to 90.0x120.0
05-16 16:41:08.149 V/WindowManager(  569): Reporting new frame to Window{429dba18 PopupWindow:421532a0 paused=false}: Rect(360, 369 - 450, 489)
05-16 16:41:08.149 I/WindowManager(  569): Resizing Window{429dba18 PopupWindow:421532a0 paused=false} WITH DRAW PENDING
05-16 16:41:08.169 V/WindowStateAnimator(  569): finishDrawingLocked: mDrawState=COMMIT_DRAW_PENDING WindowStateAnimator (PopupWindow:421532a0): mSurface Surface(name=PopupWindow:421532a0, identity=20), mAnimation null in Surface(name=PopupWindow:421532a0, identity=20)
05-16 16:41:08.169 D/SWIPE   (  569): setAppScreenRect 480 800
05-16 16:41:08.169 I/WindowManager(  569):   SURFACE SHOW (performShowLocked): Window{429dba18 PopupWindow:421532a0 paused=false}
05-16 16:41:08.219 D/SWIPE   (  569): touch up event 396.0 523.0
05-16 16:41:08.219 D/SWIPE   (  569): send replay touch down event
05-16 16:41:08.239 W/PowerManager(  569): accept Wake require,start process. the mTag is:keyguard, the mFlags is:268435482
05-16 16:41:08.349 D/SWIPE   (  569): setAppScreenRect 480 800
05-16 16:41:08.379 E/SWIPE   (  569): clear()
05-16 16:41:08.379 D/SWIPE   (  569): Check swipe down for x/y: 394.0 / 521.0
05-16 16:41:08.379 D/SWIPE   (  569): Cancel swipe because of small time delta: 158
05-16 16:41:08.379 D/SWIPE   (  569): unpauseRotation mRotationCount - 0
05-16 16:41:08.409 I/WindowManager(  569): Window Window{426a0890 PopupWindow:421532a0 paused=false} visible with new config: {1.0 460mcc1mnc zh_CN sw320dp w320dp h509dp nrml long port finger -keyb/v/h -nav/h s.5} / 0x0
05-16 16:41:08.409 I/WindowStateAnimator(  569): createSurface WindowStateAnimator (PopupWindow:421532a0): mSurface null, mAnimation null: mDrawState=DRAW_PENDING
05-16 16:41:08.419 D/SWIPE   (  569): setAppScreenRect 480 800
05-16 16:41:08.419 V/WindowManager(  569): Resize reasons:  contentInsetsChanged=false visibleInsetsChanged=true surfaceResized=true configChanged=false
05-16 16:41:08.419 V/WindowManager(  569): Resizing window Window{426a0890 PopupWindow:421532a0 paused=false} to 90.0x120.0
05-16 16:41:08.429 V/WindowManager(  569): Reporting new frame to Window{426a0890 PopupWindow:421532a0 paused=false}: Rect(360, 369 - 450, 489)
05-16 16:41:08.429 I/WindowManager(  569): Resizing Window{426a0890 PopupWindow:421532a0 paused=false} WITH DRAW PENDING
05-16 16:41:08.439 V/WindowStateAnimator(  569): finishDrawingLocked: mDrawState=COMMIT_DRAW_PENDING WindowStateAnimator (PopupWindow:421532a0): mSurface Surface(name=PopupWindow:421532a0, identity=21), mAnimation null in Surface(name=PopupWindow:421532a0, identity=21)
05-16 16:41:08.439 D/SWIPE   (  569): setAppScreenRect 480 800
05-16 16:41:08.439 I/WindowManager(  569):   SURFACE SHOW (performShowLocked): Window{426a0890 PopupWindow:421532a0 paused=false}
05-16 16:41:08.499 D/SWIPE   (  569): touch up event 394.0 520.0
05-16 16:41:08.499 D/SWIPE   (  569): send replay touch down event
05-16 16:41:08.509 W/PowerManager(  569): accept Wake require,start process. the mTag is:keyguard, the mFlags is:268435482
05-16 16:41:08.619 E/SWIPE   (  569): clear()
05-16 16:41:08.619 D/SWIPE   (  569): Check swipe down for x/y: 396.0 / 516.0
05-16 16:41:08.619 D/SWIPE   (  569): Cancel swipe because of small time delta: 115
05-16 16:41:08.619 D/SWIPE   (  569): unpauseRotation mRotationCount - 0
05-16 16:41:08.719 W/PowerManager(  569): accept Wake require,start process. the mTag is:keyguard, the mFlags is:268435482
05-16 16:41:08.719 D/SWIPE   (  569): touch up event 396.0 516.0
05-16 16:41:08.719 D/SWIPE   (  569): send replay touch down event
05-16 16:41:08.789 E/SWIPE   (  569): clear()
05-16 16:41:08.789 D/SWIPE   (  569): Check swipe down for x/y: 398.0 / 512.0
05-16 16:41:08.789 D/SWIPE   (  569): Cancel swipe because of small time delta: 72
05-16 16:41:08.789 D/SWIPE   (  569): unpauseRotation mRotationCount - 0
05-16 16:41:08.859 D/dalvikvm( 1339): GC_CONCURRENT freed 502K, 20% free 9273K/11527K, paused 17ms+3ms, total 52ms
05-16 16:41:08.859 D/dalvikvm( 1339): WAIT_FOR_CONCURRENT_GC blocked 18ms
05-16 16:41:08.859 D/SWIPE   (  569): touch up event 398.0 512.0
05-16 16:41:08.859 D/SWIPE   (  569): send replay touch down event
05-16 16:41:08.869 D/dalvikvm( 1339): WAIT_FOR_CONCURRENT_GC blocked 23ms
05-16 16:41:08.869 W/PowerManager(  569): accept Wake require,start process. the mTag is:keyguard, the mFlags is:268435482
05-16 16:41:08.929 D/SWIPE   (  569): setAppScreenRect 480 800
05-16 16:41:08.979 D/wpa_supplicant(  720): WPS: Building WPS IE for Probe Request
05-16 16:41:08.979 D/wpa_supplicant(  720): WPS:  * Version (hardcoded 0x10)
05-16 16:41:08.979 D/wpa_supplicant(  720): WPS:  * Request Type
05-16 16:41:08.979 D/wpa_supplicant(  720): WPS:  * Config Methods (4388)
05-16 16:41:08.979 D/wpa_supplicant(  720): WPS:  * UUID-E
05-16 16:41:08.979 D/wpa_supplicant(  720): WPS:  * Primary Device Type
05-16 16:41:08.979 D/wpa_supplicant(  720): WPS:  * RF Bands (1)
05-16 16:41:08.979 D/wpa_supplicant(  720): WPS:  * Association State
05-16 16:41:08.979 D/wpa_supplicant(  720): WPS:  * Configuration Error (0)
05-16 16:41:08.979 D/wpa_supplicant(  720): WPS:  * Device Password ID (0)
05-16 16:41:08.979 D/wpa_supplicant(  720): WPS:  * Manufacturer
05-16 16:41:08.979 D/wpa_supplicant(  720): WPS:  * Model Name
05-16 16:41:08.979 D/wpa_supplicant(  720): WPS:  * Model Number
05-16 16:41:08.979 D/wpa_supplicant(  720): WPS:  * Device Name
05-16 16:41:08.979 D/wpa_supplicant(  720): WPS:  * Version2 (0x20)
05-16 16:41:08.979 D/wpa_supplicant(  720): P2P: * P2P IE header
05-16 16:41:08.979 D/wpa_supplicant(  720): P2P: * Capability dev=23 group=00
05-16 16:41:08.979 D/wpa_supplicant(  720): P2P: * Listen Channel: Regulatory Class 81 Channel 1
05-16 16:41:08.979 D/wpa_supplicant(  720): Scan requested (ret=0) - scan timeout 30 seconds
05-16 16:41:08.979 D/wpa_supplicant(  720): nl80211: Event message available
05-16 16:41:08.979 D/wpa_supplicant(  720): nl80211: Scan trigger
05-16 16:41:09.169 E/ThermalDaemon( 1190): CPU[1] offline
05-16 16:41:09.529 E/SWIPE   (  569): clear()
05-16 16:41:09.529 D/SWIPE   (  569): Check swipe down for x/y: 426.0 / 789.0
05-16 16:41:09.569 D/SWIPE   (  569): touch up event 426.0 789.0
05-16 16:41:09.569 D/SWIPE   (  569): send replay touch down event
05-16 16:41:09.599 I/ActivityManager(  569): START {flg=0x14000000 cmp=com.tencent.news/.ui.PushNewsDetailActivity bnds=[0,593][480,785] (has extras) u=0} from pid -1
05-16 16:41:09.599 V/ActivityManager(  569): Setting Intent of TaskRecord{42a8c9e0 #11 A com.tencent.news U 0} to Intent { flg=0x14000000 cmp=com.tencent.news/.ui.PushNewsDetailActivity (has extras) }
05-16 16:41:09.599 V/ActivityManager(  569): Starting new activity ActivityRecord{42a8bf00 com.tencent.news/.ui.PushNewsDetailActivity} in new task TaskRecord{42a8c9e0 #11 A com.tencent.news U 0}
05-16 16:41:09.789 D/dalvikvm(  569): GC_FOR_ALLOC freed 2660K, 30% free 19542K/27719K, paused 84ms, total 86ms
05-16 16:41:09.839 D/wpa_supplicant(  720): RTM_NEWLINK: operstate=0 ifi_flags=0x1003 ([UP])
05-16 16:41:09.839 D/wpa_supplicant(  720): RTM_NEWLINK, IFLA_IFNAME: Interface 'wlan0' added
05-16 16:41:09.839 D/wpa_supplicant(  720): RTM_NEWLINK: operstate=0 ifi_flags=0x1003 ([UP])
05-16 16:41:09.839 D/wpa_supplicant(  720): RTM_NEWLINK, IFLA_IFNAME: Interface 'wlan0' added
05-16 16:41:09.839 D/wpa_supplicant(  720): nl80211: Event message available
05-16 16:41:09.839 D/wpa_supplicant(  720): nl80211: New scan results available
05-16 16:41:09.839 D/wpa_supplicant(  720): nl80211: Received scan results (3 BSSes)
05-16 16:41:09.839 D/wpa_supplicant(  720): nl80211: Survey data missing
05-16 16:41:09.849 D/StateMachine(  569): handleMessage: E msg.what=147461
05-16 16:41:09.849 W/PowerManager(  569): accept Wake require,start process. the mTag is:ActivityManager-Launch, the mFlags is:1
05-16 16:41:09.849 D/StateMachine(  569): processMsg: DisconnectedState
05-16 16:41:09.859 D/PrelockScreen2(  569): Intent sent
05-16 16:41:09.859 D/WifiStateMachine(  569): DisconnectedState{ what=147461 when=-9ms }
05-16 16:41:09.859 D/StateMachine(  569): processMsg: ConnectModeState
05-16 16:41:09.859 D/WifiStateMachine(  569): ConnectModeState{ what=147461 when=-10ms }
05-16 16:41:09.859 D/wpa_supplicant(  720): wpa_s 0x4052b648 cmd AP_SCAN 1
05-16 16:41:09.859 D/StateMachine(  569): processMsg: DriverStartedState
05-16 16:41:09.859 D/WifiStateMachine(  569): DriverStartedState{ what=147461 when=-10ms }
05-16 16:41:09.879 D/StateMachine(  569): processMsg: SupplicantStartedState
05-16 16:41:09.879 D/dalvikvm(  762): WAIT_FOR_CONCURRENT_GC blocked 0ms
05-16 16:41:09.879 D/WifiStateMachine(  569): SupplicantStartedState{ what=147461 when=-30ms }
05-16 16:41:09.879 D/wpa_supplicant(  720): wpa_s 0x4052b648 cmd SCAN_RESULTS
05-16 16:41:09.879 D/WifiStateMachine(  569): scanResults: bssid / frequency / signal level / flags / ssid
05-16 16:41:09.879 D/WifiStateMachine(  569): 00:16:6d:7a:83:69	2437	-61	[WPA2-PSK-CCMP][ESS]	AP_7260_new
05-16 16:41:09.879 D/WifiStateMachine(  569): fc:92:3b:f8:6c:0d	2412	-93	[WPA-PSK-CCMP][WPA2-PSK-CCMP][WPS][ESS]	Nokia_XL
05-16 16:41:09.879 D/WifiStateMachine(  569): c8:d3:a3:32:ee:de	2462	-84	[ESS]	
05-16 16:41:09.899 W/PowerManager( 1861): accept Wake release,start process. the mTag is:MicroMsg.WakerLock, the mFlags is:1
05-16 16:41:09.899 I/ActivityManager(  569): Start proc com.tencent.news for activity com.tencent.news/.ui.PushNewsDetailActivity: pid=3918 uid=10001 gids={3003, 1015, 1023, 1028}
05-16 16:41:09.909 D/StateMachine(  569): handleMessage: X
05-16 16:41:09.909 D/BYD_Flex(  678): getValue() name = @NOKIAFLEX@wifi2wlan
05-16 16:41:09.909 I/SmsProvider(  778): query url = content://sms/inbox
05-16 16:41:09.909 V/PhoneStatusBar(  678): processWiFiBroadcast action = android.net.wifi.SCAN_RESULTS
05-16 16:41:09.949 D/BYD_Flex(  678): getValue() readFlexFromXml = TypedValue{t=0x1c/d=0xffffffff a=2 r=0x7f02020e}
05-16 16:41:09.969 V/WindowManager(  569): Skipping set freeze of Token{42a8c048 ActivityRecord{42a8bf00 com.tencent.news/.ui.PushNewsDetailActivity}}
05-16 16:41:09.969 V/WindowManager(  569): setAppVisibility(Token{42a8c048 ActivityRecord{42a8bf00 com.tencent.news/.ui.PushNewsDetailActivity}}, visible=true): mNextAppTransition=4104 hidden=true hiddenRequested=true
05-16 16:41:09.969 D/WindowManager(  569): computeScreenConfigurationLocked:mDisplay.getMetricsWithSize(mRealDisplayMetrics, 480, 800)
05-16 16:41:09.969 D/WindowManager(  569): Set app display size: 480x800
05-16 16:41:09.969 D/WindowManager(  569): computeScreenConfigurationLocked:mDisplay.getMetricsWithSize(dm, 480, 800)
05-16 16:41:09.969 D/WindowManager(  569): computeScreenConfigurationLocked:ret:config.orientation=1
05-16 16:41:09.969 V/WindowManager(  569): setAppVisibility(Token{42a57f80 ActivityRecord{42353cf0 com.android.stk/.StkMenuActivity}}, visible=false): mNextAppTransition=4104 hidden=false hiddenRequested=false
05-16 16:41:09.979 V/ActivityManager(  569): ar.task = TaskRecord{42c48738 #6 A com.android.stk U 0} title = SIM pkg = com.android.stk tr.realActivity = ComponentInfo{com.android.stk/com.android.stk.StkMenuActivity} tr.affinity = com.android.stk id=-329656618
05-16 16:41:09.989 V/NotificationManager(  569): com.android.stk: notify(0, Notification(pri=0 contentView=android/0x1090090 vibrate=null sound=null defaults=0x0 flags=0x0 kind=[android.app]))
05-16 16:41:09.989 D/NotificationService(  569): Build unstyled notification with: SmallIcon=0, LargeIcon=android.graphics.Bitmap@42a21320
05-16 16:41:09.989 V/NotificationService(  569): enqueueNotificationInternal: pkg=com.android.stk id=0 notification=Notification(pri=0 contentView=android/0x1090090 vibrate=null sound=null defaults=0x0 flags=0x0 kind=[android.app])
05-16 16:41:09.989 V/NotificationService(  569): notifications are enabled for com.android.stk
05-16 16:41:09.989 V/NotificationService(  569): Assigned score=0 to Notification(pri=0 contentView=android/0x1090090 vibrate=null sound=null defaults=0x0 flags=0x0 kind=[android.app])
05-16 16:41:09.989 V/NotificationService(  569): Ignore recent app notification
05-16 16:41:09.989 I/NotificationFastlineService(  569): onAddNotification: pkg=com.android.stk tag=com.android.stk/ActivityManager id=0 score=0 ra=true not=Notification(pri=0 contentView=android/0x1090090 vibrate=null sound=null defaults=0x0 flags=0x0 kind=[android.app])
05-16 16:41:09.989 D/NotificationFastlineService(  569): isShowNotification ( notification:Notification(pri=0 contentView=android/0x1090090 vibrate=null sound=null defaults=0x0 flags=0x0 kind=[android.app]), pkg:com.android.stk, recentAppNotification:true, show:true
05-16 16:41:09.999 I/NotificationFastlineService(  569): handleSaveNotification: pkg=com.android.stk id=0 tag=com.android.stk/ActivityManager key=332 notification=Notification(pri=0 contentView=android/0x1090090 vibrate=null sound=null defaults=0x0 flags=0x0 kind=[android.app])
05-16 16:41:10.009 E/Trace   ( 3918): error opening trace file: No such file or directory (2)
05-16 16:41:10.029 D/dalvikvm( 3918): WAIT_FOR_CONCURRENT_GC blocked 0ms
05-16 16:41:10.059 D/dalvikvm(  762): GC_EXPLICIT freed 24K, 6% free 10630K/11207K, paused 9ms+3ms, total 180ms
05-16 16:41:10.059 D/SWIPE   (  569): setAppScreenRect 480 800
05-16 16:41:10.059 V/WindowManager(  569): Resize reasons:  contentInsetsChanged=false visibleInsetsChanged=true surfaceResized=false configChanged=false
05-16 16:41:10.059 V/WindowManager(  569): Resizing window Window{427949c0 Keyguard paused=false} to 480.0x800.0
05-16 16:41:10.059 V/WindowManager(  569): Reporting new frame to Window{427949c0 Keyguard paused=false}: Rect(0, 0 - 480, 800)
05-16 16:41:10.079 W/PowerManager(  569): accept Wake require,start process. the mTag is:keyguard, the mFlags is:268435482
05-16 16:41:10.079 V/AudioPolicyManager7627a(  176): getDeviceForStrategy() strategy 0, device 2
05-16 16:41:10.079 V/AudioPolicyManagerBase(  176): getOutput() stream 1, samplingRate 0, format 0, channelMask 3, flags 0
05-16 16:41:10.079 V/AudioPolicyManagerBase(  176): getOutput() returns output 2
05-16 16:41:10.079 V/AudioPolicyManager7627a(  176): getDeviceForStrategy() strategy 0, device 2
05-16 16:41:10.079 V/AudioPolicyManagerBase(  176): getOutput() stream 1, samplingRate 0, format 0, channelMask 3, flags 0
05-16 16:41:10.079 V/AudioPolicyManagerBase(  176): getOutput() returns output 2
05-16 16:41:10.079 V/AudioPolicyManager7627a(  176): getDeviceForStrategy() strategy 0, device 2
05-16 16:41:10.079 V/AudioPolicyManagerBase(  176): getOutput() stream 1, samplingRate 48000, format 1, channelMask 1, flags 4
05-16 16:41:10.079 V/AudioPolicyManagerBase(  176): getOutput() returns output 2
05-16 16:41:10.079 E/AudioFlinger(  176): Track constructor name 4097, calling pid 569
05-16 16:41:10.079 I/Fastlane(  793): updateNotification
05-16 16:41:10.089 E/AudioFlinger(  176): start(4097), calling pid 569 session 11
05-16 16:41:10.089 V/AudioPolicyManager7627a(  176): startOutput() output 2, stream 1, session 11
05-16 16:41:10.089 V/AudioPolicyManagerBase(  176): changeRefCount() stream 1, count 1
05-16 16:41:10.089 V/AudioPolicyManager7627a(  176): getDeviceForStrategy() strategy 0, device 2
05-16 16:41:10.089 V/AudioPolicyManagerBase(  176): getNewDevice() selected device 2
05-16 16:41:10.089 V/AudioPolicyManager7627a(  176): setOutputDevice() output 2 device 0002 delayMs 0
05-16 16:41:10.089 V/AudioPolicyManager7627a(  176): setOutputDevice() prevDevice 0002
05-16 16:41:10.089 V/AudioPolicyManager7627a(  176): getDeviceForStrategy() strategy 0, device 2
05-16 16:41:10.089 V/AudioPolicyManager7627a(  176): getDeviceForStrategy() strategy 1, device 1
05-16 16:41:10.089 V/AudioPolicyManager7627a(  176): getDeviceForStrategy() strategy 2, device 2
05-16 16:41:10.089 V/AudioPolicyManager7627a(  176): getDeviceForStrategy() strategy 2, device 2
05-16 16:41:10.089 V/AudioPolicyManager7627a(  176): getDeviceForStrategy() strategy 3, device 2
05-16 16:41:10.089 V/AudioPolicyManager7627a(  176): getDeviceForStrategy() strategy 0, device 2
05-16 16:41:10.089 V/AudioPolicyManager7627a(  176): getDeviceForStrategy() strategy 4, device 2
05-16 16:41:10.089 V/AudioPolicyManager7627a(  176): getDeviceForStrategy() strategy 5, device 2
05-16 16:41:10.089 V/AudioPolicyManager7627a(  176): getDeviceForStrategy(). STRATEGY_VIDEOCALL. mForceUse[AudioSystem::FOR_COMMUNICATION]:0.
05-16 16:41:10.089 V/AudioPolicyManager7627a(  176): getDeviceForStrategy() strategy 6, device 1
05-16 16:41:10.089 E/AudioPolicyManager7627a(  176): setOutputDevice() Call routing with same device with zero delay 
05-16 16:41:10.089 E/AudioPolicyManager7627a(  176): setOutputDevice() changing device 2
05-16 16:41:10.089 V/AudioPolicyManager7627a(  176): checkAndSetVolume() cannot set stream 6 volume with force use = 0 for comm
05-16 16:41:10.089 W/PowerManager(  569): accept Wake release,start process. the mTag is:keyguard, the mFlags is:268435482
05-16 16:41:10.089 D/PhoneStatusBar(  678): disable: < expand* icons alerts ticker* system_info back home recent* clock >
05-16 16:41:10.109 D/MtpService(  972): addStorageLocked 131073 /storage/sdcard1
05-16 16:41:10.119 D/SWIPE   (  569): setAppScreenRect 480 800
05-16 16:41:10.139 D/MtpService(  972): addStorageLocked 65537 /storage/sdcard0
05-16 16:41:10.209 D/dalvikvm( 3918): GC_CONCURRENT freed 174K, 5% free 8331K/8711K, paused 4ms+6ms, total 39ms
05-16 16:41:10.209 D/dalvikvm( 3918): WAIT_FOR_CONCURRENT_GC blocked 26ms
05-16 16:41:10.229 D/AlarmManager( 1432): RTC_WAKEUP interv = 270000 ms
05-16 16:41:10.389 D/PrelockScreen2(  569): onPause
05-16 16:41:10.409 E/AudioFlinger(  176): stop(4097), calling pid 569
05-16 16:41:10.409 V/AudioPolicyManager7627a(  176): stopOutput() output 2, stream 1, session 11
05-16 16:41:10.409 V/AudioPolicyManagerBase(  176): changeRefCount() stream 1, count 0
05-16 16:41:10.409 V/AudioPolicyManagerBase(  176): getNewDevice() selected device 0
05-16 16:41:10.409 V/AudioPolicyManager7627a(  176): setOutputDevice() output 2 device 0000 delayMs 108
05-16 16:41:10.409 V/AudioPolicyManager7627a(  176): setOutputDevice() prevDevice 0002
05-16 16:41:10.409 V/AudioPolicyManager7627a(  176): getDeviceForStrategy() strategy 0, device 2
05-16 16:41:10.409 V/AudioPolicyManager7627a(  176): getDeviceForStrategy() strategy 1, device 1
05-16 16:41:10.409 V/AudioPolicyManager7627a(  176): getDeviceForStrategy() strategy 2, device 2
05-16 16:41:10.409 V/AudioPolicyManager7627a(  176): getDeviceForStrategy() strategy 2, device 2
05-16 16:41:10.409 V/AudioPolicyManager7627a(  176): getDeviceForStrategy() strategy 3, device 2
05-16 16:41:10.409 V/AudioPolicyManager7627a(  176): getDeviceForStrategy() strategy 0, device 2
05-16 16:41:10.409 V/AudioPolicyManager7627a(  176): getDeviceForStrategy() strategy 4, device 2
05-16 16:41:10.409 V/AudioPolicyManager7627a(  176): getDeviceForStrategy() strategy 5, device 2
05-16 16:41:10.409 V/AudioPolicyManager7627a(  176): getDeviceForStrategy(). STRATEGY_VIDEOCALL. mForceUse[AudioSystem::FOR_COMMUNICATION]:0.
05-16 16:41:10.409 V/AudioPolicyManager7627a(  176): getDeviceForStrategy() strategy 6, device 1
05-16 16:41:10.409 V/AudioPolicyManager7627a(  176): setOutputDevice() setting null device for output 2
05-16 16:41:10.479 D/dalvikvm(  569): GC_CONCURRENT freed 455K, 24% free 21135K/27719K, paused 4ms+11ms, total 289ms
05-16 16:41:10.479 D/dalvikvm(  569): WAIT_FOR_CONCURRENT_GC blocked 40ms
05-16 16:41:10.479 D/dalvikvm(  569): WAIT_FOR_CONCURRENT_GC blocked 64ms
05-16 16:41:10.489 D/dalvikvm(  569): WAIT_FOR_CONCURRENT_GC blocked 74ms
05-16 16:41:10.489 D/dalvikvm(  569): WAIT_FOR_CONCURRENT_GC blocked 80ms
05-16 16:41:10.499 D/PrelockScreen2(  569): release()
05-16 16:41:10.509 D/PrelockScreen2(  569): release() recycle == true
05-16 16:41:10.509 I/PrelockScreen2(  569): exit prelockscreen2
05-16 16:41:10.559 E/GexinMainService( 2973): clientid is ac9cc47ccc3b97b422d9e42902bfe994
05-16 16:41:10.589 D/dalvikvm( 3918): GC_CONCURRENT freed 147K, 5% free 8706K/9095K, paused 2ms+20ms, total 49ms
05-16 16:41:10.589 D/dalvikvm(  174): WAIT_FOR_CONCURRENT_GC blocked 0ms
05-16 16:41:10.599 I/ActivityManager(  569): Start proc jp.naver.line.android for broadcast jp.naver.line.android/.service.push.SystemBroadcastReceiver: pid=3938 uid=10008 gids={1006, 3003, 1015, 1023, 1028, 3002}
05-16 16:41:10.619 D/dalvikvm(  174): GC_EXPLICIT freed 39K, 6% free 8001K/8451K, paused 2ms+3ms, total 34ms
05-16 16:41:10.629 D/dalvikvm(  174): WAIT_FOR_CONCURRENT_GC blocked 0ms
05-16 16:41:10.649 D/dalvikvm(  174): GC_EXPLICIT freed <1K, 6% free 8001K/8451K, paused 3ms+2ms, total 29ms
05-16 16:41:10.649 D/StatusBar.MSimNetworkController(  678): 1:mMSimDataConnected is true mMSimDataActivity is 2
05-16 16:41:10.659 D/dalvikvm(  174): WAIT_FOR_CONCURRENT_GC blocked 0ms
05-16 16:41:10.679 D/dalvikvm(  174): GC_EXPLICIT freed <1K, 6% free 8001K/8451K, paused 3ms+3ms, total 29ms
05-16 16:41:10.699 E/Trace   ( 3938): error opening trace file: No such file or directory (2)
05-16 16:41:10.719 D/dalvikvm( 3938): WAIT_FOR_CONCURRENT_GC blocked 0ms
05-16 16:41:10.749 D/AlarmManager( 1432): RTC_WAKEUP interv = 270000 ms
05-16 16:41:10.759 V/NotificationManager( 3918): com.tencent.news: cancel(123456)
05-16 16:41:10.819 D/BYD_Flex( 3918): getValue() name = @NOKIAFLEX@packageNeedData
05-16 16:41:10.849 D/dalvikvm( 3938): GC_CONCURRENT freed 166K, 5% free 8304K/8711K, paused 13ms+13ms, total 47ms
05-16 16:41:10.869 D/dalvikvm( 3918): GC_CONCURRENT freed 337K, 6% free 8867K/9415K, paused 12ms+12ms, total 50ms
05-16 16:41:10.889 D/BYD_Flex( 3918): getValue() readFlexFromXml = TypedValue{t=0x0/d=0x0}
05-16 16:41:10.899 D/BYD_Flex( 3918): getValue() name = @NOKIAFLEX@setDataUsageReminder
05-16 16:41:10.949 D/BYD_Flex( 3918): getValue() readFlexFromXml = TypedValue{t=0x0/d=0x0}
05-16 16:41:11.019 D/dalvikvm( 3938): GC_CONCURRENT freed 146K, 5% free 8670K/9031K, paused 15ms+3ms, total 44ms
05-16 16:41:11.019 D/dalvikvm( 3938): WAIT_FOR_CONCURRENT_GC blocked 6ms
05-16 16:41:11.079 W/PowerManager(  569): accept Wake require,start process. the mTag is:AlarmManager, the mFlags is:1
05-16 16:41:11.079 W/PowerManager(  569): accept Wake release,start process. the mTag is:AlarmManager, the mFlags is:1
05-16 16:41:11.099 I/ActivityThread( 3938): Pub jp.naver.line.android: jp.naver.line.android.activity.channel.LocalJSProvider
05-16 16:41:11.099 I/ActivityThread( 3938): Pub jp.naver.line.android.LineStore: jp.naver.line.android.cp.LineContentProvider
05-16 16:41:11.259 D/dalvikvm( 3938): GC_CONCURRENT freed 147K, 5% free 8998K/9415K, paused 2ms+2ms, total 44ms
05-16 16:41:11.269 D/dalvikvm( 3918): GC_CONCURRENT freed 410K, 7% free 8986K/9607K, paused 19ms+2ms, total 54ms
05-16 16:41:11.269 D/dalvikvm( 3918): WAIT_FOR_CONCURRENT_GC blocked 19ms
05-16 16:41:11.359 D/dalvikvm( 3938): GC_CONCURRENT freed 151K, 5% free 9312K/9735K, paused 12ms+2ms, total 34ms
05-16 16:41:11.479 D/dalvikvm( 3938): GC_CONCURRENT freed 144K, 4% free 9669K/10055K, paused 12ms+2ms, total 46ms
05-16 16:41:11.479 D/dalvikvm( 3938): WAIT_FOR_CONCURRENT_GC blocked 13ms
05-16 16:41:11.589 D/dalvikvm( 3938): GC_CONCURRENT freed 316K, 6% free 9870K/10439K, paused 12ms+1ms, total 43ms
05-16 16:41:11.589 D/dalvikvm( 3938): WAIT_FOR_CONCURRENT_GC blocked 13ms
05-16 16:41:11.639 D/dalvikvm( 3938): GC_FOR_ALLOC freed 228K, 6% free 9997K/10567K, paused 34ms, total 34ms
05-16 16:41:11.659 D/StatusBar.MSimNetworkController(  678): 1:mMSimDataConnected is true mMSimDataActivity is 3
05-16 16:41:11.689 D/dalvikvm( 3938): GC_FOR_ALLOC freed 126K, 7% free 10125K/10823K, paused 42ms, total 42ms
05-16 16:41:11.749 D/dalvikvm( 3938): GC_CONCURRENT freed 1313K, 14% free 11112K/12871K, paused 12ms+12ms, total 54ms
05-16 16:41:11.749 D/dalvikvm( 3938): WAIT_FOR_CONCURRENT_GC blocked 0ms
05-16 16:41:11.759 W/PowerManager(  569): accept Wake require,start process. the mTag is:AlarmManager, the mFlags is:1
05-16 16:41:11.779 D/dalvikvm( 2277): GC_CONCURRENT freed 391K, 9% free 9185K/9991K, paused 13ms+3ms, total 42ms
05-16 16:41:11.789 D/dalvikvm( 3938): GC_FOR_ALLOC freed 953K, 15% free 11047K/12871K, paused 26ms, total 26ms
05-16 16:41:11.939 D/dalvikvm( 3918): GC_CONCURRENT freed 265K, 6% free 9204K/9735K, paused 2ms+12ms, total 44ms
05-16 16:41:11.989 D/dalvikvm( 3938): GC_CONCURRENT freed 658K, 12% free 11407K/12871K, paused 12ms+3ms, total 70ms
05-16 16:41:11.989 D/dalvikvm( 3938): WAIT_FOR_CONCURRENT_GC blocked 19ms
05-16 16:41:11.999 D/webcoreglue( 3918): netstack: Memory Cache feature is ON
05-16 16:41:12.059 D/dalvikvm( 3918): GC_FOR_ALLOC freed 91K, 6% free 9431K/9927K, paused 31ms, total 31ms
05-16 16:41:12.219 D/dalvikvm( 3918): GC_FOR_ALLOC freed 13K, 5% free 9611K/10055K, paused 23ms, total 23ms
05-16 16:41:12.279 D/dalvikvm( 3938): GC_CONCURRENT freed 240K, 5% free 12305K/12871K, paused 17ms+3ms, total 81ms
05-16 16:41:12.279 D/dalvikvm( 3938): WAIT_FOR_CONCURRENT_GC blocked 16ms
05-16 16:41:12.469 D/dalvikvm( 3918): GC_CONCURRENT freed 243K, 5% free 9926K/10375K, paused 12ms+3ms, total 47ms
05-16 16:41:12.469 D/dalvikvm( 3918): WAIT_FOR_CONCURRENT_GC blocked 4ms
05-16 16:41:12.479 D/dalvikvm( 3918): WAIT_FOR_CONCURRENT_GC blocked 14ms
05-16 16:41:12.479 D/dalvikvm( 3918): WAIT_FOR_CONCURRENT_GC blocked 21ms
05-16 16:41:12.489 D/dalvikvm( 3918): WAIT_FOR_CONCURRENT_GC blocked 27ms
05-16 16:41:12.539 I/WindowManager(  569): Window Window{42b413f0 com.tencent.news/com.tencent.news.ui.PushNewsDetailActivity paused=false} visible with new config: {1.0 460mcc1mnc zh_CN sw320dp w320dp h509dp nrml long port finger -keyb/v/h -nav/h s.5} / 0x0
05-16 16:41:12.539 I/WindowStateAnimator(  569): createSurface WindowStateAnimator (com.tencent.news/com.tencent.news.ui.PushNewsDetailActivity): mSurface null, mAnimation null: mDrawState=DRAW_PENDING
05-16 16:41:12.539 D/SWIPE   (  569): setAppScreenRect 480 800
05-16 16:41:12.539 V/WindowManager(  569): Eval win Window{42b413f0 com.tencent.news/com.tencent.news.ui.PushNewsDetailActivity paused=false}: isDrawn=false, isAnimating=true
05-16 16:41:12.539 V/WindowManager(  569): Not displayed: s=Surface(name=com.tencent.news/com.tencent.news.ui.PushNewsDetailActivity, identity=23) pv=true mDrawState=1 ah=false th=false a=false
